<?xml version="1.0" encoding="ISO-8859-1" ?>
<link_info>
   <banner>TMS320C2000 Linker PC v18.1.1.LTS</banner>
   <copyright>Copyright (c) 1996-2017 Texas Instruments Incorporated</copyright>
   <link_time>0x5cff7a20</link_time>
   <link_errors>0x0</link_errors>
   <output_file>BirdFlight_V3.0.4.out</output_file>
   <entry_point>
      <name>_c_int00</name>
      <address>0x8a7a9</address>
   </entry_point>
   <input_file_list>
      <input_file id="fl-2">
         <path>.\</path>
         <kind>object</kind>
         <file>Bird_main.obj</file>
         <name>Bird_main.obj</name>
      </input_file>
      <input_file id="fl-3">
         <path>.\AlgorithmLibrary\</path>
         <kind>object</kind>
         <file>Calibrate.obj</file>
         <name>Calibrate.obj</name>
      </input_file>
      <input_file id="fl-4">
         <path>.\AlgorithmLibrary\</path>
         <kind>object</kind>
         <file>MahonyAHRS.obj</file>
         <name>MahonyAHRS.obj</name>
      </input_file>
      <input_file id="fl-5">
         <path>.\AlgorithmLibrary\</path>
         <kind>object</kind>
         <file>PositionEstimation.obj</file>
         <name>PositionEstimation.obj</name>
      </input_file>
      <input_file id="fl-6">
         <path>.\AlgorithmLibrary\</path>
         <kind>object</kind>
         <file>SimpleDigitalFiltering.obj</file>
         <name>SimpleDigitalFiltering.obj</name>
      </input_file>
      <input_file id="fl-7">
         <path>.\Control\</path>
         <kind>object</kind>
         <file>Attitude_control.obj</file>
         <name>Attitude_control.obj</name>
      </input_file>
      <input_file id="fl-8">
         <path>.\Control\</path>
         <kind>object</kind>
         <file>PID_Control.obj</file>
         <name>PID_Control.obj</name>
      </input_file>
      <input_file id="fl-9">
         <path>.\Control\</path>
         <kind>object</kind>
         <file>Position_control.obj</file>
         <name>Position_control.obj</name>
      </input_file>
      <input_file id="fl-a">
         <path>.\Driver\source\</path>
         <kind>object</kind>
         <file>F2837xD_Adc.obj</file>
         <name>F2837xD_Adc.obj</name>
      </input_file>
      <input_file id="fl-b">
         <path>.\Driver\source\</path>
         <kind>object</kind>
         <file>F2837xD_CodeStartBranch.obj</file>
         <name>F2837xD_CodeStartBranch.obj</name>
      </input_file>
      <input_file id="fl-c">
         <path>.\Driver\source\</path>
         <kind>object</kind>
         <file>F2837xD_CpuTimers.obj</file>
         <name>F2837xD_CpuTimers.obj</name>
      </input_file>
      <input_file id="fl-d">
         <path>.\Driver\source\</path>
         <kind>object</kind>
         <file>F2837xD_DefaultISR.obj</file>
         <name>F2837xD_DefaultISR.obj</name>
      </input_file>
      <input_file id="fl-e">
         <path>.\Driver\source\</path>
         <kind>object</kind>
         <file>F2837xD_ECap.obj</file>
         <name>F2837xD_ECap.obj</name>
      </input_file>
      <input_file id="fl-f">
         <path>.\Driver\source\</path>
         <kind>object</kind>
         <file>F2837xD_EPwm.obj</file>
         <name>F2837xD_EPwm.obj</name>
      </input_file>
      <input_file id="fl-10">
         <path>.\Driver\source\</path>
         <kind>object</kind>
         <file>F2837xD_GlobalVariableDefs.obj</file>
         <name>F2837xD_GlobalVariableDefs.obj</name>
      </input_file>
      <input_file id="fl-11">
         <path>.\Driver\source\</path>
         <kind>object</kind>
         <file>F2837xD_Gpio.obj</file>
         <name>F2837xD_Gpio.obj</name>
      </input_file>
      <input_file id="fl-12">
         <path>.\Driver\source\</path>
         <kind>object</kind>
         <file>F2837xD_PieCtrl.obj</file>
         <name>F2837xD_PieCtrl.obj</name>
      </input_file>
      <input_file id="fl-13">
         <path>.\Driver\source\</path>
         <kind>object</kind>
         <file>F2837xD_PieVect.obj</file>
         <name>F2837xD_PieVect.obj</name>
      </input_file>
      <input_file id="fl-14">
         <path>.\Driver\source\</path>
         <kind>object</kind>
         <file>F2837xD_Spi.obj</file>
         <name>F2837xD_Spi.obj</name>
      </input_file>
      <input_file id="fl-15">
         <path>.\Driver\source\</path>
         <kind>object</kind>
         <file>F2837xD_SysCtrl.obj</file>
         <name>F2837xD_SysCtrl.obj</name>
      </input_file>
      <input_file id="fl-16">
         <path>.\Driver\source\</path>
         <kind>object</kind>
         <file>F2837xD_usDelay.obj</file>
         <name>F2837xD_usDelay.obj</name>
      </input_file>
      <input_file id="fl-17">
         <path>.\FLASH_API\</path>
         <kind>object</kind>
         <file>Fapi_UserDefinedFunctions.obj</file>
         <name>Fapi_UserDefinedFunctions.obj</name>
      </input_file>
      <input_file id="fl-18">
         <path>.\FLASH_API\</path>
         <kind>object</kind>
         <file>FlashAPI.obj</file>
         <name>FlashAPI.obj</name>
      </input_file>
      <input_file id="fl-19">
         <path>.\HardWare\</path>
         <kind>object</kind>
         <file>C28x_BSP.obj</file>
         <name>C28x_BSP.obj</name>
      </input_file>
      <input_file id="fl-1a">
         <path>.\HardWare\</path>
         <kind>object</kind>
         <file>C28x_CPU.obj</file>
         <name>C28x_CPU.obj</name>
      </input_file>
      <input_file id="fl-1b">
         <path>.\Parameter\</path>
         <kind>object</kind>
         <file>DataToPC.obj</file>
         <name>DataToPC.obj</name>
      </input_file>
      <input_file id="fl-1c">
         <path>.\Parameter\</path>
         <kind>object</kind>
         <file>ProcessPCData.obj</file>
         <name>ProcessPCData.obj</name>
      </input_file>
      <input_file id="fl-1d">
         <path>.\Parameter\</path>
         <kind>object</kind>
         <file>ProcessVisionData.obj</file>
         <name>ProcessVisionData.obj</name>
      </input_file>
      <input_file id="fl-1e">
         <path>.\Sensor\</path>
         <kind>object</kind>
         <file>ADC_Battery.obj</file>
         <name>ADC_Battery.obj</name>
      </input_file>
      <input_file id="fl-1f">
         <path>.\Sensor\</path>
         <kind>object</kind>
         <file>AHRS_Hardware.obj</file>
         <name>AHRS_Hardware.obj</name>
      </input_file>
      <input_file id="fl-20">
         <path>.\Sensor\</path>
         <kind>object</kind>
         <file>Bluetooth.obj</file>
         <name>Bluetooth.obj</name>
      </input_file>
      <input_file id="fl-21">
         <path>.\Sensor\</path>
         <kind>object</kind>
         <file>I2C.obj</file>
         <name>I2C.obj</name>
      </input_file>
      <input_file id="fl-22">
         <path>.\Sensor\</path>
         <kind>object</kind>
         <file>LSM303D.obj</file>
         <name>LSM303D.obj</name>
      </input_file>
      <input_file id="fl-23">
         <path>.\Sensor\</path>
         <kind>object</kind>
         <file>MPU6500.obj</file>
         <name>MPU6500.obj</name>
      </input_file>
      <input_file id="fl-24">
         <path>.\Sensor\</path>
         <kind>object</kind>
         <file>MS5611.obj</file>
         <name>MS5611.obj</name>
      </input_file>
      <input_file id="fl-25">
         <path>.\uC-CPU\C28x\CCS\</path>
         <kind>object</kind>
         <file>cpu_a.obj</file>
         <name>cpu_a.obj</name>
      </input_file>
      <input_file id="fl-26">
         <path>.\uC-CPU\C28x\CCS\</path>
         <kind>object</kind>
         <file>cpu_c.obj</file>
         <name>cpu_c.obj</name>
      </input_file>
      <input_file id="fl-27">
         <path>.\uC-CPU\</path>
         <kind>object</kind>
         <file>cpu_core.obj</file>
         <name>cpu_core.obj</name>
      </input_file>
      <input_file id="fl-28">
         <path>.\uC-LIB\</path>
         <kind>object</kind>
         <file>lib_ascii.obj</file>
         <name>lib_ascii.obj</name>
      </input_file>
      <input_file id="fl-29">
         <path>.\uC-LIB\</path>
         <kind>object</kind>
         <file>lib_math.obj</file>
         <name>lib_math.obj</name>
      </input_file>
      <input_file id="fl-2a">
         <path>.\uC-LIB\</path>
         <kind>object</kind>
         <file>lib_mem.obj</file>
         <name>lib_mem.obj</name>
      </input_file>
      <input_file id="fl-2b">
         <path>.\uC-LIB\</path>
         <kind>object</kind>
         <file>lib_str.obj</file>
         <name>lib_str.obj</name>
      </input_file>
      <input_file id="fl-2c">
         <path>.\uCOS-II\Ports\C28x\Generic\CCS\</path>
         <kind>object</kind>
         <file>os_cpu_a.obj</file>
         <name>os_cpu_a.obj</name>
      </input_file>
      <input_file id="fl-2d">
         <path>.\uCOS-II\Ports\C28x\Generic\CCS\</path>
         <kind>object</kind>
         <file>os_cpu_c.obj</file>
         <name>os_cpu_c.obj</name>
      </input_file>
      <input_file id="fl-2e">
         <path>.\uCOS-II\Ports\C28x\Generic\CCS\</path>
         <kind>object</kind>
         <file>os_cpu_i.obj</file>
         <name>os_cpu_i.obj</name>
      </input_file>
      <input_file id="fl-2f">
         <path>.\uCOS-II\Ports\C28x\Generic\CCS\</path>
         <kind>object</kind>
         <file>os_dbg.obj</file>
         <name>os_dbg.obj</name>
      </input_file>
      <input_file id="fl-30">
         <path>.\uCOS-II\Source\</path>
         <kind>object</kind>
         <file>os_core.obj</file>
         <name>os_core.obj</name>
      </input_file>
      <input_file id="fl-31">
         <path>.\uCOS-II\Source\</path>
         <kind>object</kind>
         <file>os_flag.obj</file>
         <name>os_flag.obj</name>
      </input_file>
      <input_file id="fl-32">
         <path>.\uCOS-II\Source\</path>
         <kind>object</kind>
         <file>os_mbox.obj</file>
         <name>os_mbox.obj</name>
      </input_file>
      <input_file id="fl-33">
         <path>.\uCOS-II\Source\</path>
         <kind>object</kind>
         <file>os_mem.obj</file>
         <name>os_mem.obj</name>
      </input_file>
      <input_file id="fl-34">
         <path>.\uCOS-II\Source\</path>
         <kind>object</kind>
         <file>os_mutex.obj</file>
         <name>os_mutex.obj</name>
      </input_file>
      <input_file id="fl-35">
         <path>.\uCOS-II\Source\</path>
         <kind>object</kind>
         <file>os_q.obj</file>
         <name>os_q.obj</name>
      </input_file>
      <input_file id="fl-36">
         <path>.\uCOS-II\Source\</path>
         <kind>object</kind>
         <file>os_sem.obj</file>
         <name>os_sem.obj</name>
      </input_file>
      <input_file id="fl-37">
         <path>.\uCOS-II\Source\</path>
         <kind>object</kind>
         <file>os_task.obj</file>
         <name>os_task.obj</name>
      </input_file>
      <input_file id="fl-38">
         <path>.\uCOS-II\Source\</path>
         <kind>object</kind>
         <file>os_time.obj</file>
         <name>os_time.obj</name>
      </input_file>
      <input_file id="fl-39">
         <path>.\uCOS-II\Source\</path>
         <kind>object</kind>
         <file>os_tmr.obj</file>
         <name>os_tmr.obj</name>
      </input_file>
      <input_file id="fl-3f">
         <kind>object</kind>
         <file>&lt;internal&gt;</file>
         <name>&lt;internal&gt;</name>
      </input_file>
      <input_file id="fl-40">
         <path>..\FLASH_API\src\</path>
         <kind>archive</kind>
         <file>F021_API_F2837xD_FPU32.lib</file>
         <name>Async.obj</name>
      </input_file>
      <input_file id="fl-41">
         <path>..\FLASH_API\src\</path>
         <kind>archive</kind>
         <file>F021_API_F2837xD_FPU32.lib</file>
         <name>Read.obj</name>
      </input_file>
      <input_file id="fl-42">
         <path>..\FLASH_API\src\</path>
         <kind>archive</kind>
         <file>F021_API_F2837xD_FPU32.lib</file>
         <name>BlankCheck.obj</name>
      </input_file>
      <input_file id="fl-43">
         <path>..\FLASH_API\src\</path>
         <kind>archive</kind>
         <file>F021_API_F2837xD_FPU32.lib</file>
         <name>Utilities.obj</name>
      </input_file>
      <input_file id="fl-44">
         <path>..\FLASH_API\src\</path>
         <kind>archive</kind>
         <file>F021_API_F2837xD_FPU32.lib</file>
         <name>Init.obj</name>
      </input_file>
      <input_file id="fl-45">
         <path>..\FLASH_API\src\</path>
         <kind>archive</kind>
         <file>F021_API_F2837xD_FPU32.lib</file>
         <name>FlashStateMachine.obj</name>
      </input_file>
      <input_file id="fl-46">
         <path>..\FLASH_API\src\</path>
         <kind>archive</kind>
         <file>F021_API_F2837xD_FPU32.lib</file>
         <name>Program.obj</name>
      </input_file>
      <input_file id="fl-47">
         <path>..\FLASH_API\src\</path>
         <kind>archive</kind>
         <file>F021_API_F2837xD_FPU32.lib</file>
         <name>FlashStateMachine.obj</name>
      </input_file>
      <input_file id="fl-53">
         <path>D:\ti\ccsv8\tools\compiler\ti-cgt-c2000_18.1.1.LTS\lib\</path>
         <kind>archive</kind>
         <file>rts2800_fpu32.lib</file>
         <name>e_asinf.c.obj</name>
      </input_file>
      <input_file id="fl-54">
         <path>D:\ti\ccsv8\tools\compiler\ti-cgt-c2000_18.1.1.LTS\lib\</path>
         <kind>archive</kind>
         <file>rts2800_fpu32.lib</file>
         <name>e_atan2f.c.obj</name>
      </input_file>
      <input_file id="fl-55">
         <path>D:\ti\ccsv8\tools\compiler\ti-cgt-c2000_18.1.1.LTS\lib\</path>
         <kind>archive</kind>
         <file>rts2800_fpu32.lib</file>
         <name>e_powf.c.obj</name>
      </input_file>
      <input_file id="fl-56">
         <path>D:\ti\ccsv8\tools\compiler\ti-cgt-c2000_18.1.1.LTS\lib\</path>
         <kind>archive</kind>
         <file>rts2800_fpu32.lib</file>
         <name>e_sqrtf.c.obj</name>
      </input_file>
      <input_file id="fl-57">
         <path>D:\ti\ccsv8\tools\compiler\ti-cgt-c2000_18.1.1.LTS\lib\</path>
         <kind>archive</kind>
         <file>rts2800_fpu32.lib</file>
         <name>s_atanf.c.obj</name>
      </input_file>
      <input_file id="fl-58">
         <path>D:\ti\ccsv8\tools\compiler\ti-cgt-c2000_18.1.1.LTS\lib\</path>
         <kind>archive</kind>
         <file>rts2800_fpu32.lib</file>
         <name>s_cosf.c.obj</name>
      </input_file>
      <input_file id="fl-59">
         <path>D:\ti\ccsv8\tools\compiler\ti-cgt-c2000_18.1.1.LTS\lib\</path>
         <kind>archive</kind>
         <file>rts2800_fpu32.lib</file>
         <name>s_scalbnf.c.obj</name>
      </input_file>
      <input_file id="fl-5a">
         <path>D:\ti\ccsv8\tools\compiler\ti-cgt-c2000_18.1.1.LTS\lib\</path>
         <kind>archive</kind>
         <file>rts2800_fpu32.lib</file>
         <name>s_tanf.c.obj</name>
      </input_file>
      <input_file id="fl-5b">
         <path>D:\ti\ccsv8\tools\compiler\ti-cgt-c2000_18.1.1.LTS\lib\</path>
         <kind>archive</kind>
         <file>rts2800_fpu32.lib</file>
         <name>boot28.asm.obj</name>
      </input_file>
      <input_file id="fl-5c">
         <path>D:\ti\ccsv8\tools\compiler\ti-cgt-c2000_18.1.1.LTS\lib\</path>
         <kind>archive</kind>
         <file>rts2800_fpu32.lib</file>
         <name>fd_add28.asm.obj</name>
      </input_file>
      <input_file id="fl-5d">
         <path>D:\ti\ccsv8\tools\compiler\ti-cgt-c2000_18.1.1.LTS\lib\</path>
         <kind>archive</kind>
         <file>rts2800_fpu32.lib</file>
         <name>fd_mpy28.asm.obj</name>
      </input_file>
      <input_file id="fl-5e">
         <path>D:\ti\ccsv8\tools\compiler\ti-cgt-c2000_18.1.1.LTS\lib\</path>
         <kind>archive</kind>
         <file>rts2800_fpu32.lib</file>
         <name>fd_sub28.asm.obj</name>
      </input_file>
      <input_file id="fl-5f">
         <path>D:\ti\ccsv8\tools\compiler\ti-cgt-c2000_18.1.1.LTS\lib\</path>
         <kind>archive</kind>
         <file>rts2800_fpu32.lib</file>
         <name>fs_div28.asm.obj</name>
      </input_file>
      <input_file id="fl-60">
         <path>D:\ti\ccsv8\tools\compiler\ti-cgt-c2000_18.1.1.LTS\lib\</path>
         <kind>archive</kind>
         <file>rts2800_fpu32.lib</file>
         <name>ll_cmp28.asm.obj</name>
      </input_file>
      <input_file id="fl-61">
         <path>D:\ti\ccsv8\tools\compiler\ti-cgt-c2000_18.1.1.LTS\lib\</path>
         <kind>archive</kind>
         <file>rts2800_fpu32.lib</file>
         <name>ll_mpy28.asm.obj</name>
      </input_file>
      <input_file id="fl-62">
         <path>D:\ti\ccsv8\tools\compiler\ti-cgt-c2000_18.1.1.LTS\lib\</path>
         <kind>archive</kind>
         <file>rts2800_fpu32.lib</file>
         <name>i_div28.asm.obj</name>
      </input_file>
      <input_file id="fl-63">
         <path>D:\ti\ccsv8\tools\compiler\ti-cgt-c2000_18.1.1.LTS\lib\</path>
         <kind>archive</kind>
         <file>rts2800_fpu32.lib</file>
         <name>u_div28.asm.obj</name>
      </input_file>
      <input_file id="fl-64">
         <path>D:\ti\ccsv8\tools\compiler\ti-cgt-c2000_18.1.1.LTS\lib\</path>
         <kind>archive</kind>
         <file>rts2800_fpu32.lib</file>
         <name>l_div28.asm.obj</name>
      </input_file>
      <input_file id="fl-65">
         <path>D:\ti\ccsv8\tools\compiler\ti-cgt-c2000_18.1.1.LTS\lib\</path>
         <kind>archive</kind>
         <file>rts2800_fpu32.lib</file>
         <name>fs_tofdfpu32.asm.obj</name>
      </input_file>
      <input_file id="fl-66">
         <path>D:\ti\ccsv8\tools\compiler\ti-cgt-c2000_18.1.1.LTS\lib\</path>
         <kind>archive</kind>
         <file>rts2800_fpu32.lib</file>
         <name>fd_tofsfpu32.asm.obj</name>
      </input_file>
      <input_file id="fl-67">
         <path>D:\ti\ccsv8\tools\compiler\ti-cgt-c2000_18.1.1.LTS\lib\</path>
         <kind>archive</kind>
         <file>rts2800_fpu32.lib</file>
         <name>ll_tofsfpu32.asm.obj</name>
      </input_file>
      <input_file id="fl-68">
         <path>D:\ti\ccsv8\tools\compiler\ti-cgt-c2000_18.1.1.LTS\lib\</path>
         <kind>archive</kind>
         <file>rts2800_fpu32.lib</file>
         <name>cpy_tbl.c.obj</name>
      </input_file>
      <input_file id="fl-69">
         <path>D:\ti\ccsv8\tools\compiler\ti-cgt-c2000_18.1.1.LTS\lib\</path>
         <kind>archive</kind>
         <file>rts2800_fpu32.lib</file>
         <name>memcpy.c.obj</name>
      </input_file>
      <input_file id="fl-6a">
         <path>D:\ti\ccsv8\tools\compiler\ti-cgt-c2000_18.1.1.LTS\lib\</path>
         <kind>archive</kind>
         <file>rts2800_fpu32.lib</file>
         <name>pre_init.c.obj</name>
      </input_file>
      <input_file id="fl-6b">
         <path>D:\ti\ccsv8\tools\compiler\ti-cgt-c2000_18.1.1.LTS\lib\</path>
         <kind>archive</kind>
         <file>rts2800_fpu32.lib</file>
         <name>startup.c.obj</name>
      </input_file>
      <input_file id="fl-6c">
         <path>D:\ti\ccsv8\tools\compiler\ti-cgt-c2000_18.1.1.LTS\lib\</path>
         <kind>archive</kind>
         <file>rts2800_fpu32.lib</file>
         <name>errno.c.obj</name>
      </input_file>
      <input_file id="fl-6d">
         <path>D:\ti\ccsv8\tools\compiler\ti-cgt-c2000_18.1.1.LTS\lib\</path>
         <kind>archive</kind>
         <file>rts2800_fpu32.lib</file>
         <name>exit.c.obj</name>
      </input_file>
      <input_file id="fl-6e">
         <path>D:\ti\ccsv8\tools\compiler\ti-cgt-c2000_18.1.1.LTS\lib\</path>
         <kind>archive</kind>
         <file>rts2800_fpu32.lib</file>
         <name>_lock.c.obj</name>
      </input_file>
      <input_file id="fl-6f">
         <path>D:\ti\ccsv8\tools\compiler\ti-cgt-c2000_18.1.1.LTS\lib\</path>
         <kind>archive</kind>
         <file>rts2800_fpu32.lib</file>
         <name>args_main.c.obj</name>
      </input_file>
      <input_file id="fl-70">
         <path>D:\ti\ccsv8\tools\compiler\ti-cgt-c2000_18.1.1.LTS\lib\</path>
         <kind>archive</kind>
         <file>rts2800_fpu32.lib</file>
         <name>s_copysignf.c.obj</name>
      </input_file>
      <input_file id="fl-71">
         <path>D:\ti\ccsv8\tools\compiler\ti-cgt-c2000_18.1.1.LTS\lib\</path>
         <kind>archive</kind>
         <file>rts2800_fpu32.lib</file>
         <name>e_sqrt.c.obj</name>
      </input_file>
      <input_file id="fl-72">
         <path>D:\ti\ccsv8\tools\compiler\ti-cgt-c2000_18.1.1.LTS\lib\</path>
         <kind>archive</kind>
         <file>rts2800_fpu32.lib</file>
         <name>fd_cmp28.asm.obj</name>
      </input_file>
   </input_file_list>
   <object_component_list>
      <object_component id="oc-96">
         <name>.cinit</name>
         <load_address>0x82000</load_address>
         <run_address>0x82000</run_address>
         <size>0xbf</size>
         <input_file_ref idref="fl-5"/>
      </object_component>
      <object_component id="oc-194">
         <name>.cinit</name>
         <load_address>0x820bf</load_address>
         <run_address>0x820bf</run_address>
         <size>0x3f</size>
         <input_file_ref idref="fl-22"/>
      </object_component>
      <object_component id="oc-1a2">
         <name>.cinit</name>
         <load_address>0x820fe</load_address>
         <run_address>0x820fe</run_address>
         <size>0x33</size>
         <input_file_ref idref="fl-24"/>
      </object_component>
      <object_component id="oc-8f">
         <name>.cinit</name>
         <load_address>0x82131</load_address>
         <run_address>0x82131</run_address>
         <size>0x2d</size>
         <input_file_ref idref="fl-4"/>
      </object_component>
      <object_component id="oc-176">
         <name>.cinit</name>
         <load_address>0x8215e</load_address>
         <run_address>0x8215e</run_address>
         <size>0x20</size>
         <input_file_ref idref="fl-1c"/>
      </object_component>
      <object_component id="oc-2c0">
         <name>.cinit</name>
         <load_address>0x8217e</load_address>
         <run_address>0x8217e</run_address>
         <size>0xe</size>
         <input_file_ref idref="fl-6d"/>
      </object_component>
      <object_component id="oc-af">
         <name>.cinit</name>
         <load_address>0x8218c</load_address>
         <run_address>0x8218c</run_address>
         <size>0xd</size>
         <input_file_ref idref="fl-9"/>
      </object_component>
      <object_component id="oc-19b">
         <name>.cinit</name>
         <load_address>0x82199</load_address>
         <run_address>0x82199</run_address>
         <size>0xc</size>
         <input_file_ref idref="fl-23"/>
      </object_component>
      <object_component id="oc-a3">
         <name>.cinit</name>
         <load_address>0x821a5</load_address>
         <run_address>0x821a5</run_address>
         <size>0x9</size>
         <input_file_ref idref="fl-7"/>
      </object_component>
      <object_component id="oc-2eb">
         <name>.cinit:__lock</name>
         <load_address>0x821ae</load_address>
         <run_address>0x821ae</run_address>
         <size>0x5</size>
         <input_file_ref idref="fl-6e"/>
      </object_component>
      <object_component id="oc-301">
         <name>.cinit:__unlock</name>
         <load_address>0x821b3</load_address>
         <run_address>0x821b3</run_address>
         <size>0x5</size>
         <input_file_ref idref="fl-6e"/>
      </object_component>
      <object_component id="oc-162">
         <name>.cinit</name>
         <load_address>0x821b8</load_address>
         <run_address>0x821b8</run_address>
         <size>0x4</size>
         <input_file_ref idref="fl-19"/>
      </object_component>
      <object_component id="oc-16f">
         <name>.cinit</name>
         <load_address>0x821bc</load_address>
         <run_address>0x821bc</run_address>
         <size>0x4</size>
         <input_file_ref idref="fl-1b"/>
      </object_component>
      <object_component id="oc-2bc">
         <name>.cinit</name>
         <load_address>0x821c0</load_address>
         <run_address>0x821c0</run_address>
         <size>0x4</size>
         <input_file_ref idref="fl-6c"/>
      </object_component>
      <object_component id="oc-2f6">
         <name>.text</name>
         <load_address>0x821c8</load_address>
         <run_address>0x821c8</run_address>
         <size>0x948</size>
         <input_file_ref idref="fl-5"/>
      </object_component>
      <object_component id="oc-2e5">
         <name>.text</name>
         <load_address>0x82b10</load_address>
         <run_address>0x82b10</run_address>
         <size>0x79e</size>
         <input_file_ref idref="fl-30"/>
      </object_component>
      <object_component id="oc-2fd">
         <name>.text</name>
         <load_address>0x832ae</load_address>
         <run_address>0x832ae</run_address>
         <size>0x6e4</size>
         <input_file_ref idref="fl-1c"/>
      </object_component>
      <object_component id="oc-2f2">
         <name>.text</name>
         <load_address>0x83992</load_address>
         <run_address>0x83992</run_address>
         <size>0x5c0</size>
         <input_file_ref idref="fl-37"/>
      </object_component>
      <object_component id="oc-328">
         <name>.text:_Fapi_doMarginRead</name>
         <load_address>0x83f52</load_address>
         <run_address>0x83f52</run_address>
         <size>0xad</size>
         <input_file_ref idref="fl-41"/>
      </object_component>
      <object_component id="oc-2e2">
         <name>.text</name>
         <load_address>0x83fff</load_address>
         <run_address>0x83fff</run_address>
         <size>0x1</size>
         <input_file_ref idref="fl-6b"/>
      </object_component>
      <object_component id="oc-310">
         <name>.text</name>
         <load_address>0x84000</load_address>
         <run_address>0x84000</run_address>
         <size>0x5bc</size>
         <input_file_ref idref="fl-4"/>
      </object_component>
      <object_component id="oc-2f8">
         <name>.text</name>
         <load_address>0x845bc</load_address>
         <run_address>0x845bc</run_address>
         <size>0x586</size>
         <input_file_ref idref="fl-7"/>
      </object_component>
      <object_component id="oc-c6">
         <name>.text:retain</name>
         <load_address>0x84b42</load_address>
         <run_address>0x84b42</run_address>
         <size>0x57b</size>
         <input_file_ref idref="fl-d"/>
      </object_component>
      <object_component id="oc-2f9">
         <name>.text</name>
         <load_address>0x850bd</load_address>
         <run_address>0x850bd</run_address>
         <size>0x56d</size>
         <input_file_ref idref="fl-9"/>
      </object_component>
      <object_component id="oc-2ec">
         <name>.text</name>
         <load_address>0x8562a</load_address>
         <run_address>0x8562a</run_address>
         <size>0x4f4</size>
         <input_file_ref idref="fl-31"/>
      </object_component>
      <object_component id="oc-2f7">
         <name>.text</name>
         <load_address>0x85b1e</load_address>
         <run_address>0x85b1e</run_address>
         <size>0x4c3</size>
         <input_file_ref idref="fl-18"/>
      </object_component>
      <object_component id="oc-2ff">
         <name>.text</name>
         <load_address>0x85fe1</load_address>
         <run_address>0x85fe1</run_address>
         <size>0x1f</size>
         <input_file_ref idref="fl-1e"/>
      </object_component>
      <object_component id="oc-2e9">
         <name>.text</name>
         <load_address>0x8618c</load_address>
         <run_address>0x8618c</run_address>
         <size>0x497</size>
         <input_file_ref idref="fl-2"/>
      </object_component>
      <object_component id="oc-302">
         <name>.text</name>
         <load_address>0x86623</load_address>
         <run_address>0x86623</run_address>
         <size>0x493</size>
         <input_file_ref idref="fl-15"/>
      </object_component>
      <object_component id="oc-2fe">
         <name>.text</name>
         <load_address>0x86ab6</load_address>
         <run_address>0x86ab6</run_address>
         <size>0x43e</size>
         <input_file_ref idref="fl-1b"/>
      </object_component>
      <object_component id="oc-2fb">
         <name>.text</name>
         <load_address>0x86ef4</load_address>
         <run_address>0x86ef4</run_address>
         <size>0x431</size>
         <input_file_ref idref="fl-1d"/>
      </object_component>
      <object_component id="oc-2f5">
         <name>.text</name>
         <load_address>0x87325</load_address>
         <run_address>0x87325</run_address>
         <size>0x41e</size>
         <input_file_ref idref="fl-1f"/>
      </object_component>
      <object_component id="oc-2ee">
         <name>.text</name>
         <load_address>0x87743</load_address>
         <run_address>0x87743</run_address>
         <size>0x3fa</size>
         <input_file_ref idref="fl-35"/>
      </object_component>
      <object_component id="oc-31b">
         <name>.text</name>
         <load_address>0x87b3d</load_address>
         <run_address>0x87b3d</run_address>
         <size>0x3ca</size>
         <input_file_ref idref="fl-3"/>
      </object_component>
      <object_component id="oc-30d">
         <name>.text</name>
         <load_address>0x87f07</load_address>
         <run_address>0x87f07</run_address>
         <size>0xf1</size>
         <input_file_ref idref="fl-53"/>
      </object_component>
      <object_component id="oc-327">
         <name>.text:_Fapi_getFsmStatus</name>
         <load_address>0x87ff8</load_address>
         <run_address>0x87ff8</run_address>
         <size>0x6</size>
         <input_file_ref idref="fl-45"/>
      </object_component>
      <object_component id="oc-2e0">
         <name>.text</name>
         <load_address>0x87ffe</load_address>
         <run_address>0x87ffe</run_address>
         <size>0x2</size>
         <input_file_ref idref="fl-6a"/>
      </object_component>
      <object_component id="oc-31a">
         <name>.text</name>
         <load_address>0x88000</load_address>
         <run_address>0x88000</run_address>
         <size>0x380</size>
         <input_file_ref idref="fl-55"/>
      </object_component>
      <object_component id="oc-2fc">
         <name>.text</name>
         <load_address>0x88380</load_address>
         <run_address>0x88380</run_address>
         <size>0x2a1</size>
         <input_file_ref idref="fl-24"/>
      </object_component>
      <object_component id="oc-335">
         <name>.text:__Fapi_setupFlashStateMachine</name>
         <load_address>0x88621</load_address>
         <run_address>0x88621</run_address>
         <size>0x259</size>
         <input_file_ref idref="fl-45"/>
      </object_component>
      <object_component id="oc-303">
         <name>.text</name>
         <load_address>0x8887a</load_address>
         <run_address>0x8887a</run_address>
         <size>0x244</size>
         <input_file_ref idref="fl-11"/>
      </object_component>
      <object_component id="oc-2f4">
         <name>.text</name>
         <load_address>0x88abe</load_address>
         <run_address>0x88abe</run_address>
         <size>0x231</size>
         <input_file_ref idref="fl-19"/>
      </object_component>
      <object_component id="oc-2e6">
         <name>.text</name>
         <load_address>0x88cef</load_address>
         <run_address>0x88cef</run_address>
         <size>0x220</size>
         <input_file_ref idref="fl-36"/>
      </object_component>
      <object_component id="oc-2fa">
         <name>.text</name>
         <load_address>0x88f0f</load_address>
         <run_address>0x88f0f</run_address>
         <size>0x20d</size>
         <input_file_ref idref="fl-6"/>
      </object_component>
      <object_component id="oc-30e">
         <name>.text</name>
         <load_address>0x8911c</load_address>
         <run_address>0x8911c</run_address>
         <size>0x1ff</size>
         <input_file_ref idref="fl-22"/>
      </object_component>
      <object_component id="oc-317">
         <name>.text</name>
         <load_address>0x8931b</load_address>
         <run_address>0x8931b</run_address>
         <size>0x1f1</size>
         <input_file_ref idref="fl-8"/>
      </object_component>
      <object_component id="oc-326">
         <name>.text:_Fapi_issueProgrammingCommand</name>
         <load_address>0x8950c</load_address>
         <run_address>0x8950c</run_address>
         <size>0x19d</size>
         <input_file_ref idref="fl-46"/>
      </object_component>
      <object_component id="oc-2ed">
         <name>.text</name>
         <load_address>0x896a9</load_address>
         <run_address>0x896a9</run_address>
         <size>0x194</size>
         <input_file_ref idref="fl-33"/>
      </object_component>
      <object_component id="oc-306">
         <name>.text</name>
         <load_address>0x8983d</load_address>
         <run_address>0x8983d</run_address>
         <size>0x15b</size>
         <input_file_ref idref="fl-21"/>
      </object_component>
      <object_component id="oc-2e7">
         <name>.text</name>
         <load_address>0x89998</load_address>
         <run_address>0x89998</run_address>
         <size>0x13f</size>
         <input_file_ref idref="fl-2d"/>
      </object_component>
      <object_component id="oc-30f">
         <name>.text</name>
         <load_address>0x89ad7</load_address>
         <run_address>0x89ad7</run_address>
         <size>0x10e</size>
         <input_file_ref idref="fl-23"/>
      </object_component>
      <object_component id="oc-2f0">
         <name>.text</name>
         <load_address>0x89be5</load_address>
         <run_address>0x89be5</run_address>
         <size>0x10d</size>
         <input_file_ref idref="fl-38"/>
      </object_component>
      <object_component id="oc-309">
         <name>.text</name>
         <load_address>0x89cf2</load_address>
         <run_address>0x89cf2</run_address>
         <size>0xfd</size>
         <input_file_ref idref="fl-f"/>
      </object_component>
      <object_component id="oc-164">
         <name>.text:retain</name>
         <load_address>0x89def</load_address>
         <run_address>0x89def</run_address>
         <size>0xec</size>
         <input_file_ref idref="fl-19"/>
      </object_component>
      <object_component id="oc-30b">
         <name>.text</name>
         <load_address>0x89edb</load_address>
         <run_address>0x89edb</run_address>
         <size>0xd9</size>
         <input_file_ref idref="fl-a"/>
      </object_component>
      <object_component id="oc-311">
         <name>.text</name>
         <load_address>0x89fb4</load_address>
         <run_address>0x89fb4</run_address>
         <size>0xd4</size>
         <input_file_ref idref="fl-54"/>
      </object_component>
      <object_component id="oc-320">
         <name>.text</name>
         <load_address>0x8a088</load_address>
         <run_address>0x8a088</run_address>
         <size>0xcb</size>
         <input_file_ref idref="fl-57"/>
      </object_component>
      <object_component id="oc-1cf">
         <name>.text</name>
         <load_address>0x8a153</load_address>
         <run_address>0x8a153</run_address>
         <size>0xa4</size>
         <input_file_ref idref="fl-2c"/>
      </object_component>
      <object_component id="oc-26b">
         <name>.text</name>
         <load_address>0x8a1f7</load_address>
         <run_address>0x8a1f7</run_address>
         <size>0x9c</size>
         <input_file_ref idref="fl-5c"/>
      </object_component>
      <object_component id="oc-31e">
         <name>.text</name>
         <load_address>0x8a294</load_address>
         <run_address>0x8a294</run_address>
         <size>0x91</size>
         <input_file_ref idref="fl-71"/>
      </object_component>
      <object_component id="oc-2ef">
         <name>.text</name>
         <load_address>0x8a325</load_address>
         <run_address>0x8a325</run_address>
         <size>0x8d</size>
         <input_file_ref idref="fl-2f"/>
      </object_component>
      <object_component id="oc-339">
         <name>.text:__Fapi_loopRegionForValue</name>
         <load_address>0x8a3b2</load_address>
         <run_address>0x8a3b2</run_address>
         <size>0x88</size>
         <input_file_ref idref="fl-41"/>
      </object_component>
      <object_component id="oc-27a">
         <name>.text</name>
         <load_address>0x8a43a</load_address>
         <run_address>0x8a43a</run_address>
         <size>0x88</size>
         <input_file_ref idref="fl-5f"/>
      </object_component>
      <object_component id="oc-270">
         <name>.text</name>
         <load_address>0x8a4c2</load_address>
         <run_address>0x8a4c2</run_address>
         <size>0x83</size>
         <input_file_ref idref="fl-5d"/>
      </object_component>
      <object_component id="oc-307">
         <name>.text</name>
         <load_address>0x8a545</load_address>
         <run_address>0x8a545</run_address>
         <size>0x7c</size>
         <input_file_ref idref="fl-c"/>
      </object_component>
      <object_component id="oc-30a">
         <name>.text</name>
         <load_address>0x8a5c1</load_address>
         <run_address>0x8a5c1</run_address>
         <size>0x72</size>
         <input_file_ref idref="fl-e"/>
      </object_component>
      <object_component id="oc-318">
         <name>.text</name>
         <load_address>0x8a633</load_address>
         <run_address>0x8a633</run_address>
         <size>0x61</size>
         <input_file_ref idref="fl-58"/>
      </object_component>
      <object_component id="oc-319">
         <name>.text</name>
         <load_address>0x8a694</load_address>
         <run_address>0x8a694</run_address>
         <size>0x61</size>
         <input_file_ref idref="fl-5a"/>
      </object_component>
      <object_component id="oc-308">
         <name>.text</name>
         <load_address>0x8a6f5</load_address>
         <run_address>0x8a6f5</run_address>
         <size>0x5d</size>
         <input_file_ref idref="fl-14"/>
      </object_component>
      <object_component id="oc-32c">
         <name>.text</name>
         <load_address>0x8a752</load_address>
         <run_address>0x8a752</run_address>
         <size>0x57</size>
         <input_file_ref idref="fl-59"/>
      </object_component>
      <object_component id="oc-82">
         <name>.text</name>
         <load_address>0x8a7a9</load_address>
         <run_address>0x8a7a9</run_address>
         <size>0x56</size>
         <input_file_ref idref="fl-5b"/>
      </object_component>
      <object_component id="oc-325">
         <name>.text:_Fapi_doBlankCheck</name>
         <load_address>0x8a7ff</load_address>
         <run_address>0x8a7ff</run_address>
         <size>0x42</size>
         <input_file_ref idref="fl-42"/>
      </object_component>
      <object_component id="oc-321">
         <name>.text:_Fapi_initializeAPI</name>
         <load_address>0x8a841</load_address>
         <run_address>0x8a841</run_address>
         <size>0x34</size>
         <input_file_ref idref="fl-44"/>
      </object_component>
      <object_component id="oc-341">
         <name>.text:_Fapi_calculateFletcherChecksum</name>
         <load_address>0x8a875</load_address>
         <run_address>0x8a875</run_address>
         <size>0x2e</size>
         <input_file_ref idref="fl-43"/>
      </object_component>
      <object_component id="oc-336">
         <name>.text:__Fapi_issueFsmCommand</name>
         <load_address>0x8a8a3</load_address>
         <run_address>0x8a8a3</run_address>
         <size>0x2d</size>
         <input_file_ref idref="fl-45"/>
      </object_component>
      <object_component id="oc-33d">
         <name>.text:__Fapi_divideUnsignedLong</name>
         <load_address>0x8a8d0</load_address>
         <run_address>0x8a8d0</run_address>
         <size>0x2c</size>
         <input_file_ref idref="fl-43"/>
      </object_component>
      <object_component id="oc-2db">
         <name>.text</name>
         <load_address>0x8a8fc</load_address>
         <run_address>0x8a8fc</run_address>
         <size>0x2a</size>
         <input_file_ref idref="fl-72"/>
      </object_component>
      <object_component id="oc-293">
         <name>.text</name>
         <load_address>0x8a926</load_address>
         <run_address>0x8a926</run_address>
         <size>0x2a</size>
         <input_file_ref idref="fl-64"/>
      </object_component>
      <object_component id="oc-2e4">
         <name>.text</name>
         <load_address>0x8a950</load_address>
         <run_address>0x8a950</run_address>
         <size>0x29</size>
         <input_file_ref idref="fl-6d"/>
      </object_component>
      <object_component id="oc-304">
         <name>.text</name>
         <load_address>0x8a979</load_address>
         <run_address>0x8a979</run_address>
         <size>0x28</size>
         <input_file_ref idref="fl-12"/>
      </object_component>
      <object_component id="oc-305">
         <name>.text</name>
         <load_address>0x8a9a1</load_address>
         <run_address>0x8a9a1</run_address>
         <size>0x26</size>
         <input_file_ref idref="fl-13"/>
      </object_component>
      <object_component id="oc-31f">
         <name>.text</name>
         <load_address>0x8a9c8</load_address>
         <run_address>0x8a9c8</run_address>
         <size>0x26</size>
         <input_file_ref idref="fl-56"/>
      </object_component>
      <object_component id="oc-322">
         <name>.text:_Fapi_setActiveFlashBank</name>
         <load_address>0x8a9ee</load_address>
         <run_address>0x8a9ee</run_address>
         <size>0x25</size>
         <input_file_ref idref="fl-45"/>
      </object_component>
      <object_component id="oc-2e1">
         <name>.text</name>
         <load_address>0x8aa13</load_address>
         <run_address>0x8aa13</run_address>
         <size>0x24</size>
         <input_file_ref idref="fl-68"/>
      </object_component>
      <object_component id="oc-29d">
         <name>.text</name>
         <load_address>0x8aa37</load_address>
         <run_address>0x8aa37</run_address>
         <size>0x23</size>
         <input_file_ref idref="fl-66"/>
      </object_component>
      <object_component id="oc-33a">
         <name>.text:_Fapi_isAddressEcc</name>
         <load_address>0x8aa5a</load_address>
         <run_address>0x8aa5a</run_address>
         <size>0x22</size>
         <input_file_ref idref="fl-47"/>
      </object_component>
      <object_component id="oc-337">
         <name>.text:__Fapi_setupSectorsForWrite</name>
         <load_address>0x8aa7c</load_address>
         <run_address>0x8aa7c</run_address>
         <size>0x22</size>
         <input_file_ref idref="fl-45"/>
      </object_component>
      <object_component id="oc-289">
         <name>.text</name>
         <load_address>0x8aa9e</load_address>
         <run_address>0x8aa9e</run_address>
         <size>0x22</size>
         <input_file_ref idref="fl-62"/>
      </object_component>
      <object_component id="oc-323">
         <name>.text:_Fapi_issueAsyncCommandWithAddress</name>
         <load_address>0x8aac0</load_address>
         <run_address>0x8aac0</run_address>
         <size>0x20</size>
         <input_file_ref idref="fl-40"/>
      </object_component>
      <object_component id="oc-2a2">
         <name>.text</name>
         <load_address>0x8aae0</load_address>
         <run_address>0x8aae0</run_address>
         <size>0x20</size>
         <input_file_ref idref="fl-67"/>
      </object_component>
      <object_component id="oc-1a8">
         <name>.text</name>
         <load_address>0x8ab00</load_address>
         <run_address>0x8ab00</run_address>
         <size>0x1f</size>
         <input_file_ref idref="fl-25"/>
      </object_component>
      <object_component id="oc-27f">
         <name>.text</name>
         <load_address>0x8ab1f</load_address>
         <run_address>0x8ab1f</run_address>
         <size>0x1e</size>
         <input_file_ref idref="fl-60"/>
      </object_component>
      <object_component id="oc-2e8">
         <name>.text</name>
         <load_address>0x8ab3d</load_address>
         <run_address>0x8ab3d</run_address>
         <size>0x1e</size>
         <input_file_ref idref="fl-69"/>
      </object_component>
      <object_component id="oc-298">
         <name>.text</name>
         <load_address>0x8ab5b</load_address>
         <run_address>0x8ab5b</run_address>
         <size>0x1c</size>
         <input_file_ref idref="fl-65"/>
      </object_component>
      <object_component id="oc-340">
         <name>.text:_Fapi_waitDelay</name>
         <load_address>0x8ab77</load_address>
         <run_address>0x8ab77</run_address>
         <size>0x1a</size>
         <input_file_ref idref="fl-43"/>
      </object_component>
      <object_component id="oc-2e3">
         <name>.text</name>
         <load_address>0x8ab91</load_address>
         <run_address>0x8ab91</run_address>
         <size>0x19</size>
         <input_file_ref idref="fl-6f"/>
      </object_component>
      <object_component id="oc-338">
         <name>.text:_Fapi_flushPipeline</name>
         <load_address>0x8abaa</load_address>
         <run_address>0x8abaa</run_address>
         <size>0x16</size>
         <input_file_ref idref="fl-41"/>
      </object_component>
      <object_component id="oc-284">
         <name>.text</name>
         <load_address>0x8abc0</load_address>
         <run_address>0x8abc0</run_address>
         <size>0x14</size>
         <input_file_ref idref="fl-61"/>
      </object_component>
      <object_component id="oc-2f3">
         <name>.text</name>
         <load_address>0x8abd4</load_address>
         <run_address>0x8abd4</run_address>
         <size>0x12</size>
         <input_file_ref idref="fl-1a"/>
      </object_component>
      <object_component id="oc-33c">
         <name>.text</name>
         <load_address>0x8abe6</load_address>
         <run_address>0x8abe6</run_address>
         <size>0x11</size>
         <input_file_ref idref="fl-70"/>
      </object_component>
      <object_component id="oc-275">
         <name>.text</name>
         <load_address>0x8abf7</load_address>
         <run_address>0x8abf7</run_address>
         <size>0xe</size>
         <input_file_ref idref="fl-5e"/>
      </object_component>
      <object_component id="oc-33f">
         <name>.text:__Fapi_scaleCycleValues</name>
         <load_address>0x8ac05</load_address>
         <run_address>0x8ac05</run_address>
         <size>0xd</size>
         <input_file_ref idref="fl-43"/>
      </object_component>
      <object_component id="oc-33e">
         <name>.text:__Fapi_calculateOtpChecksum</name>
         <load_address>0x8ac12</load_address>
         <run_address>0x8ac12</run_address>
         <size>0xb</size>
         <input_file_ref idref="fl-43"/>
      </object_component>
      <object_component id="oc-28e">
         <name>.text</name>
         <load_address>0x8ac1d</load_address>
         <run_address>0x8ac1d</run_address>
         <size>0xb</size>
         <input_file_ref idref="fl-63"/>
      </object_component>
      <object_component id="oc-324">
         <name>.text:_Fapi_checkFsmForReady</name>
         <load_address>0x8ac28</load_address>
         <run_address>0x8ac28</run_address>
         <size>0xa</size>
         <input_file_ref idref="fl-47"/>
      </object_component>
      <object_component id="oc-300">
         <name>.text</name>
         <load_address>0x8ac32</load_address>
         <run_address>0x8ac32</run_address>
         <size>0x9</size>
         <input_file_ref idref="fl-6e"/>
      </object_component>
      <object_component id="oc-151">
         <name>.text</name>
         <load_address>0x8ac3b</load_address>
         <run_address>0x8ac3b</run_address>
         <size>0x4</size>
         <input_file_ref idref="fl-16"/>
      </object_component>
      <object_component id="oc-ba">
         <name>codestart</name>
         <load_address>0x80000</load_address>
         <run_address>0x80000</run_address>
         <size>0x2</size>
         <input_file_ref idref="fl-b"/>
      </object_component>
      <object_component id="oc-265">
         <name>.stack</name>
         <uninitialized>true</uninitialized>
         <run_address>0x400</run_address>
         <size>0x0</size>
         <input_file_ref idref="fl-5b"/>
      </object_component>
      <object_component id="oc-3c9">
         <name>.stack</name>
         <uninitialized>true</uninitialized>
         <run_address>0x400</run_address>
         <size>0x0</size>
      </object_component>
      <object_component id="oc-84">
         <name>.ebss</name>
         <uninitialized>true</uninitialized>
         <run_address>0xc000</run_address>
         <size>0x1c00</size>
         <input_file_ref idref="fl-2"/>
      </object_component>
      <object_component id="oc-90">
         <name>.ebss</name>
         <uninitialized>true</uninitialized>
         <run_address>0xf668</run_address>
         <size>0x12</size>
         <input_file_ref idref="fl-4"/>
      </object_component>
      <object_component id="oc-97">
         <name>.ebss</name>
         <uninitialized>true</uninitialized>
         <run_address>0xf740</run_address>
         <size>0x88</size>
         <input_file_ref idref="fl-5"/>
      </object_component>
      <object_component id="oc-9d">
         <name>.ebss</name>
         <uninitialized>true</uninitialized>
         <run_address>0xf4c0</run_address>
         <size>0xe4</size>
         <input_file_ref idref="fl-6"/>
      </object_component>
      <object_component id="oc-a4">
         <name>.ebss</name>
         <uninitialized>true</uninitialized>
         <run_address>0xf5b8</run_address>
         <size>0x4</size>
         <input_file_ref idref="fl-7"/>
      </object_component>
      <object_component id="oc-b0">
         <name>.ebss</name>
         <uninitialized>true</uninitialized>
         <run_address>0xf67a</run_address>
         <size>0x4</size>
         <input_file_ref idref="fl-9"/>
      </object_component>
      <object_component id="oc-c0">
         <name>.ebss</name>
         <uninitialized>true</uninitialized>
         <run_address>0xf4a0</run_address>
         <size>0x18</size>
         <input_file_ref idref="fl-c"/>
      </object_component>
      <object_component id="oc-15c">
         <name>.ebss</name>
         <uninitialized>true</uninitialized>
         <run_address>0xf680</run_address>
         <size>0x9e</size>
         <input_file_ref idref="fl-18"/>
      </object_component>
      <object_component id="oc-163">
         <name>.ebss</name>
         <uninitialized>true</uninitialized>
         <run_address>0xf5a4</run_address>
         <size>0x14</size>
         <input_file_ref idref="fl-19"/>
      </object_component>
      <object_component id="oc-170">
         <name>.ebss</name>
         <uninitialized>true</uninitialized>
         <run_address>0xf5bc</run_address>
         <size>0x4</size>
         <input_file_ref idref="fl-1b"/>
      </object_component>
      <object_component id="oc-177">
         <name>.ebss</name>
         <uninitialized>true</uninitialized>
         <run_address>0xf980</run_address>
         <size>0x3e</size>
         <input_file_ref idref="fl-1c"/>
      </object_component>
      <object_component id="oc-187">
         <name>.ebss</name>
         <uninitialized>true</uninitialized>
         <run_address>0xf940</run_address>
         <size>0x40</size>
         <input_file_ref idref="fl-1f"/>
      </object_component>
      <object_component id="oc-195">
         <name>.ebss</name>
         <uninitialized>true</uninitialized>
         <run_address>0xf8c0</run_address>
         <size>0x7c</size>
         <input_file_ref idref="fl-22"/>
      </object_component>
      <object_component id="oc-19c">
         <name>.ebss</name>
         <uninitialized>true</uninitialized>
         <run_address>0xf800</run_address>
         <size>0x86</size>
         <input_file_ref idref="fl-23"/>
      </object_component>
      <object_component id="oc-1a3">
         <name>.ebss</name>
         <uninitialized>true</uninitialized>
         <run_address>0xf5c0</run_address>
         <size>0xa8</size>
         <input_file_ref idref="fl-24"/>
      </object_component>
      <object_component id="oc-1be">
         <name>.ebss</name>
         <uninitialized>true</uninitialized>
         <run_address>0xf72a</run_address>
         <size>0x2</size>
         <input_file_ref idref="fl-29"/>
      </object_component>
      <object_component id="oc-1c4">
         <name>.ebss</name>
         <uninitialized>true</uninitialized>
         <run_address>0xdc00</run_address>
         <size>0x1040</size>
         <input_file_ref idref="fl-2a"/>
      </object_component>
      <object_component id="oc-1e0">
         <name>.ebss</name>
         <uninitialized>true</uninitialized>
         <run_address>0xec40</run_address>
         <size>0x860</size>
         <input_file_ref idref="fl-30"/>
      </object_component>
      <object_component id="oc-228">
         <name>.ebss</name>
         <uninitialized>true</uninitialized>
         <run_address>0xf71e</run_address>
         <size>0xc</size>
         <input_file_ref idref="fl-44"/>
      </object_component>
      <object_component id="oc-2bd">
         <name>.ebss</name>
         <uninitialized>true</uninitialized>
         <run_address>0xf72c</run_address>
         <size>0x1</size>
         <input_file_ref idref="fl-6c"/>
      </object_component>
      <object_component id="oc-2c1">
         <name>.ebss</name>
         <uninitialized>true</uninitialized>
         <run_address>0xf4b8</run_address>
         <size>0x6</size>
         <input_file_ref idref="fl-6d"/>
      </object_component>
      <object_component id="oc-31c">
         <name>.ebss:__unlock</name>
         <uninitialized>true</uninitialized>
         <run_address>0xf67e</run_address>
         <size>0x2</size>
         <input_file_ref idref="fl-6e"/>
      </object_component>
      <object_component id="oc-2ea">
         <name>.ebss:__lock</name>
         <uninitialized>true</uninitialized>
         <run_address>0xf4be</run_address>
         <size>0x2</size>
         <input_file_ref idref="fl-6e"/>
      </object_component>
      <object_component id="oc-31d">
         <name>.econst:_PieVectTableInit</name>
         <load_address>0xa8000</load_address>
         <run_address>0xa8000</run_address>
         <size>0x1c0</size>
         <input_file_ref idref="fl-13"/>
      </object_component>
      <object_component id="oc-2f1">
         <name>.econst:.string:_OSUnMapTbl</name>
         <load_address>0xa81c0</load_address>
         <run_address>0xa81c0</run_address>
         <size>0x100</size>
         <input_file_ref idref="fl-30"/>
      </object_component>
      <object_component id="oc-331">
         <name>.econst:_$P$T4$5</name>
         <load_address>0xa82c0</load_address>
         <run_address>0xa82c0</run_address>
         <size>0x48</size>
         <input_file_ref idref="fl-3"/>
      </object_component>
      <object_component id="oc-1c5">
         <name>.econst:.string</name>
         <load_address>0xa8308</load_address>
         <run_address>0xa8308</run_address>
         <size>0x3b</size>
         <input_file_ref idref="fl-2a"/>
      </object_component>
      <object_component id="oc-1da">
         <name>.econst</name>
         <load_address>0xa8344</load_address>
         <run_address>0xa8344</run_address>
         <size>0x3a</size>
         <input_file_ref idref="fl-2f"/>
      </object_component>
      <object_component id="oc-312">
         <name>.econst:_KalmanFilter_Unit</name>
         <load_address>0xa837e</load_address>
         <run_address>0xa837e</run_address>
         <size>0x38</size>
         <input_file_ref idref="fl-5"/>
      </object_component>
      <object_component id="oc-245">
         <name>.econst</name>
         <load_address>0xa83b6</load_address>
         <run_address>0xa83b6</run_address>
         <size>0x32</size>
         <input_file_ref idref="fl-55"/>
      </object_component>
      <object_component id="oc-1e1">
         <name>.econst:.string</name>
         <load_address>0xa83e8</load_address>
         <run_address>0xa83e8</run_address>
         <size>0x1e</size>
         <input_file_ref idref="fl-30"/>
      </object_component>
      <object_component id="oc-239">
         <name>.econst</name>
         <load_address>0xa8406</load_address>
         <run_address>0xa8406</run_address>
         <size>0x14</size>
         <input_file_ref idref="fl-53"/>
      </object_component>
      <object_component id="oc-32e">
         <name>.econst:_$P$T1$2</name>
         <load_address>0xa841a</load_address>
         <run_address>0xa841a</run_address>
         <size>0xc</size>
         <input_file_ref idref="fl-3"/>
      </object_component>
      <object_component id="oc-32f">
         <name>.econst:_$P$T2$3</name>
         <load_address>0xa8426</load_address>
         <run_address>0xa8426</run_address>
         <size>0xc</size>
         <input_file_ref idref="fl-3"/>
      </object_component>
      <object_component id="oc-330">
         <name>.econst:_$P$T3$4</name>
         <load_address>0xa8432</load_address>
         <run_address>0xa8432</run_address>
         <size>0xc</size>
         <input_file_ref idref="fl-3"/>
      </object_component>
      <object_component id="oc-23f">
         <name>.econst</name>
         <load_address>0xa843e</load_address>
         <run_address>0xa843e</run_address>
         <size>0xc</size>
         <input_file_ref idref="fl-54"/>
      </object_component>
      <object_component id="oc-2d6">
         <name>.econst</name>
         <load_address>0xa844a</load_address>
         <run_address>0xa844a</run_address>
         <size>0xc</size>
         <input_file_ref idref="fl-71"/>
      </object_component>
      <object_component id="oc-334">
         <name>.econst:_aT</name>
         <load_address>0xa8456</load_address>
         <run_address>0xa8456</run_address>
         <size>0xa</size>
         <input_file_ref idref="fl-57"/>
      </object_component>
      <object_component id="oc-332">
         <name>.econst:_atanhi</name>
         <load_address>0xa8460</load_address>
         <run_address>0xa8460</run_address>
         <size>0x8</size>
         <input_file_ref idref="fl-57"/>
      </object_component>
      <object_component id="oc-333">
         <name>.econst:_atanlo</name>
         <load_address>0xa8468</load_address>
         <run_address>0xa8468</run_address>
         <size>0x8</size>
         <input_file_ref idref="fl-57"/>
      </object_component>
      <object_component id="oc-313">
         <name>.econst:_$P$T0$13</name>
         <load_address>0xa8470</load_address>
         <run_address>0xa8470</run_address>
         <size>0x6</size>
         <input_file_ref idref="fl-5"/>
      </object_component>
      <object_component id="oc-32d">
         <name>.econst:_$P$T0$1</name>
         <load_address>0xa8476</load_address>
         <run_address>0xa8476</run_address>
         <size>0x6</size>
         <input_file_ref idref="fl-3"/>
      </object_component>
      <object_component id="oc-314">
         <name>.econst:_$P$T1$14</name>
         <load_address>0xa847c</load_address>
         <run_address>0xa847c</run_address>
         <size>0x6</size>
         <input_file_ref idref="fl-5"/>
      </object_component>
      <object_component id="oc-315">
         <name>.econst:_$P$T2$49</name>
         <load_address>0xa8482</load_address>
         <run_address>0xa8482</run_address>
         <size>0x6</size>
         <input_file_ref idref="fl-5"/>
      </object_component>
      <object_component id="oc-25b">
         <name>.econst</name>
         <load_address>0xa8488</load_address>
         <run_address>0xa8488</run_address>
         <size>0x6</size>
         <input_file_ref idref="fl-59"/>
      </object_component>
      <object_component id="oc-329">
         <name>.econst:_bp</name>
         <load_address>0xa848e</load_address>
         <run_address>0xa848e</run_address>
         <size>0x4</size>
         <input_file_ref idref="fl-55"/>
      </object_component>
      <object_component id="oc-32a">
         <name>.econst:_dp_h</name>
         <load_address>0xa8492</load_address>
         <run_address>0xa8492</run_address>
         <size>0x4</size>
         <input_file_ref idref="fl-55"/>
      </object_component>
      <object_component id="oc-32b">
         <name>.econst:_dp_l</name>
         <load_address>0xa8496</load_address>
         <run_address>0xa8496</run_address>
         <size>0x4</size>
         <input_file_ref idref="fl-55"/>
      </object_component>
      <object_component id="oc-250">
         <name>.econst</name>
         <load_address>0xa849a</load_address>
         <run_address>0xa849a</run_address>
         <size>0x4</size>
         <input_file_ref idref="fl-57"/>
      </object_component>
      <object_component id="oc-1e7">
         <name>.econst:.string</name>
         <load_address>0xa849e</load_address>
         <run_address>0xa849e</run_address>
         <size>0x2</size>
         <input_file_ref idref="fl-31"/>
      </object_component>
      <object_component id="oc-1ed">
         <name>.econst:.string</name>
         <load_address>0xa84a0</load_address>
         <run_address>0xa84a0</run_address>
         <size>0x2</size>
         <input_file_ref idref="fl-32"/>
      </object_component>
      <object_component id="oc-1f3">
         <name>.econst:.string</name>
         <load_address>0xa84a2</load_address>
         <run_address>0xa84a2</run_address>
         <size>0x2</size>
         <input_file_ref idref="fl-33"/>
      </object_component>
      <object_component id="oc-1f9">
         <name>.econst:.string</name>
         <load_address>0xa84a4</load_address>
         <run_address>0xa84a4</run_address>
         <size>0x2</size>
         <input_file_ref idref="fl-34"/>
      </object_component>
      <object_component id="oc-1ff">
         <name>.econst:.string</name>
         <load_address>0xa84a6</load_address>
         <run_address>0xa84a6</run_address>
         <size>0x2</size>
         <input_file_ref idref="fl-35"/>
      </object_component>
      <object_component id="oc-205">
         <name>.econst:.string</name>
         <load_address>0xa84a8</load_address>
         <run_address>0xa84a8</run_address>
         <size>0x2</size>
         <input_file_ref idref="fl-36"/>
      </object_component>
      <object_component id="oc-20b">
         <name>.econst:.string</name>
         <load_address>0xa84aa</load_address>
         <run_address>0xa84aa</run_address>
         <size>0x2</size>
         <input_file_ref idref="fl-37"/>
      </object_component>
      <object_component id="oc-1b3">
         <name>.econst</name>
         <load_address>0xa84ac</load_address>
         <run_address>0xa84ac</run_address>
         <size>0x2</size>
         <input_file_ref idref="fl-27"/>
      </object_component>
      <object_component id="oc-266">
         <name>.reset</name>
         <load_address>0x3fffc0</load_address>
         <run_address>0x3fffc0</run_address>
         <size>0x2</size>
         <input_file_ref idref="fl-5b"/>
      </object_component>
      <object_component id="oc-316">
         <name>.TI.ramfunc</name>
         <load_address>0x86000</load_address>
         <run_address>0x8000</run_address>
         <size>0xac</size>
         <input_file_ref idref="fl-18"/>
      </object_component>
      <object_component id="oc-33b">
         <name>.TI.ramfunc</name>
         <load_address>0x860ac</load_address>
         <run_address>0x80ac</run_address>
         <size>0xa8</size>
         <input_file_ref idref="fl-17"/>
      </object_component>
      <object_component id="oc-30c">
         <name>.TI.ramfunc</name>
         <load_address>0x86154</load_address>
         <run_address>0x8154</run_address>
         <size>0x37</size>
         <input_file_ref idref="fl-15"/>
      </object_component>
      <object_component id="oc-136">
         <name>PieVectTableFile</name>
         <uninitialized>true</uninitialized>
         <run_address>0xd00</run_address>
         <size>0x1c0</size>
         <input_file_ref idref="fl-10"/>
      </object_component>
      <object_component id="oc-d7">
         <name>EmuBModeVar</name>
         <uninitialized>true</uninitialized>
         <run_address>0xd00</run_address>
         <size>0x1</size>
         <input_file_ref idref="fl-10"/>
      </object_component>
      <object_component id="oc-d6">
         <name>EmuBootPinsVar</name>
         <uninitialized>true</uninitialized>
         <run_address>0xd01</run_address>
         <size>0x1</size>
         <input_file_ref idref="fl-10"/>
      </object_component>
      <object_component id="oc-ef">
         <name>AdcaResultFile</name>
         <uninitialized>true</uninitialized>
         <run_address>0xb00</run_address>
         <size>0x18</size>
         <input_file_ref idref="fl-10"/>
      </object_component>
      <object_component id="oc-f0">
         <name>AdcbResultFile</name>
         <uninitialized>true</uninitialized>
         <run_address>0xb20</run_address>
         <size>0x18</size>
         <input_file_ref idref="fl-10"/>
      </object_component>
      <object_component id="oc-ed">
         <name>AdccResultFile</name>
         <uninitialized>true</uninitialized>
         <run_address>0xb40</run_address>
         <size>0x18</size>
         <input_file_ref idref="fl-10"/>
      </object_component>
      <object_component id="oc-ee">
         <name>AdcdResultFile</name>
         <uninitialized>true</uninitialized>
         <run_address>0xb60</run_address>
         <size>0x18</size>
         <input_file_ref idref="fl-10"/>
      </object_component>
      <object_component id="oc-11c">
         <name>AdcaRegsFile</name>
         <uninitialized>true</uninitialized>
         <run_address>0x7400</run_address>
         <size>0x80</size>
         <input_file_ref idref="fl-10"/>
      </object_component>
      <object_component id="oc-11d">
         <name>AdcbRegsFile</name>
         <uninitialized>true</uninitialized>
         <run_address>0x7480</run_address>
         <size>0x80</size>
         <input_file_ref idref="fl-10"/>
      </object_component>
      <object_component id="oc-11e">
         <name>AdccRegsFile</name>
         <uninitialized>true</uninitialized>
         <run_address>0x7500</run_address>
         <size>0x80</size>
         <input_file_ref idref="fl-10"/>
      </object_component>
      <object_component id="oc-121">
         <name>AdcdRegsFile</name>
         <uninitialized>true</uninitialized>
         <run_address>0x7580</run_address>
         <size>0x80</size>
         <input_file_ref idref="fl-10"/>
      </object_component>
      <object_component id="oc-119">
         <name>AnalogSubsysRegsFile</name>
         <uninitialized>true</uninitialized>
         <run_address>0x5d180</run_address>
         <size>0x48</size>
         <input_file_ref idref="fl-10"/>
      </object_component>
      <object_component id="oc-132">
         <name>CanaRegsFile</name>
         <uninitialized>true</uninitialized>
         <run_address>0x48000</run_address>
         <size>0x164</size>
         <input_file_ref idref="fl-10"/>
      </object_component>
      <object_component id="oc-133">
         <name>CanbRegsFile</name>
         <uninitialized>true</uninitialized>
         <run_address>0x4a000</run_address>
         <size>0x164</size>
         <input_file_ref idref="fl-10"/>
      </object_component>
      <object_component id="oc-113">
         <name>Cla1RegsFile</name>
         <uninitialized>true</uninitialized>
         <run_address>0x1400</run_address>
         <size>0x3e</size>
         <input_file_ref idref="fl-10"/>
      </object_component>
      <object_component id="oc-db">
         <name>Cla1SoftIntRegsFile</name>
         <uninitialized>true</uninitialized>
         <run_address>0xce0</run_address>
         <size>0x4</size>
         <input_file_ref idref="fl-10"/>
      </object_component>
      <object_component id="oc-fd">
         <name>Cmpss1RegsFile</name>
         <uninitialized>true</uninitialized>
         <run_address>0x5c80</run_address>
         <size>0x20</size>
         <input_file_ref idref="fl-10"/>
      </object_component>
      <object_component id="oc-100">
         <name>Cmpss2RegsFile</name>
         <uninitialized>true</uninitialized>
         <run_address>0x5ca0</run_address>
         <size>0x20</size>
         <input_file_ref idref="fl-10"/>
      </object_component>
      <object_component id="oc-ff">
         <name>Cmpss3RegsFile</name>
         <uninitialized>true</uninitialized>
         <run_address>0x5cc0</run_address>
         <size>0x20</size>
         <input_file_ref idref="fl-10"/>
      </object_component>
      <object_component id="oc-102">
         <name>Cmpss4RegsFile</name>
         <uninitialized>true</uninitialized>
         <run_address>0x5ce0</run_address>
         <size>0x20</size>
         <input_file_ref idref="fl-10"/>
      </object_component>
      <object_component id="oc-101">
         <name>Cmpss5RegsFile</name>
         <uninitialized>true</uninitialized>
         <run_address>0x5d00</run_address>
         <size>0x20</size>
         <input_file_ref idref="fl-10"/>
      </object_component>
      <object_component id="oc-fc">
         <name>Cmpss6RegsFile</name>
         <uninitialized>true</uninitialized>
         <run_address>0x5d20</run_address>
         <size>0x20</size>
         <input_file_ref idref="fl-10"/>
      </object_component>
      <object_component id="oc-fb">
         <name>Cmpss7RegsFile</name>
         <uninitialized>true</uninitialized>
         <run_address>0x5d40</run_address>
         <size>0x20</size>
         <input_file_ref idref="fl-10"/>
      </object_component>
      <object_component id="oc-fe">
         <name>Cmpss8RegsFile</name>
         <uninitialized>true</uninitialized>
         <run_address>0x5d60</run_address>
         <size>0x20</size>
         <input_file_ref idref="fl-10"/>
      </object_component>
      <object_component id="oc-e2">
         <name>CpuTimer0RegsFile</name>
         <uninitialized>true</uninitialized>
         <run_address>0xc00</run_address>
         <size>0x8</size>
         <input_file_ref idref="fl-10"/>
      </object_component>
      <object_component id="oc-e4">
         <name>CpuTimer1RegsFile</name>
         <uninitialized>true</uninitialized>
         <run_address>0xc08</run_address>
         <size>0x8</size>
         <input_file_ref idref="fl-10"/>
      </object_component>
      <object_component id="oc-df">
         <name>CpuTimer2RegsFile</name>
         <uninitialized>true</uninitialized>
         <run_address>0xc10</run_address>
         <size>0x8</size>
         <input_file_ref idref="fl-10"/>
      </object_component>
      <object_component id="oc-de">
         <name>DacaRegsFile</name>
         <uninitialized>true</uninitialized>
         <run_address>0x5c00</run_address>
         <size>0x8</size>
         <input_file_ref idref="fl-10"/>
      </object_component>
      <object_component id="oc-e3">
         <name>DacbRegsFile</name>
         <uninitialized>true</uninitialized>
         <run_address>0x5c10</run_address>
         <size>0x8</size>
         <input_file_ref idref="fl-10"/>
      </object_component>
      <object_component id="oc-e0">
         <name>DaccRegsFile</name>
         <uninitialized>true</uninitialized>
         <run_address>0x5c20</run_address>
         <size>0x8</size>
         <input_file_ref idref="fl-10"/>
      </object_component>
      <object_component id="oc-10b">
         <name>DcsmZ1RegsFile</name>
         <uninitialized>true</uninitialized>
         <run_address>0x5f000</run_address>
         <size>0x24</size>
         <input_file_ref idref="fl-10"/>
      </object_component>
      <object_component id="oc-10c">
         <name>DcsmZ2RegsFile</name>
         <uninitialized>true</uninitialized>
         <run_address>0x5f040</run_address>
         <size>0x24</size>
         <input_file_ref idref="fl-10"/>
      </object_component>
      <object_component id="oc-e1">
         <name>DcsmCommonRegsFile</name>
         <uninitialized>true</uninitialized>
         <run_address>0x5f070</run_address>
         <size>0x8</size>
         <input_file_ref idref="fl-10"/>
      </object_component>
      <object_component id="oc-124">
         <name>DmaRegsFile</name>
         <uninitialized>true</uninitialized>
         <run_address>0x1000</run_address>
         <size>0xe0</size>
         <input_file_ref idref="fl-10"/>
      </object_component>
      <object_component id="oc-f2">
         <name>DmaClaSrcSelRegsFile</name>
         <uninitialized>true</uninitialized>
         <run_address>0x7980</run_address>
         <size>0x1a</size>
         <input_file_ref idref="fl-10"/>
      </object_component>
      <object_component id="oc-104">
         <name>ECap1RegsFile</name>
         <uninitialized>true</uninitialized>
         <run_address>0x5000</run_address>
         <size>0x20</size>
         <input_file_ref idref="fl-10"/>
      </object_component>
      <object_component id="oc-103">
         <name>ECap2RegsFile</name>
         <uninitialized>true</uninitialized>
         <run_address>0x5020</run_address>
         <size>0x20</size>
         <input_file_ref idref="fl-10"/>
      </object_component>
      <object_component id="oc-f3">
         <name>ECap3RegsFile</name>
         <uninitialized>true</uninitialized>
         <run_address>0x5040</run_address>
         <size>0x20</size>
         <input_file_ref idref="fl-10"/>
      </object_component>
      <object_component id="oc-f4">
         <name>ECap4RegsFile</name>
         <uninitialized>true</uninitialized>
         <run_address>0x5060</run_address>
         <size>0x20</size>
         <input_file_ref idref="fl-10"/>
      </object_component>
      <object_component id="oc-f5">
         <name>ECap5RegsFile</name>
         <uninitialized>true</uninitialized>
         <run_address>0x5080</run_address>
         <size>0x20</size>
         <input_file_ref idref="fl-10"/>
      </object_component>
      <object_component id="oc-f8">
         <name>ECap6RegsFile</name>
         <uninitialized>true</uninitialized>
         <run_address>0x50a0</run_address>
         <size>0x20</size>
         <input_file_ref idref="fl-10"/>
      </object_component>
      <object_component id="oc-11a">
         <name>Emif1RegsFile</name>
         <uninitialized>true</uninitialized>
         <run_address>0x47000</run_address>
         <size>0x70</size>
         <input_file_ref idref="fl-10"/>
      </object_component>
      <object_component id="oc-11b">
         <name>Emif2RegsFile</name>
         <uninitialized>true</uninitialized>
         <run_address>0x47800</run_address>
         <size>0x70</size>
         <input_file_ref idref="fl-10"/>
      </object_component>
      <object_component id="oc-129">
         <name>EPwm1RegsFile</name>
         <uninitialized>true</uninitialized>
         <run_address>0x4000</run_address>
         <size>0x100</size>
         <input_file_ref idref="fl-10"/>
      </object_component>
      <object_component id="oc-128">
         <name>EPwm2RegsFile</name>
         <uninitialized>true</uninitialized>
         <run_address>0x4100</run_address>
         <size>0x100</size>
         <input_file_ref idref="fl-10"/>
      </object_component>
      <object_component id="oc-12b">
         <name>EPwm3RegsFile</name>
         <uninitialized>true</uninitialized>
         <run_address>0x4200</run_address>
         <size>0x100</size>
         <input_file_ref idref="fl-10"/>
      </object_component>
      <object_component id="oc-126">
         <name>EPwm4RegsFile</name>
         <uninitialized>true</uninitialized>
         <run_address>0x4300</run_address>
         <size>0x100</size>
         <input_file_ref idref="fl-10"/>
      </object_component>
      <object_component id="oc-125">
         <name>EPwm5RegsFile</name>
         <uninitialized>true</uninitialized>
         <run_address>0x4400</run_address>
         <size>0x100</size>
         <input_file_ref idref="fl-10"/>
      </object_component>
      <object_component id="oc-12a">
         <name>EPwm6RegsFile</name>
         <uninitialized>true</uninitialized>
         <run_address>0x4500</run_address>
         <size>0x100</size>
         <input_file_ref idref="fl-10"/>
      </object_component>
      <object_component id="oc-127">
         <name>EPwm7RegsFile</name>
         <uninitialized>true</uninitialized>
         <run_address>0x4600</run_address>
         <size>0x100</size>
         <input_file_ref idref="fl-10"/>
      </object_component>
      <object_component id="oc-130">
         <name>EPwm8RegsFile</name>
         <uninitialized>true</uninitialized>
         <run_address>0x4700</run_address>
         <size>0x100</size>
         <input_file_ref idref="fl-10"/>
      </object_component>
      <object_component id="oc-12e">
         <name>EPwm9RegsFile</name>
         <uninitialized>true</uninitialized>
         <run_address>0x4800</run_address>
         <size>0x100</size>
         <input_file_ref idref="fl-10"/>
      </object_component>
      <object_component id="oc-12f">
         <name>EPwm10RegsFile</name>
         <uninitialized>true</uninitialized>
         <run_address>0x4900</run_address>
         <size>0x100</size>
         <input_file_ref idref="fl-10"/>
      </object_component>
      <object_component id="oc-12c">
         <name>EPwm11RegsFile</name>
         <uninitialized>true</uninitialized>
         <run_address>0x4a00</run_address>
         <size>0x100</size>
         <input_file_ref idref="fl-10"/>
      </object_component>
      <object_component id="oc-12d">
         <name>EPwm12RegsFile</name>
         <uninitialized>true</uninitialized>
         <run_address>0x4b00</run_address>
         <size>0x100</size>
         <input_file_ref idref="fl-10"/>
      </object_component>
      <object_component id="oc-116">
         <name>EPwmXbarRegsFile</name>
         <uninitialized>true</uninitialized>
         <run_address>0x7a00</run_address>
         <size>0x40</size>
         <input_file_ref idref="fl-10"/>
      </object_component>
      <object_component id="oc-107">
         <name>EQep1RegsFile</name>
         <uninitialized>true</uninitialized>
         <run_address>0x5100</run_address>
         <size>0x22</size>
         <input_file_ref idref="fl-10"/>
      </object_component>
      <object_component id="oc-108">
         <name>EQep2RegsFile</name>
         <uninitialized>true</uninitialized>
         <run_address>0x5140</run_address>
         <size>0x22</size>
         <input_file_ref idref="fl-10"/>
      </object_component>
      <object_component id="oc-109">
         <name>EQep3RegsFile</name>
         <uninitialized>true</uninitialized>
         <run_address>0x5180</run_address>
         <size>0x22</size>
         <input_file_ref idref="fl-10"/>
      </object_component>
      <object_component id="oc-135">
         <name>Flash0CtrlRegsFile</name>
         <uninitialized>true</uninitialized>
         <run_address>0x5f800</run_address>
         <size>0x182</size>
         <input_file_ref idref="fl-10"/>
      </object_component>
      <object_component id="oc-10f">
         <name>Flash0EccRegsFile</name>
         <uninitialized>true</uninitialized>
         <run_address>0x5fb00</run_address>
         <size>0x28</size>
         <input_file_ref idref="fl-10"/>
      </object_component>
      <object_component id="oc-134">
         <name>GpioCtrlRegsFile</name>
         <uninitialized>true</uninitialized>
         <run_address>0x7c00</run_address>
         <size>0x180</size>
         <input_file_ref idref="fl-10"/>
      </object_component>
      <object_component id="oc-111">
         <name>GpioDataRegsFile</name>
         <uninitialized>true</uninitialized>
         <run_address>0x7f00</run_address>
         <size>0x30</size>
         <input_file_ref idref="fl-10"/>
      </object_component>
      <object_component id="oc-117">
[...]
         <object_component_ref idref="oc-2ec"/>
      </symbol>
      <symbol id="sm-a88">
         <name>_OSFlagPend</name>
         <value>0x857d6</value>
         <object_component_ref idref="oc-2ec"/>
      </symbol>
      <symbol id="sm-ac0">
         <name>_OSMemCreate</name>
         <value>0x896a9</value>
         <object_component_ref idref="oc-2ed"/>
      </symbol>
      <symbol id="sm-ac1">
         <name>_OSMemPut</name>
         <value>0x8979a</value>
         <object_component_ref idref="oc-2ed"/>
      </symbol>
      <symbol id="sm-ac2">
         <name>_OSMemGet</name>
         <value>0x89712</value>
         <object_component_ref idref="oc-2ed"/>
      </symbol>
      <symbol id="sm-ac3">
         <name>_OS_MemInit</name>
         <value>0x89801</value>
         <object_component_ref idref="oc-2ed"/>
      </symbol>
      <symbol id="sm-ac4">
         <name>_OSMemNameSet</name>
         <value>0x89773</value>
         <object_component_ref idref="oc-2ed"/>
      </symbol>
      <symbol id="sm-ac5">
         <name>_OSMemNameGet</name>
         <value>0x89742</value>
         <object_component_ref idref="oc-2ed"/>
      </symbol>
      <symbol id="sm-ac6">
         <name>_OSMemQuery</name>
         <value>0x897c9</value>
         <object_component_ref idref="oc-2ed"/>
      </symbol>
      <symbol id="sm-b34">
         <name>_OS_QInit</name>
         <value>0x87b0b</value>
         <object_component_ref idref="oc-2ee"/>
      </symbol>
      <symbol id="sm-b35">
         <name>_OSQCreate</name>
         <value>0x8778b</value>
         <object_component_ref idref="oc-2ee"/>
      </symbol>
      <symbol id="sm-b36">
         <name>_OSQAccept</name>
         <value>0x87743</value>
         <object_component_ref idref="oc-2ee"/>
      </symbol>
      <symbol id="sm-b37">
         <name>_OSQPostOpt</name>
         <value>0x87a44</value>
         <object_component_ref idref="oc-2ee"/>
      </symbol>
      <symbol id="sm-b38">
         <name>_OSQPost</name>
         <value>0x879a8</value>
         <object_component_ref idref="oc-2ee"/>
      </symbol>
      <symbol id="sm-b39">
         <name>_OSQDel</name>
         <value>0x877f0</value>
         <object_component_ref idref="oc-2ee"/>
      </symbol>
      <symbol id="sm-b3a">
         <name>_OSQQuery</name>
         <value>0x87ab8</value>
         <object_component_ref idref="oc-2ee"/>
      </symbol>
      <symbol id="sm-b3b">
         <name>_OSQFlush</name>
         <value>0x87889</value>
         <object_component_ref idref="oc-2ee"/>
      </symbol>
      <symbol id="sm-b3c">
         <name>_OSQPostFront</name>
         <value>0x879f0</value>
         <object_component_ref idref="oc-2ee"/>
      </symbol>
      <symbol id="sm-b3d">
         <name>_OSQPend</name>
         <value>0x878af</value>
         <object_component_ref idref="oc-2ee"/>
      </symbol>
      <symbol id="sm-b3e">
         <name>_OSQPendAbort</name>
         <value>0x87964</value>
         <object_component_ref idref="oc-2ee"/>
      </symbol>
      <symbol id="sm-b87">
         <name>_OSSemPendAbort</name>
         <value>0x88e39</value>
         <object_component_ref idref="oc-2e6"/>
      </symbol>
      <symbol id="sm-b88">
         <name>_OSSemQuery</name>
         <value>0x88eaa</value>
         <object_component_ref idref="oc-2e6"/>
      </symbol>
      <symbol id="sm-b89">
         <name>_OSSemCreate</name>
         <value>0x88d09</value>
         <object_component_ref idref="oc-2e6"/>
      </symbol>
      <symbol id="sm-b8a">
         <name>_OSSemPost</name>
         <value>0x88e7d</value>
         <object_component_ref idref="oc-2e6"/>
      </symbol>
      <symbol id="sm-b8b">
         <name>_OSSemPend</name>
         <value>0x88dbb</value>
         <object_component_ref idref="oc-2e6"/>
      </symbol>
      <symbol id="sm-b8c">
         <name>_OSSemDel</name>
         <value>0x88d38</value>
         <object_component_ref idref="oc-2e6"/>
      </symbol>
      <symbol id="sm-b8d">
         <name>_OSSemSet</name>
         <value>0x88ee5</value>
         <object_component_ref idref="oc-2e6"/>
      </symbol>
      <symbol id="sm-b8e">
         <name>_OSSemAccept</name>
         <value>0x88cef</value>
         <object_component_ref idref="oc-2e6"/>
      </symbol>
      <symbol id="sm-c0b">
         <name>_OSTaskChangePrio</name>
         <value>0x83992</value>
         <object_component_ref idref="oc-2f2"/>
      </symbol>
      <symbol id="sm-c0c">
         <name>_OSTaskSuspend</name>
         <value>0x83e01</value>
         <object_component_ref idref="oc-2f2"/>
      </symbol>
      <symbol id="sm-c0d">
         <name>_OSTaskCreate</name>
         <value>0x83a97</value>
         <object_component_ref idref="oc-2f2"/>
      </symbol>
      <symbol id="sm-c0e">
         <name>_OSTaskDelReq</name>
         <value>0x83c51</value>
         <object_component_ref idref="oc-2f2"/>
      </symbol>
      <symbol id="sm-c0f">
         <name>_OSTaskNameGet</name>
         <value>0x83c94</value>
         <object_component_ref idref="oc-2f2"/>
      </symbol>
      <symbol id="sm-c10">
         <name>_OSTaskResume</name>
         <value>0x83d3e</value>
         <object_component_ref idref="oc-2f2"/>
      </symbol>
      <symbol id="sm-c11">
         <name>_OSTaskRegSet</name>
         <value>0x83efe</value>
         <object_component_ref idref="oc-2f2"/>
      </symbol>
      <symbol id="sm-c12">
         <name>_OS_TaskReturn</name>
         <value>0x83f33</value>
         <object_component_ref idref="oc-2f2"/>
      </symbol>
      <symbol id="sm-c13">
         <name>_OS_TaskStkClr</name>
         <value>0x83f3c</value>
         <object_component_ref idref="oc-2f2"/>
      </symbol>
      <symbol id="sm-c14">
         <name>_OSTaskQuery</name>
         <value>0x83e6e</value>
         <object_component_ref idref="oc-2f2"/>
      </symbol>
      <symbol id="sm-c15">
         <name>_OSTaskNameSet</name>
         <value>0x83cef</value>
         <object_component_ref idref="oc-2f2"/>
      </symbol>
      <symbol id="sm-c16">
         <name>_OSTaskDel</name>
         <value>0x83b5d</value>
         <object_component_ref idref="oc-2f2"/>
      </symbol>
      <symbol id="sm-c17">
         <name>_OSTaskStkChk</name>
         <value>0x83da3</value>
         <object_component_ref idref="oc-2f2"/>
      </symbol>
      <symbol id="sm-c18">
         <name>_OSTaskRegGet</name>
         <value>0x83eab</value>
         <object_component_ref idref="oc-2f2"/>
      </symbol>
      <symbol id="sm-c19">
         <name>_OSTaskCreateExt</name>
         <value>0x83af5</value>
         <object_component_ref idref="oc-2f2"/>
      </symbol>
      <symbol id="sm-c1a">
         <name>_OSTaskRegGetID</name>
         <value>0x83ee2</value>
         <object_component_ref idref="oc-2f2"/>
      </symbol>
      <symbol id="sm-c38">
         <name>_OSTimeSet</name>
         <value>0x89ce3</value>
         <object_component_ref idref="oc-2f0"/>
      </symbol>
      <symbol id="sm-c39">
         <name>_OSTimeDlyResume</name>
         <value>0x89c69</value>
         <object_component_ref idref="oc-2f0"/>
      </symbol>
      <symbol id="sm-c3a">
         <name>_OSTimeDlyHMSM</name>
         <value>0x89c21</value>
         <object_component_ref idref="oc-2f0"/>
      </symbol>
      <symbol id="sm-c3b">
         <name>_OSTimeGet</name>
         <value>0x89cd4</value>
         <object_component_ref idref="oc-2f0"/>
      </symbol>
      <symbol id="sm-c3c">
         <name>_OSTimeDly</name>
         <value>0x89be5</value>
         <object_component_ref idref="oc-2f0"/>
      </symbol>
      <symbol id="sm-c4c">
         <name>_Fapi_issueAsyncCommandWithAddress</name>
         <value>0x8aac0</value>
         <object_component_ref idref="oc-323"/>
      </symbol>
      <symbol id="sm-c79">
         <name>_Fapi_doMarginRead</name>
         <value>0x83f52</value>
         <object_component_ref idref="oc-328"/>
      </symbol>
      <symbol id="sm-c7a">
         <name>_Fapi_flushPipeline</name>
         <value>0x8abaa</value>
         <object_component_ref idref="oc-338"/>
      </symbol>
      <symbol id="sm-c7b">
         <name>__Fapi_loopRegionForValue</name>
         <value>0x8a3b2</value>
         <object_component_ref idref="oc-339"/>
      </symbol>
      <symbol id="sm-c87">
         <name>_Fapi_doBlankCheck</name>
         <value>0x8a7ff</value>
         <object_component_ref idref="oc-325"/>
      </symbol>
      <symbol id="sm-ca5">
         <name>_Fapi_calculateFletcherChecksum</name>
         <value>0x8a875</value>
         <object_component_ref idref="oc-341"/>
      </symbol>
      <symbol id="sm-ca6">
         <name>__Fapi_calculateOtpChecksum</name>
         <value>0x8ac12</value>
         <object_component_ref idref="oc-33e"/>
      </symbol>
      <symbol id="sm-ca7">
         <name>_Fapi_waitDelay</name>
         <value>0x8ab77</value>
         <object_component_ref idref="oc-340"/>
      </symbol>
      <symbol id="sm-ca8">
         <name>__Fapi_divideUnsignedLong</name>
         <value>0x8a8d0</value>
         <object_component_ref idref="oc-33d"/>
      </symbol>
      <symbol id="sm-ca9">
         <name>__Fapi_scaleCycleValues</name>
         <value>0x8ac05</value>
         <object_component_ref idref="oc-33f"/>
      </symbol>
      <symbol id="sm-cb6">
         <name>_Fapi_initializeAPI</name>
         <value>0x8a841</value>
         <object_component_ref idref="oc-321"/>
      </symbol>
      <symbol id="sm-cb7">
         <name>_Fapi_GlobalInit</name>
         <value>0xf71e</value>
         <object_component_ref idref="oc-228"/>
      </symbol>
      <symbol id="sm-cd9">
         <name>__Fapi_issueFsmCommand</name>
         <value>0x8a8a3</value>
         <object_component_ref idref="oc-336"/>
      </symbol>
      <symbol id="sm-cda">
         <name>_Fapi_setActiveFlashBank</name>
         <value>0x8a9ee</value>
         <object_component_ref idref="oc-322"/>
      </symbol>
      <symbol id="sm-cdb">
         <name>__Fapi_setupSectorsForWrite</name>
         <value>0x8aa7c</value>
         <object_component_ref idref="oc-337"/>
      </symbol>
      <symbol id="sm-cdc">
         <name>_Fapi_getFsmStatus</name>
         <value>0x87ff8</value>
         <object_component_ref idref="oc-327"/>
      </symbol>
      <symbol id="sm-d02">
         <name>_Fapi_issueProgrammingCommand</name>
         <value>0x8950c</value>
         <object_component_ref idref="oc-326"/>
      </symbol>
      <symbol id="sm-d16">
         <name>_Fapi_checkFsmForReady</name>
         <value>0x8ac28</value>
         <object_component_ref idref="oc-324"/>
      </symbol>
      <symbol id="sm-d17">
         <name>_Fapi_isAddressEcc</name>
         <value>0x8aa5a</value>
         <object_component_ref idref="oc-33a"/>
      </symbol>
      <symbol id="sm-d33">
         <name>_asin</name>
         <value>0x87f07</value>
         <object_component_ref idref="oc-30d"/>
      </symbol>
      <symbol id="sm-d34">
         <name>_asinf</name>
         <value>0x87f07</value>
         <object_component_ref idref="oc-30d"/>
      </symbol>
      <symbol id="sm-d63">
         <name>_atan2f</name>
         <value>0x89fb4</value>
         <object_component_ref idref="oc-311"/>
      </symbol>
      <symbol id="sm-d64">
         <name>_atan2</name>
         <value>0x89fb4</value>
         <object_component_ref idref="oc-311"/>
      </symbol>
      <symbol id="sm-dbb">
         <name>_powf</name>
         <value>0x88000</value>
         <object_component_ref idref="oc-31a"/>
      </symbol>
      <symbol id="sm-dbc">
         <name>_pow</name>
         <value>0x88000</value>
         <object_component_ref idref="oc-31a"/>
      </symbol>
      <symbol id="sm-dcc">
         <name>_sqrtf</name>
         <value>0x8a9c8</value>
         <object_component_ref idref="oc-31f"/>
      </symbol>
      <symbol id="sm-dcd">
         <name>_sqrt</name>
         <value>0x8a9c8</value>
         <object_component_ref idref="oc-31f"/>
      </symbol>
      <symbol id="sm-df2">
         <name>_atan</name>
         <value>0x8a088</value>
         <object_component_ref idref="oc-320"/>
      </symbol>
      <symbol id="sm-df3">
         <name>_atanf</name>
         <value>0x8a088</value>
         <object_component_ref idref="oc-320"/>
      </symbol>
      <symbol id="sm-e01">
         <name>_cos</name>
         <value>0x8a633</value>
         <object_component_ref idref="oc-318"/>
      </symbol>
      <symbol id="sm-e02">
         <name>_cosf</name>
         <value>0x8a633</value>
         <object_component_ref idref="oc-318"/>
      </symbol>
      <symbol id="sm-e1a">
         <name>_scalbn</name>
         <value>0x8a752</value>
         <object_component_ref idref="oc-32c"/>
      </symbol>
      <symbol id="sm-e1b">
         <name>_ldexp</name>
         <value>0x8a752</value>
         <object_component_ref idref="oc-32c"/>
      </symbol>
      <symbol id="sm-e1c">
         <name>_scalbnf</name>
         <value>0x8a752</value>
         <object_component_ref idref="oc-32c"/>
      </symbol>
      <symbol id="sm-e1d">
         <name>_ldexpf</name>
         <value>0x8a752</value>
         <object_component_ref idref="oc-32c"/>
      </symbol>
      <symbol id="sm-e2c">
         <name>_tanf</name>
         <value>0x8a694</value>
         <object_component_ref idref="oc-319"/>
      </symbol>
      <symbol id="sm-e2d">
         <name>_tan</name>
         <value>0x8a694</value>
         <object_component_ref idref="oc-319"/>
      </symbol>
      <symbol id="sm-e48">
         <name>_c_int00</name>
         <value>0x8a7a9</value>
         <object_component_ref idref="oc-82"/>
      </symbol>
      <symbol id="sm-e49">
         <name>__stack</name>
         <value>0x400</value>
         <object_component_ref idref="oc-265"/>
      </symbol>
      <symbol id="sm-e64">
         <name>FD$$ADD</name>
         <value>0x8a1f7</value>
         <object_component_ref idref="oc-26b"/>
      </symbol>
      <symbol id="sm-e76">
         <name>FD$$MPY</name>
         <value>0x8a4c2</value>
         <object_component_ref idref="oc-270"/>
      </symbol>
      <symbol id="sm-e82">
         <name>FD$$SUB</name>
         <value>0x8abf7</value>
         <object_component_ref idref="oc-275"/>
      </symbol>
      <symbol id="sm-e93">
         <name>FS$$DIV</name>
         <value>0x8a43a</value>
         <object_component_ref idref="oc-27a"/>
      </symbol>
      <symbol id="sm-ea1">
         <name>ULL$$CMP</name>
         <value>0x8ab31</value>
         <object_component_ref idref="oc-27f"/>
      </symbol>
      <symbol id="sm-ea2">
         <name>LL$$CMP</name>
         <value>0x8ab1f</value>
         <object_component_ref idref="oc-27f"/>
      </symbol>
      <symbol id="sm-eae">
         <name>LL$$MPY</name>
         <value>0x8abc0</value>
         <object_component_ref idref="oc-284"/>
      </symbol>
      <symbol id="sm-ebc">
         <name>I$$MOD</name>
         <value>0x8aaaf</value>
         <object_component_ref idref="oc-289"/>
      </symbol>
      <symbol id="sm-ebd">
         <name>I$$DIV</name>
         <value>0x8aa9e</value>
         <object_component_ref idref="oc-289"/>
      </symbol>
      <symbol id="sm-ec9">
         <name>U$$MOD</name>
         <value>0x8ac22</value>
         <object_component_ref idref="oc-28e"/>
      </symbol>
      <symbol id="sm-eca">
         <name>U$$DIV</name>
         <value>0x8ac1d</value>
         <object_component_ref idref="oc-28e"/>
      </symbol>
      <symbol id="sm-ed6">
         <name>UL$$MOD</name>
         <value>0x8a94a</value>
         <object_component_ref idref="oc-293"/>
      </symbol>
      <symbol id="sm-ed7">
         <name>L$$MOD</name>
         <value>0x8a935</value>
         <object_component_ref idref="oc-293"/>
      </symbol>
      <symbol id="sm-ed8">
         <name>L$$DIV</name>
         <value>0x8a926</value>
         <object_component_ref idref="oc-293"/>
      </symbol>
      <symbol id="sm-ed9">
         <name>UL$$DIV</name>
         <value>0x8a943</value>
         <object_component_ref idref="oc-293"/>
      </symbol>
      <symbol id="sm-ee9">
         <name>FS$$TOFD</name>
         <value>0x8ab5b</value>
         <object_component_ref idref="oc-298"/>
      </symbol>
      <symbol id="sm-ef9">
         <name>FD$$TOFS</name>
         <value>0x8aa37</value>
         <object_component_ref idref="oc-29d"/>
      </symbol>
      <symbol id="sm-f07">
         <name>LL$$TOFS</name>
         <value>0x8aae0</value>
         <object_component_ref idref="oc-2a2"/>
      </symbol>
      <symbol id="sm-f16">
         <name>_copy_in</name>
         <value>0x8aa13</value>
         <object_component_ref idref="oc-2e1"/>
      </symbol>
      <symbol id="sm-f27">
         <name>_memcpy</name>
         <value>0x8ab3d</value>
         <object_component_ref idref="oc-2e8"/>
      </symbol>
      <symbol id="sm-f33">
         <name>__system_pre_init</name>
         <value>0x87ffe</value>
         <object_component_ref idref="oc-2e0"/>
      </symbol>
      <symbol id="sm-f40">
         <name>__system_post_cinit</name>
         <value>0x83fff</value>
         <object_component_ref idref="oc-2e2"/>
      </symbol>
      <symbol id="sm-f4a">
         <name>_errno</name>
         <value>0xf72c</value>
         <object_component_ref idref="oc-2bd"/>
      </symbol>
      <symbol id="sm-f5e">
         <name>C$$EXIT</name>
         <value>0x8a950</value>
         <object_component_ref idref="oc-2e4"/>
      </symbol>
      <symbol id="sm-f5f">
         <name>_exit</name>
         <value>0x8a952</value>
         <object_component_ref idref="oc-2e4"/>
      </symbol>
      <symbol id="sm-f60">
         <name>___TI_cleanup_ptr</name>
         <value>0xf4ba</value>
         <object_component_ref idref="oc-2c1"/>
      </symbol>
      <symbol id="sm-f61">
         <name>___TI_enable_exit_profile_output</name>
         <value>0xf4b8</value>
         <object_component_ref idref="oc-2c1"/>
      </symbol>
      <symbol id="sm-f62">
         <name>_abort</name>
         <value>0x8a950</value>
         <object_component_ref idref="oc-2e4"/>
      </symbol>
      <symbol id="sm-f63">
         <name>___TI_dtors_ptr</name>
         <value>0xf4bc</value>
         <object_component_ref idref="oc-2c1"/>
      </symbol>
      <symbol id="sm-f77">
         <name>__unlock</name>
         <value>0xf67e</value>
         <object_component_ref idref="oc-31c"/>
      </symbol>
      <symbol id="sm-f78">
         <name>__lock</name>
         <value>0xf4be</value>
         <object_component_ref idref="oc-2ea"/>
      </symbol>
      <symbol id="sm-f79">
         <name>__register_lock</name>
         <value>0x8ac36</value>
         <object_component_ref idref="oc-300"/>
      </symbol>
      <symbol id="sm-f7a">
         <name>__nop</name>
         <value>0x8ac3a</value>
         <object_component_ref idref="oc-300"/>
      </symbol>
      <symbol id="sm-f7b">
         <name>__register_unlock</name>
         <value>0x8ac32</value>
         <object_component_ref idref="oc-300"/>
      </symbol>
      <symbol id="sm-f8a">
         <name>__args_main</name>
         <value>0x8ab91</value>
         <object_component_ref idref="oc-2e3"/>
      </symbol>
      <symbol id="sm-f96">
         <name>_copysignf</name>
         <value>0x8abe6</value>
         <object_component_ref idref="oc-33c"/>
      </symbol>
      <symbol id="sm-f97">
         <name>_copysign</name>
         <value>0x8abe6</value>
         <object_component_ref idref="oc-33c"/>
      </symbol>
      <symbol id="sm-faf">
         <name>_sqrtl</name>
         <value>0x8a294</value>
         <object_component_ref idref="oc-31e"/>
      </symbol>
      <symbol id="sm-fbf">
         <name>FD$$CMP</name>
         <value>0x8a8fc</value>
         <object_component_ref idref="oc-2db"/>
      </symbol>
   </symbol_table>
   <title>Link successful</title>
</link_info>
