<?xml version="1.0" encoding="ISO-8859-1" ?>
<link_info>
   <banner>TMS320C2000 Linker PC v18.1.3.LTS</banner>
   <copyright>Copyright (c) 1996-2017 Texas Instruments Incorporated</copyright>
   <link_time>0x5cb6800e</link_time>
   <link_errors>0x0</link_errors>
   <output_file>BirdFlight_V2.0.out</output_file>
   <entry_point>
      <name>_c_int00</name>
      <address>0x17524</address>
   </entry_point>
   <input_file_list>
      <input_file id="fl-2">
         <path>.\</path>
         <kind>object</kind>
         <file>Bird_main.obj</file>
         <name>Bird_main.obj</name>
      </input_file>
      <input_file id="fl-3">
         <path>.\AlgorithmLibrary\</path>
         <kind>object</kind>
         <file>Calibrate.obj</file>
         <name>Calibrate.obj</name>
      </input_file>
      <input_file id="fl-4">
         <path>.\AlgorithmLibrary\</path>
         <kind>object</kind>
         <file>MahonyAHRS.obj</file>
         <name>MahonyAHRS.obj</name>
      </input_file>
      <input_file id="fl-5">
         <path>.\AlgorithmLibrary\</path>
         <kind>object</kind>
         <file>PositionEstimation.obj</file>
         <name>PositionEstimation.obj</name>
      </input_file>
      <input_file id="fl-6">
         <path>.\AlgorithmLibrary\</path>
         <kind>object</kind>
         <file>SimpleDigitalFiltering.obj</file>
         <name>SimpleDigitalFiltering.obj</name>
      </input_file>
      <input_file id="fl-7">
         <path>.\Control\</path>
         <kind>object</kind>
         <file>Attitude_control.obj</file>
         <name>Attitude_control.obj</name>
      </input_file>
      <input_file id="fl-8">
         <path>.\Control\</path>
         <kind>object</kind>
         <file>PID_Control.obj</file>
         <name>PID_Control.obj</name>
      </input_file>
      <input_file id="fl-9">
         <path>.\Control\</path>
         <kind>object</kind>
         <file>Position_control.obj</file>
         <name>Position_control.obj</name>
      </input_file>
      <input_file id="fl-a">
         <path>.\Driver\source\</path>
         <kind>object</kind>
         <file>DSP28xxx_SectionCopy_nonBIOS.obj</file>
         <name>DSP28xxx_SectionCopy_nonBIOS.obj</name>
      </input_file>
      <input_file id="fl-b">
         <path>.\Driver\source\</path>
         <kind>object</kind>
         <file>F2837xD_Adc.obj</file>
         <name>F2837xD_Adc.obj</name>
      </input_file>
      <input_file id="fl-c">
         <path>.\Driver\source\</path>
         <kind>object</kind>
         <file>F2837xD_CodeStartBranch.obj</file>
         <name>F2837xD_CodeStartBranch.obj</name>
      </input_file>
      <input_file id="fl-d">
         <path>.\Driver\source\</path>
         <kind>object</kind>
         <file>F2837xD_CpuTimers.obj</file>
         <name>F2837xD_CpuTimers.obj</name>
      </input_file>
      <input_file id="fl-e">
         <path>.\Driver\source\</path>
         <kind>object</kind>
         <file>F2837xD_DefaultISR.obj</file>
         <name>F2837xD_DefaultISR.obj</name>
      </input_file>
      <input_file id="fl-f">
         <path>.\Driver\source\</path>
         <kind>object</kind>
         <file>F2837xD_ECap.obj</file>
         <name>F2837xD_ECap.obj</name>
      </input_file>
      <input_file id="fl-10">
         <path>.\Driver\source\</path>
         <kind>object</kind>
         <file>F2837xD_EPwm.obj</file>
         <name>F2837xD_EPwm.obj</name>
      </input_file>
      <input_file id="fl-11">
         <path>.\Driver\source\</path>
         <kind>object</kind>
         <file>F2837xD_GlobalVariableDefs.obj</file>
         <name>F2837xD_GlobalVariableDefs.obj</name>
      </input_file>
      <input_file id="fl-12">
         <path>.\Driver\source\</path>
         <kind>object</kind>
         <file>F2837xD_Gpio.obj</file>
         <name>F2837xD_Gpio.obj</name>
      </input_file>
      <input_file id="fl-13">
         <path>.\Driver\source\</path>
         <kind>object</kind>
         <file>F2837xD_PieCtrl.obj</file>
         <name>F2837xD_PieCtrl.obj</name>
      </input_file>
      <input_file id="fl-14">
         <path>.\Driver\source\</path>
         <kind>object</kind>
         <file>F2837xD_PieVect.obj</file>
         <name>F2837xD_PieVect.obj</name>
      </input_file>
      <input_file id="fl-15">
         <path>.\Driver\source\</path>
         <kind>object</kind>
         <file>F2837xD_Spi.obj</file>
         <name>F2837xD_Spi.obj</name>
      </input_file>
      <input_file id="fl-16">
         <path>.\Driver\source\</path>
         <kind>object</kind>
         <file>F2837xD_SysCtrl.obj</file>
         <name>F2837xD_SysCtrl.obj</name>
      </input_file>
      <input_file id="fl-17">
         <path>.\Driver\source\</path>
         <kind>object</kind>
         <file>F2837xD_usDelay.obj</file>
         <name>F2837xD_usDelay.obj</name>
      </input_file>
      <input_file id="fl-18">
         <path>.\FLASH_API\</path>
         <kind>object</kind>
         <file>Fapi_UserDefinedFunctions.obj</file>
         <name>Fapi_UserDefinedFunctions.obj</name>
      </input_file>
      <input_file id="fl-19">
         <path>.\FLASH_API\</path>
         <kind>object</kind>
         <file>FlashAPI.obj</file>
         <name>FlashAPI.obj</name>
      </input_file>
      <input_file id="fl-1a">
         <path>.\HardWare\</path>
         <kind>object</kind>
         <file>C28x_BSP.obj</file>
         <name>C28x_BSP.obj</name>
      </input_file>
      <input_file id="fl-1b">
         <path>.\HardWare\</path>
         <kind>object</kind>
         <file>C28x_CPU.obj</file>
         <name>C28x_CPU.obj</name>
      </input_file>
      <input_file id="fl-1c">
         <path>.\Parameter\</path>
         <kind>object</kind>
         <file>DataToPC.obj</file>
         <name>DataToPC.obj</name>
      </input_file>
      <input_file id="fl-1d">
         <path>.\Parameter\</path>
         <kind>object</kind>
         <file>ProcessPCData.obj</file>
         <name>ProcessPCData.obj</name>
      </input_file>
      <input_file id="fl-1e">
         <path>.\Parameter\</path>
         <kind>object</kind>
         <file>ProcessVisionData.obj</file>
         <name>ProcessVisionData.obj</name>
      </input_file>
      <input_file id="fl-1f">
         <path>.\Sensor\</path>
         <kind>object</kind>
         <file>ADC_Battery.obj</file>
         <name>ADC_Battery.obj</name>
      </input_file>
      <input_file id="fl-20">
         <path>.\Sensor\</path>
         <kind>object</kind>
         <file>AHRS_Hardware.obj</file>
         <name>AHRS_Hardware.obj</name>
      </input_file>
      <input_file id="fl-21">
         <path>.\Sensor\</path>
         <kind>object</kind>
         <file>Bluetooth.obj</file>
         <name>Bluetooth.obj</name>
      </input_file>
      <input_file id="fl-22">
         <path>.\Sensor\</path>
         <kind>object</kind>
         <file>LSM303D.obj</file>
         <name>LSM303D.obj</name>
      </input_file>
      <input_file id="fl-23">
         <path>.\Sensor\</path>
         <kind>object</kind>
         <file>MPU6500.obj</file>
         <name>MPU6500.obj</name>
      </input_file>
      <input_file id="fl-24">
         <path>.\uC-CPU\C28x\CCS\</path>
         <kind>object</kind>
         <file>cpu_a.obj</file>
         <name>cpu_a.obj</name>
      </input_file>
      <input_file id="fl-25">
         <path>.\uC-CPU\C28x\CCS\</path>
         <kind>object</kind>
         <file>cpu_c.obj</file>
         <name>cpu_c.obj</name>
      </input_file>
      <input_file id="fl-26">
         <path>.\uC-CPU\</path>
         <kind>object</kind>
         <file>cpu_core.obj</file>
         <name>cpu_core.obj</name>
      </input_file>
      <input_file id="fl-27">
         <path>.\uC-LIB\</path>
         <kind>object</kind>
         <file>lib_ascii.obj</file>
         <name>lib_ascii.obj</name>
      </input_file>
      <input_file id="fl-28">
         <path>.\uC-LIB\</path>
         <kind>object</kind>
         <file>lib_math.obj</file>
         <name>lib_math.obj</name>
      </input_file>
      <input_file id="fl-29">
         <path>.\uC-LIB\</path>
         <kind>object</kind>
         <file>lib_mem.obj</file>
         <name>lib_mem.obj</name>
      </input_file>
      <input_file id="fl-2a">
         <path>.\uC-LIB\</path>
         <kind>object</kind>
         <file>lib_str.obj</file>
         <name>lib_str.obj</name>
      </input_file>
      <input_file id="fl-2b">
         <path>.\uCOS-II\Ports\C28x\Generic\CCS\</path>
         <kind>object</kind>
         <file>os_cpu_a.obj</file>
         <name>os_cpu_a.obj</name>
      </input_file>
      <input_file id="fl-2c">
         <path>.\uCOS-II\Ports\C28x\Generic\CCS\</path>
         <kind>object</kind>
         <file>os_cpu_c.obj</file>
         <name>os_cpu_c.obj</name>
      </input_file>
      <input_file id="fl-2d">
         <path>.\uCOS-II\Ports\C28x\Generic\CCS\</path>
         <kind>object</kind>
         <file>os_cpu_i.obj</file>
         <name>os_cpu_i.obj</name>
      </input_file>
      <input_file id="fl-2e">
         <path>.\uCOS-II\Ports\C28x\Generic\CCS\</path>
         <kind>object</kind>
         <file>os_dbg.obj</file>
         <name>os_dbg.obj</name>
      </input_file>
      <input_file id="fl-2f">
         <path>.\uCOS-II\Source\</path>
         <kind>object</kind>
         <file>os_core.obj</file>
         <name>os_core.obj</name>
      </input_file>
      <input_file id="fl-30">
         <path>.\uCOS-II\Source\</path>
         <kind>object</kind>
         <file>os_flag.obj</file>
         <name>os_flag.obj</name>
      </input_file>
      <input_file id="fl-31">
         <path>.\uCOS-II\Source\</path>
         <kind>object</kind>
         <file>os_mbox.obj</file>
         <name>os_mbox.obj</name>
      </input_file>
      <input_file id="fl-32">
         <path>.\uCOS-II\Source\</path>
         <kind>object</kind>
         <file>os_mem.obj</file>
         <name>os_mem.obj</name>
      </input_file>
      <input_file id="fl-33">
         <path>.\uCOS-II\Source\</path>
         <kind>object</kind>
         <file>os_mutex.obj</file>
         <name>os_mutex.obj</name>
      </input_file>
      <input_file id="fl-34">
         <path>.\uCOS-II\Source\</path>
         <kind>object</kind>
         <file>os_q.obj</file>
         <name>os_q.obj</name>
      </input_file>
      <input_file id="fl-35">
         <path>.\uCOS-II\Source\</path>
         <kind>object</kind>
         <file>os_sem.obj</file>
         <name>os_sem.obj</name>
      </input_file>
      <input_file id="fl-36">
         <path>.\uCOS-II\Source\</path>
         <kind>object</kind>
         <file>os_task.obj</file>
         <name>os_task.obj</name>
      </input_file>
      <input_file id="fl-37">
         <path>.\uCOS-II\Source\</path>
         <kind>object</kind>
         <file>os_time.obj</file>
         <name>os_time.obj</name>
      </input_file>
      <input_file id="fl-38">
         <path>.\uCOS-II\Source\</path>
         <kind>object</kind>
         <file>os_tmr.obj</file>
         <name>os_tmr.obj</name>
      </input_file>
      <input_file id="fl-3e">
         <kind>object</kind>
         <file>&lt;internal&gt;</file>
         <name>&lt;internal&gt;</name>
      </input_file>
      <input_file id="fl-3f">
         <path>..\FLASH_API\src\</path>
         <kind>archive</kind>
         <file>F021_API_F2837xD_FPU32.lib</file>
         <name>Async.obj</name>
      </input_file>
      <input_file id="fl-40">
         <path>..\FLASH_API\src\</path>
         <kind>archive</kind>
         <file>F021_API_F2837xD_FPU32.lib</file>
         <name>Read.obj</name>
      </input_file>
      <input_file id="fl-41">
         <path>..\FLASH_API\src\</path>
         <kind>archive</kind>
         <file>F021_API_F2837xD_FPU32.lib</file>
         <name>BlankCheck.obj</name>
      </input_file>
      <input_file id="fl-42">
         <path>..\FLASH_API\src\</path>
         <kind>archive</kind>
         <file>F021_API_F2837xD_FPU32.lib</file>
         <name>Utilities.obj</name>
      </input_file>
      <input_file id="fl-43">
         <path>..\FLASH_API\src\</path>
         <kind>archive</kind>
         <file>F021_API_F2837xD_FPU32.lib</file>
         <name>Init.obj</name>
      </input_file>
      <input_file id="fl-44">
         <path>..\FLASH_API\src\</path>
         <kind>archive</kind>
         <file>F021_API_F2837xD_FPU32.lib</file>
         <name>FlashStateMachine.obj</name>
      </input_file>
      <input_file id="fl-45">
         <path>..\FLASH_API\src\</path>
         <kind>archive</kind>
         <file>F021_API_F2837xD_FPU32.lib</file>
         <name>Program.obj</name>
      </input_file>
      <input_file id="fl-46">
         <path>..\FLASH_API\src\</path>
         <kind>archive</kind>
         <file>F021_API_F2837xD_FPU32.lib</file>
         <name>FlashStateMachine.obj</name>
      </input_file>
      <input_file id="fl-52">
         <path>E:\Software\TI\ccsv8\tools\compiler\ti-cgt-c2000_18.1.3.LTS\lib\</path>
         <kind>archive</kind>
         <file>rts2800_fpu32.lib</file>
         <name>e_asinf.c.obj</name>
      </input_file>
      <input_file id="fl-53">
         <path>E:\Software\TI\ccsv8\tools\compiler\ti-cgt-c2000_18.1.3.LTS\lib\</path>
         <kind>archive</kind>
         <file>rts2800_fpu32.lib</file>
         <name>e_atan2f.c.obj</name>
      </input_file>
      <input_file id="fl-54">
         <path>E:\Software\TI\ccsv8\tools\compiler\ti-cgt-c2000_18.1.3.LTS\lib\</path>
         <kind>archive</kind>
         <file>rts2800_fpu32.lib</file>
         <name>e_sqrtf.c.obj</name>
      </input_file>
      <input_file id="fl-55">
         <path>E:\Software\TI\ccsv8\tools\compiler\ti-cgt-c2000_18.1.3.LTS\lib\</path>
         <kind>archive</kind>
         <file>rts2800_fpu32.lib</file>
         <name>s_atanf.c.obj</name>
      </input_file>
      <input_file id="fl-56">
         <path>E:\Software\TI\ccsv8\tools\compiler\ti-cgt-c2000_18.1.3.LTS\lib\</path>
         <kind>archive</kind>
         <file>rts2800_fpu32.lib</file>
         <name>s_cosf.c.obj</name>
      </input_file>
      <input_file id="fl-57">
         <path>E:\Software\TI\ccsv8\tools\compiler\ti-cgt-c2000_18.1.3.LTS\lib\</path>
         <kind>archive</kind>
         <file>rts2800_fpu32.lib</file>
         <name>s_tanf.c.obj</name>
      </input_file>
      <input_file id="fl-58">
         <path>E:\Software\TI\ccsv8\tools\compiler\ti-cgt-c2000_18.1.3.LTS\lib\</path>
         <kind>archive</kind>
         <file>rts2800_fpu32.lib</file>
         <name>boot28.asm.obj</name>
      </input_file>
      <input_file id="fl-59">
         <path>E:\Software\TI\ccsv8\tools\compiler\ti-cgt-c2000_18.1.3.LTS\lib\</path>
         <kind>archive</kind>
         <file>rts2800_fpu32.lib</file>
         <name>fd_add28.asm.obj</name>
      </input_file>
      <input_file id="fl-5a">
         <path>E:\Software\TI\ccsv8\tools\compiler\ti-cgt-c2000_18.1.3.LTS\lib\</path>
         <kind>archive</kind>
         <file>rts2800_fpu32.lib</file>
         <name>fd_mpy28.asm.obj</name>
      </input_file>
      <input_file id="fl-5b">
         <path>E:\Software\TI\ccsv8\tools\compiler\ti-cgt-c2000_18.1.3.LTS\lib\</path>
         <kind>archive</kind>
         <file>rts2800_fpu32.lib</file>
         <name>fd_sub28.asm.obj</name>
      </input_file>
      <input_file id="fl-5c">
         <path>E:\Software\TI\ccsv8\tools\compiler\ti-cgt-c2000_18.1.3.LTS\lib\</path>
         <kind>archive</kind>
         <file>rts2800_fpu32.lib</file>
         <name>fs_div28.asm.obj</name>
      </input_file>
      <input_file id="fl-5d">
         <path>E:\Software\TI\ccsv8\tools\compiler\ti-cgt-c2000_18.1.3.LTS\lib\</path>
         <kind>archive</kind>
         <file>rts2800_fpu32.lib</file>
         <name>i_div28.asm.obj</name>
      </input_file>
      <input_file id="fl-5e">
         <path>E:\Software\TI\ccsv8\tools\compiler\ti-cgt-c2000_18.1.3.LTS\lib\</path>
         <kind>archive</kind>
         <file>rts2800_fpu32.lib</file>
         <name>u_div28.asm.obj</name>
      </input_file>
      <input_file id="fl-5f">
         <path>E:\Software\TI\ccsv8\tools\compiler\ti-cgt-c2000_18.1.3.LTS\lib\</path>
         <kind>archive</kind>
         <file>rts2800_fpu32.lib</file>
         <name>l_div28.asm.obj</name>
      </input_file>
      <input_file id="fl-60">
         <path>E:\Software\TI\ccsv8\tools\compiler\ti-cgt-c2000_18.1.3.LTS\lib\</path>
         <kind>archive</kind>
         <file>rts2800_fpu32.lib</file>
         <name>fs_tofdfpu32.asm.obj</name>
      </input_file>
      <input_file id="fl-61">
         <path>E:\Software\TI\ccsv8\tools\compiler\ti-cgt-c2000_18.1.3.LTS\lib\</path>
         <kind>archive</kind>
         <file>rts2800_fpu32.lib</file>
         <name>fd_tofsfpu32.asm.obj</name>
      </input_file>
      <input_file id="fl-62">
         <path>E:\Software\TI\ccsv8\tools\compiler\ti-cgt-c2000_18.1.3.LTS\lib\</path>
         <kind>archive</kind>
         <file>rts2800_fpu32.lib</file>
         <name>cpy_tbl.c.obj</name>
      </input_file>
      <input_file id="fl-63">
         <path>E:\Software\TI\ccsv8\tools\compiler\ti-cgt-c2000_18.1.3.LTS\lib\</path>
         <kind>archive</kind>
         <file>rts2800_fpu32.lib</file>
         <name>memcpy.c.obj</name>
      </input_file>
      <input_file id="fl-64">
         <path>E:\Software\TI\ccsv8\tools\compiler\ti-cgt-c2000_18.1.3.LTS\lib\</path>
         <kind>archive</kind>
         <file>rts2800_fpu32.lib</file>
         <name>pre_init.c.obj</name>
      </input_file>
      <input_file id="fl-65">
         <path>E:\Software\TI\ccsv8\tools\compiler\ti-cgt-c2000_18.1.3.LTS\lib\</path>
         <kind>archive</kind>
         <file>rts2800_fpu32.lib</file>
         <name>startup.c.obj</name>
      </input_file>
      <input_file id="fl-66">
         <path>E:\Software\TI\ccsv8\tools\compiler\ti-cgt-c2000_18.1.3.LTS\lib\</path>
         <kind>archive</kind>
         <file>rts2800_fpu32.lib</file>
         <name>exit.c.obj</name>
      </input_file>
      <input_file id="fl-67">
         <path>E:\Software\TI\ccsv8\tools\compiler\ti-cgt-c2000_18.1.3.LTS\lib\</path>
         <kind>archive</kind>
         <file>rts2800_fpu32.lib</file>
         <name>_lock.c.obj</name>
      </input_file>
      <input_file id="fl-68">
         <path>E:\Software\TI\ccsv8\tools\compiler\ti-cgt-c2000_18.1.3.LTS\lib\</path>
         <kind>archive</kind>
         <file>rts2800_fpu32.lib</file>
         <name>args_main.c.obj</name>
      </input_file>
      <input_file id="fl-69">
         <path>E:\Software\TI\ccsv8\tools\compiler\ti-cgt-c2000_18.1.3.LTS\lib\</path>
         <kind>archive</kind>
         <file>rts2800_fpu32.lib</file>
         <name>errno.c.obj</name>
      </input_file>
      <input_file id="fl-6a">
         <path>E:\Software\TI\ccsv8\tools\compiler\ti-cgt-c2000_18.1.3.LTS\lib\</path>
         <kind>archive</kind>
         <file>rts2800_fpu32.lib</file>
         <name>e_sqrt.c.obj</name>
      </input_file>
      <input_file id="fl-6b">
         <path>E:\Software\TI\ccsv8\tools\compiler\ti-cgt-c2000_18.1.3.LTS\lib\</path>
         <kind>archive</kind>
         <file>rts2800_fpu32.lib</file>
         <name>fd_cmp28.asm.obj</name>
      </input_file>
   </input_file_list>
   <object_component_list>
      <object_component id="oc-b7">
         <name>codestart</name>
         <load_address>0x80000</load_address>
         <run_address>0x80000</run_address>
         <size>0x2</size>
         <input_file_ref idref="fl-c"/>
      </object_component>
      <object_component id="oc-b8">
         <name>wddisable</name>
         <load_address>0x8ffaa</load_address>
         <run_address>0x8ffaa</run_address>
         <size>0x8</size>
         <input_file_ref idref="fl-c"/>
      </object_component>
      <object_component id="oc-ad">
         <name>copysections</name>
         <load_address>0x8ff6d</load_address>
         <run_address>0x8ff6d</run_address>
         <size>0x3d</size>
         <input_file_ref idref="fl-a"/>
      </object_component>
      <object_component id="oc-24c">
         <name>.reset</name>
         <load_address>0x3fffc0</load_address>
         <run_address>0x3fffc0</run_address>
         <size>0x2</size>
         <input_file_ref idref="fl-58"/>
      </object_component>
      <object_component id="oc-24b">
         <name>.stack</name>
         <uninitialized>true</uninitialized>
         <run_address>0x400</run_address>
         <size>0x0</size>
         <input_file_ref idref="fl-58"/>
      </object_component>
      <object_component id="oc-38c">
         <name>.stack</name>
         <uninitialized>true</uninitialized>
         <run_address>0x400</run_address>
         <size>0x0</size>
      </object_component>
      <object_component id="oc-7c">
         <name>.ebss</name>
         <uninitialized>true</uninitialized>
         <run_address>0xc000</run_address>
         <size>0x1bc0</size>
         <input_file_ref idref="fl-2"/>
      </object_component>
      <object_component id="oc-88">
         <name>.ebss</name>
         <uninitialized>true</uninitialized>
         <run_address>0xf5c8</run_address>
         <size>0x12</size>
         <input_file_ref idref="fl-4"/>
      </object_component>
      <object_component id="oc-8f">
         <name>.ebss</name>
         <uninitialized>true</uninitialized>
         <run_address>0xf540</run_address>
         <size>0x88</size>
         <input_file_ref idref="fl-5"/>
      </object_component>
      <object_component id="oc-95">
         <name>.ebss</name>
         <uninitialized>true</uninitialized>
         <run_address>0xf740</run_address>
         <size>0x64</size>
         <input_file_ref idref="fl-6"/>
      </object_component>
      <object_component id="oc-9c">
         <name>.ebss</name>
         <uninitialized>true</uninitialized>
         <run_address>0xf5da</run_address>
         <size>0x4</size>
         <input_file_ref idref="fl-7"/>
      </object_component>
      <object_component id="oc-a8">
         <name>.ebss</name>
         <uninitialized>true</uninitialized>
         <run_address>0xf5e2</run_address>
         <size>0x4</size>
         <input_file_ref idref="fl-9"/>
      </object_component>
      <object_component id="oc-be">
         <name>.ebss</name>
         <uninitialized>true</uninitialized>
         <run_address>0xf460</run_address>
         <size>0x18</size>
         <input_file_ref idref="fl-d"/>
      </object_component>
      <object_component id="oc-15a">
         <name>.ebss</name>
         <uninitialized>true</uninitialized>
         <run_address>0xf480</run_address>
         <size>0x9e</size>
         <input_file_ref idref="fl-19"/>
      </object_component>
      <object_component id="oc-161">
         <name>.ebss</name>
         <uninitialized>true</uninitialized>
         <run_address>0xf51e</run_address>
         <size>0x14</size>
         <input_file_ref idref="fl-1a"/>
      </object_component>
      <object_component id="oc-16e">
         <name>.ebss</name>
         <uninitialized>true</uninitialized>
         <run_address>0xf5de</run_address>
         <size>0x4</size>
         <input_file_ref idref="fl-1c"/>
      </object_component>
      <object_component id="oc-175">
         <name>.ebss</name>
         <uninitialized>true</uninitialized>
         <run_address>0xf800</run_address>
         <size>0x3e</size>
         <input_file_ref idref="fl-1d"/>
      </object_component>
      <object_component id="oc-185">
         <name>.ebss</name>
         <uninitialized>true</uninitialized>
         <run_address>0xf7c0</run_address>
         <size>0x40</size>
         <input_file_ref idref="fl-20"/>
      </object_component>
      <object_component id="oc-18e">
         <name>.ebss</name>
         <uninitialized>true</uninitialized>
         <run_address>0xf6c0</run_address>
         <size>0x7c</size>
         <input_file_ref idref="fl-22"/>
      </object_component>
      <object_component id="oc-195">
         <name>.ebss</name>
         <uninitialized>true</uninitialized>
         <run_address>0xf600</run_address>
         <size>0x86</size>
         <input_file_ref idref="fl-23"/>
      </object_component>
      <object_component id="oc-1b0">
         <name>.ebss</name>
         <uninitialized>true</uninitialized>
         <run_address>0xf5e6</run_address>
         <size>0x2</size>
         <input_file_ref idref="fl-28"/>
      </object_component>
      <object_component id="oc-1b6">
         <name>.ebss</name>
         <uninitialized>true</uninitialized>
         <run_address>0xdbc0</run_address>
         <size>0x1040</size>
         <input_file_ref idref="fl-29"/>
      </object_component>
      <object_component id="oc-1d2">
         <name>.ebss</name>
         <uninitialized>true</uninitialized>
         <run_address>0xec00</run_address>
         <size>0x860</size>
         <input_file_ref idref="fl-2f"/>
      </object_component>
      <object_component id="oc-21a">
         <name>.ebss</name>
         <uninitialized>true</uninitialized>
         <run_address>0xf532</run_address>
         <size>0xc</size>
         <input_file_ref idref="fl-43"/>
      </object_component>
      <object_component id="oc-294">
         <name>.ebss</name>
         <uninitialized>true</uninitialized>
         <run_address>0xf478</run_address>
         <size>0x6</size>
         <input_file_ref idref="fl-66"/>
      </object_component>
      <object_component id="oc-2eb">
         <name>.ebss:__unlock</name>
         <uninitialized>true</uninitialized>
         <run_address>0xf53e</run_address>
         <size>0x2</size>
         <input_file_ref idref="fl-67"/>
      </object_component>
      <object_component id="oc-2bc">
         <name>.ebss:__lock</name>
         <uninitialized>true</uninitialized>
         <run_address>0xf47e</run_address>
         <size>0x2</size>
         <input_file_ref idref="fl-67"/>
      </object_component>
      <object_component id="oc-2a5">
         <name>.ebss</name>
         <uninitialized>true</uninitialized>
         <run_address>0xf5e8</run_address>
         <size>0x1</size>
         <input_file_ref idref="fl-69"/>
      </object_component>
      <object_component id="oc-2e6">
         <name>.TI.ramfunc</name>
         <load_address>0x90000</load_address>
         <run_address>0x17f6d</run_address>
         <size>0xac</size>
         <input_file_ref idref="fl-19"/>
      </object_component>
      <object_component id="oc-306">
         <name>.TI.ramfunc</name>
         <load_address>0x900ac</load_address>
         <run_address>0x18019</run_address>
         <size>0xa8</size>
         <input_file_ref idref="fl-18"/>
      </object_component>
      <object_component id="oc-2dc">
         <name>.TI.ramfunc</name>
         <load_address>0x90154</load_address>
         <run_address>0x180c1</run_address>
         <size>0x37</size>
         <input_file_ref idref="fl-16"/>
      </object_component>
      <object_component id="oc-8e">
         <name>.cinit</name>
         <load_address>0x8fdda</load_address>
         <run_address>0x17dda</run_address>
         <size>0xbf</size>
         <input_file_ref idref="fl-5"/>
      </object_component>
      <object_component id="oc-18d">
         <name>.cinit</name>
         <load_address>0x8fe99</load_address>
         <run_address>0x17e99</run_address>
         <size>0x3f</size>
         <input_file_ref idref="fl-22"/>
      </object_component>
      <object_component id="oc-87">
         <name>.cinit</name>
         <load_address>0x8fed8</load_address>
         <run_address>0x17ed8</run_address>
         <size>0x2d</size>
         <input_file_ref idref="fl-4"/>
      </object_component>
      <object_component id="oc-174">
         <name>.cinit</name>
         <load_address>0x8ff05</load_address>
         <run_address>0x17f05</run_address>
         <size>0x20</size>
         <input_file_ref idref="fl-1d"/>
      </object_component>
      <object_component id="oc-293">
         <name>.cinit</name>
         <load_address>0x8ff25</load_address>
         <run_address>0x17f25</run_address>
         <size>0xe</size>
         <input_file_ref idref="fl-66"/>
      </object_component>
      <object_component id="oc-a7">
         <name>.cinit</name>
         <load_address>0x8ff33</load_address>
         <run_address>0x17f33</run_address>
         <size>0xd</size>
         <input_file_ref idref="fl-9"/>
      </object_component>
      <object_component id="oc-194">
         <name>.cinit</name>
         <load_address>0x8ff40</load_address>
         <run_address>0x17f40</run_address>
         <size>0xc</size>
         <input_file_ref idref="fl-23"/>
      </object_component>
      <object_component id="oc-9b">
         <name>.cinit</name>
         <load_address>0x8ff4c</load_address>
         <run_address>0x17f4c</run_address>
         <size>0x9</size>
         <input_file_ref idref="fl-7"/>
      </object_component>
      <object_component id="oc-2bd">
         <name>.cinit:__lock</name>
         <load_address>0x8ff55</load_address>
         <run_address>0x17f55</run_address>
         <size>0x5</size>
         <input_file_ref idref="fl-67"/>
      </object_component>
      <object_component id="oc-2d3">
         <name>.cinit:__unlock</name>
         <load_address>0x8ff5a</load_address>
         <run_address>0x17f5a</run_address>
         <size>0x5</size>
         <input_file_ref idref="fl-67"/>
      </object_component>
      <object_component id="oc-160">
         <name>.cinit</name>
         <load_address>0x8ff5f</load_address>
         <run_address>0x17f5f</run_address>
         <size>0x4</size>
         <input_file_ref idref="fl-1a"/>
      </object_component>
      <object_component id="oc-16d">
         <name>.cinit</name>
         <load_address>0x8ff63</load_address>
         <run_address>0x17f63</run_address>
         <size>0x4</size>
         <input_file_ref idref="fl-1c"/>
      </object_component>
      <object_component id="oc-2a4">
         <name>.cinit</name>
         <load_address>0x8ff67</load_address>
         <run_address>0x17f67</run_address>
         <size>0x4</size>
         <input_file_ref idref="fl-69"/>
      </object_component>
      <object_component id="oc-2ec">
         <name>.econst:_PieVectTableInit</name>
         <load_address>0x8f97e</load_address>
         <run_address>0x1797e</run_address>
         <size>0x1c0</size>
         <input_file_ref idref="fl-14"/>
      </object_component>
      <object_component id="oc-2c3">
         <name>.econst:.string:_OSUnMapTbl</name>
         <load_address>0x8fb3e</load_address>
         <run_address>0x17b3e</run_address>
         <size>0x100</size>
         <input_file_ref idref="fl-2f"/>
      </object_component>
      <object_component id="oc-2fc">
         <name>.econst:_$P$T4$5</name>
         <load_address>0x8fc3e</load_address>
         <run_address>0x17c3e</run_address>
         <size>0x48</size>
         <input_file_ref idref="fl-3"/>
      </object_component>
      <object_component id="oc-1b7">
         <name>.econst:.string</name>
         <load_address>0x8fc86</load_address>
         <run_address>0x17c86</run_address>
         <size>0x3b</size>
         <input_file_ref idref="fl-29"/>
      </object_component>
      <object_component id="oc-1cc">
         <name>.econst</name>
         <load_address>0x8fcc2</load_address>
         <run_address>0x17cc2</run_address>
         <size>0x3a</size>
         <input_file_ref idref="fl-2e"/>
      </object_component>
      <object_component id="oc-2e2">
         <name>.econst:_KalmanFilter_Unit</name>
         <load_address>0x8fcfc</load_address>
         <run_address>0x17cfc</run_address>
         <size>0x2a</size>
         <input_file_ref idref="fl-5"/>
      </object_component>
      <object_component id="oc-1d3">
         <name>.econst:.string</name>
         <load_address>0x8fd26</load_address>
         <run_address>0x17d26</run_address>
         <size>0x1e</size>
         <input_file_ref idref="fl-2f"/>
      </object_component>
      <object_component id="oc-22b">
         <name>.econst</name>
         <load_address>0x8fd44</load_address>
         <run_address>0x17d44</run_address>
         <size>0x14</size>
         <input_file_ref idref="fl-52"/>
      </object_component>
      <object_component id="oc-2f9">
         <name>.econst:_$P$T1$2</name>
         <load_address>0x8fd58</load_address>
         <run_address>0x17d58</run_address>
         <size>0xc</size>
         <input_file_ref idref="fl-3"/>
      </object_component>
      <object_component id="oc-2fa">
         <name>.econst:_$P$T2$3</name>
         <load_address>0x8fd64</load_address>
         <run_address>0x17d64</run_address>
         <size>0xc</size>
         <input_file_ref idref="fl-3"/>
      </object_component>
      <object_component id="oc-2fb">
         <name>.econst:_$P$T3$4</name>
         <load_address>0x8fd70</load_address>
         <run_address>0x17d70</run_address>
         <size>0xc</size>
         <input_file_ref idref="fl-3"/>
      </object_component>
      <object_component id="oc-231">
         <name>.econst</name>
         <load_address>0x8fd7c</load_address>
         <run_address>0x17d7c</run_address>
         <size>0xc</size>
         <input_file_ref idref="fl-53"/>
      </object_component>
      <object_component id="oc-2a8">
         <name>.econst</name>
         <load_address>0x8fd88</load_address>
         <run_address>0x17d88</run_address>
         <size>0xc</size>
         <input_file_ref idref="fl-6a"/>
      </object_component>
      <object_component id="oc-2ff">
         <name>.econst:_aT</name>
         <load_address>0x8fd94</load_address>
         <run_address>0x17d94</run_address>
         <size>0xa</size>
         <input_file_ref idref="fl-55"/>
      </object_component>
      <object_component id="oc-2fd">
         <name>.econst:_atanhi</name>
         <load_address>0x8fd9e</load_address>
         <run_address>0x17d9e</run_address>
         <size>0x8</size>
         <input_file_ref idref="fl-55"/>
      </object_component>
      <object_component id="oc-2fe">
         <name>.econst:_atanlo</name>
         <load_address>0x8fda6</load_address>
         <run_address>0x17da6</run_address>
         <size>0x8</size>
         <input_file_ref idref="fl-55"/>
      </object_component>
      <object_component id="oc-2e3">
         <name>.econst:_$P$T0$13</name>
         <load_address>0x8fdae</load_address>
         <run_address>0x17dae</run_address>
         <size>0x6</size>
         <input_file_ref idref="fl-5"/>
      </object_component>
      <object_component id="oc-2f8">
         <name>.econst:_$P$T0$1</name>
         <load_address>0x8fdb4</load_address>
         <run_address>0x17db4</run_address>
         <size>0x6</size>
         <input_file_ref idref="fl-3"/>
      </object_component>
      <object_component id="oc-2e4">
         <name>.econst:_$P$T1$14</name>
         <load_address>0x8fdba</load_address>
         <run_address>0x17dba</run_address>
         <size>0x6</size>
         <input_file_ref idref="fl-5"/>
      </object_component>
      <object_component id="oc-2e5">
         <name>.econst:_$P$T2$49</name>
         <load_address>0x8fdc0</load_address>
         <run_address>0x17dc0</run_address>
         <size>0x6</size>
         <input_file_ref idref="fl-5"/>
      </object_component>
      <object_component id="oc-23c">
         <name>.econst</name>
         <load_address>0x8fdc6</load_address>
         <run_address>0x17dc6</run_address>
         <size>0x4</size>
         <input_file_ref idref="fl-55"/>
      </object_component>
      <object_component id="oc-1d9">
         <name>.econst:.string</name>
         <load_address>0x8fdca</load_address>
         <run_address>0x17dca</run_address>
         <size>0x2</size>
         <input_file_ref idref="fl-30"/>
      </object_component>
      <object_component id="oc-1df">
         <name>.econst:.string</name>
         <load_address>0x8fdcc</load_address>
         <run_address>0x17dcc</run_address>
         <size>0x2</size>
         <input_file_ref idref="fl-31"/>
      </object_component>
      <object_component id="oc-1e5">
         <name>.econst:.string</name>
         <load_address>0x8fdce</load_address>
         <run_address>0x17dce</run_address>
         <size>0x2</size>
         <input_file_ref idref="fl-32"/>
      </object_component>
      <object_component id="oc-1eb">
         <name>.econst:.string</name>
         <load_address>0x8fdd0</load_address>
         <run_address>0x17dd0</run_address>
         <size>0x2</size>
         <input_file_ref idref="fl-33"/>
      </object_component>
      <object_component id="oc-1f1">
         <name>.econst:.string</name>
         <load_address>0x8fdd2</load_address>
         <run_address>0x17dd2</run_address>
         <size>0x2</size>
         <input_file_ref idref="fl-34"/>
      </object_component>
      <object_component id="oc-1f7">
         <name>.econst:.string</name>
         <load_address>0x8fdd4</load_address>
         <run_address>0x17dd4</run_address>
         <size>0x2</size>
         <input_file_ref idref="fl-35"/>
      </object_component>
      <object_component id="oc-1fd">
         <name>.econst:.string</name>
         <load_address>0x8fdd6</load_address>
         <run_address>0x17dd6</run_address>
         <size>0x2</size>
         <input_file_ref idref="fl-36"/>
      </object_component>
      <object_component id="oc-1a5">
         <name>.econst</name>
         <load_address>0x8fdd8</load_address>
         <run_address>0x17dd8</run_address>
         <size>0x2</size>
         <input_file_ref idref="fl-26"/>
      </object_component>
      <object_component id="oc-2c8">
         <name>.text</name>
         <load_address>0x88000</load_address>
         <run_address>0x10000</run_address>
         <size>0x90f</size>
         <input_file_ref idref="fl-5"/>
      </object_component>
      <object_component id="oc-2b7">
         <name>.text</name>
         <load_address>0x8890f</load_address>
         <run_address>0x1090f</run_address>
         <size>0x79e</size>
         <input_file_ref idref="fl-2f"/>
      </object_component>
      <object_component id="oc-2ce">
         <name>.text</name>
         <load_address>0x890ad</load_address>
         <run_address>0x110ad</run_address>
         <size>0x6c0</size>
         <input_file_ref idref="fl-1d"/>
      </object_component>
      <object_component id="oc-2c4">
         <name>.text</name>
         <load_address>0x8976d</load_address>
         <run_address>0x1176d</run_address>
         <size>0x5c0</size>
         <input_file_ref idref="fl-36"/>
      </object_component>
      <object_component id="oc-2e0">
         <name>.text</name>
         <load_address>0x89d2d</load_address>
         <run_address>0x11d2d</run_address>
         <size>0x5bc</size>
         <input_file_ref idref="fl-4"/>
      </object_component>
      <object_component id="oc-c4">
         <name>.text:retain</name>
         <load_address>0x8a2e9</load_address>
         <run_address>0x122e9</run_address>
         <size>0x57b</size>
         <input_file_ref idref="fl-e"/>
      </object_component>
      <object_component id="oc-2be">
         <name>.text</name>
         <load_address>0x8a864</load_address>
         <run_address>0x12864</run_address>
         <size>0x4f4</size>
         <input_file_ref idref="fl-30"/>
      </object_component>
      <object_component id="oc-2c9">
         <name>.text</name>
         <load_address>0x8ad58</load_address>
         <run_address>0x12d58</run_address>
         <size>0x4b7</size>
         <input_file_ref idref="fl-19"/>
      </object_component>
      <object_component id="oc-2d4">
         <name>.text</name>
         <load_address>0x8b20f</load_address>
         <run_address>0x1320f</run_address>
         <size>0x493</size>
         <input_file_ref idref="fl-16"/>
      </object_component>
      <object_component id="oc-2cf">
         <name>.text</name>
         <load_address>0x8b6a2</load_address>
         <run_address>0x136a2</run_address>
         <size>0x43e</size>
         <input_file_ref idref="fl-1c"/>
      </object_component>
      <object_component id="oc-2ca">
         <name>.text</name>
         <load_address>0x8bae0</load_address>
         <run_address>0x13ae0</run_address>
         <size>0x41f</size>
         <input_file_ref idref="fl-7"/>
      </object_component>
      <object_component id="oc-2c7">
         <name>.text</name>
         <load_address>0x8beff</load_address>
         <run_address>0x13eff</run_address>
         <size>0x416</size>
         <input_file_ref idref="fl-20"/>
      </object_component>
      <object_component id="oc-2c0">
         <name>.text</name>
         <load_address>0x8c315</load_address>
         <run_address>0x14315</run_address>
         <size>0x3fa</size>
         <input_file_ref idref="fl-34"/>
      </object_component>
      <object_component id="oc-2ea">
         <name>.text</name>
         <load_address>0x8c70f</load_address>
         <run_address>0x1470f</run_address>
         <size>0x3ca</size>
         <input_file_ref idref="fl-3"/>
      </object_component>
      <object_component id="oc-2bb">
         <name>.text</name>
         <load_address>0x8cad9</load_address>
         <run_address>0x14ad9</run_address>
         <size>0x3c4</size>
         <input_file_ref idref="fl-2"/>
      </object_component>
      <object_component id="oc-2cb">
         <name>.text</name>
         <load_address>0x8ce9d</load_address>
         <run_address>0x14e9d</run_address>
         <size>0x3ba</size>
         <input_file_ref idref="fl-9"/>
      </object_component>
      <object_component id="oc-300">
         <name>.text:__Fapi_setupFlashStateMachine</name>
         <load_address>0x8d257</load_address>
         <run_address>0x15257</run_address>
         <size>0x259</size>
         <input_file_ref idref="fl-44"/>
      </object_component>
      <object_component id="oc-2d1">
         <name>.text</name>
         <load_address>0x8d4b0</load_address>
         <run_address>0x154b0</run_address>
         <size>0x244</size>
         <input_file_ref idref="fl-12"/>
      </object_component>
      <object_component id="oc-2c6">
         <name>.text</name>
         <load_address>0x8d6f4</load_address>
         <run_address>0x156f4</run_address>
         <size>0x227</size>
         <input_file_ref idref="fl-1a"/>
      </object_component>
      <object_component id="oc-2b8">
         <name>.text</name>
         <load_address>0x8d91b</load_address>
         <run_address>0x1591b</run_address>
         <size>0x220</size>
         <input_file_ref idref="fl-35"/>
      </object_component>
      <object_component id="oc-2cc">
         <name>.text</name>
         <load_address>0x8db3b</load_address>
         <run_address>0x15b3b</run_address>
         <size>0x20d</size>
         <input_file_ref idref="fl-6"/>
      </object_component>
      <object_component id="oc-2cd">
         <name>.text</name>
         <load_address>0x8dd48</load_address>
         <run_address>0x15d48</run_address>
         <size>0x201</size>
         <input_file_ref idref="fl-1e"/>
      </object_component>
      <object_component id="oc-2de">
         <name>.text</name>
         <load_address>0x8df49</load_address>
         <run_address>0x15f49</run_address>
         <size>0x1ff</size>
         <input_file_ref idref="fl-22"/>
      </object_component>
      <object_component id="oc-2f5">
         <name>.text:_Fapi_issueProgrammingCommand</name>
         <load_address>0x8e148</load_address>
         <run_address>0x16148</run_address>
         <size>0x19d</size>
         <input_file_ref idref="fl-45"/>
      </object_component>
      <object_component id="oc-162">
         <name>.text:retain</name>
         <load_address>0x8e2e5</load_address>
         <run_address>0x162e5</run_address>
         <size>0x19a</size>
         <input_file_ref idref="fl-1a"/>
      </object_component>
      <object_component id="oc-2bf">
         <name>.text</name>
         <load_address>0x8e47f</load_address>
         <run_address>0x1647f</run_address>
         <size>0x194</size>
         <input_file_ref idref="fl-32"/>
      </object_component>
      <object_component id="oc-2b9">
         <name>.text</name>
         <load_address>0x8e613</load_address>
         <run_address>0x16613</run_address>
         <size>0x13f</size>
         <input_file_ref idref="fl-2c"/>
      </object_component>
      <object_component id="oc-2df">
         <name>.text</name>
         <load_address>0x8e752</load_address>
         <run_address>0x16752</run_address>
         <size>0x10e</size>
         <input_file_ref idref="fl-23"/>
      </object_component>
      <object_component id="oc-2c2">
         <name>.text</name>
         <load_address>0x8e860</load_address>
         <run_address>0x16860</run_address>
         <size>0x10d</size>
         <input_file_ref idref="fl-37"/>
      </object_component>
      <object_component id="oc-2d9">
         <name>.text</name>
         <load_address>0x8e96d</load_address>
         <run_address>0x1696d</run_address>
         <size>0xfd</size>
         <input_file_ref idref="fl-10"/>
      </object_component>
      <object_component id="oc-2dd">
         <name>.text</name>
         <load_address>0x8ea6a</load_address>
         <run_address>0x16a6a</run_address>
         <size>0xf1</size>
         <input_file_ref idref="fl-52"/>
      </object_component>
      <object_component id="oc-2db">
         <name>.text</name>
         <load_address>0x8eb5b</load_address>
         <run_address>0x16b5b</run_address>
         <size>0xd9</size>
         <input_file_ref idref="fl-b"/>
      </object_component>
      <object_component id="oc-2e1">
         <name>.text</name>
         <load_address>0x8ec34</load_address>
         <run_address>0x16c34</run_address>
         <size>0xd4</size>
         <input_file_ref idref="fl-53"/>
      </object_component>
      <object_component id="oc-2ef">
         <name>.text</name>
         <load_address>0x8ed08</load_address>
         <run_address>0x16d08</run_address>
         <size>0xcb</size>
         <input_file_ref idref="fl-55"/>
      </object_component>
      <object_component id="oc-2f7">
         <name>.text:_Fapi_doMarginRead</name>
         <load_address>0x8edd3</load_address>
         <run_address>0x16dd3</run_address>
         <size>0xad</size>
         <input_file_ref idref="fl-40"/>
      </object_component>
      <object_component id="oc-1c1">
         <name>.text</name>
         <load_address>0x8ee80</load_address>
         <run_address>0x16e80</run_address>
         <size>0xa4</size>
         <input_file_ref idref="fl-2b"/>
      </object_component>
      <object_component id="oc-2e7">
         <name>.text</name>
         <load_address>0x8ef24</load_address>
         <run_address>0x16f24</run_address>
         <size>0x9e</size>
         <input_file_ref idref="fl-8"/>
      </object_component>
      <object_component id="oc-251">
         <name>.text</name>
         <load_address>0x8efc2</load_address>
         <run_address>0x16fc2</run_address>
         <size>0x9c</size>
         <input_file_ref idref="fl-59"/>
      </object_component>
      <object_component id="oc-2ed">
         <name>.text</name>
         <load_address>0x8f05e</load_address>
         <run_address>0x1705e</run_address>
         <size>0x92</size>
         <input_file_ref idref="fl-6a"/>
      </object_component>
      <object_component id="oc-2c1">
         <name>.text</name>
         <load_address>0x8f0f0</load_address>
         <run_address>0x170f0</run_address>
         <size>0x8d</size>
         <input_file_ref idref="fl-2e"/>
      </object_component>
      <object_component id="oc-304">
         <name>.text:__Fapi_loopRegionForValue</name>
         <load_address>0x8f17d</load_address>
         <run_address>0x1717d</run_address>
         <size>0x88</size>
         <input_file_ref idref="fl-40"/>
      </object_component>
      <object_component id="oc-260">
         <name>.text</name>
         <load_address>0x8f205</load_address>
         <run_address>0x17205</run_address>
         <size>0x88</size>
         <input_file_ref idref="fl-5c"/>
      </object_component>
      <object_component id="oc-256">
         <name>.text</name>
         <load_address>0x8f28d</load_address>
         <run_address>0x1728d</run_address>
         <size>0x83</size>
         <input_file_ref idref="fl-5a"/>
      </object_component>
      <object_component id="oc-2d7">
         <name>.text</name>
         <load_address>0x8f310</load_address>
         <run_address>0x17310</run_address>
         <size>0x7c</size>
         <input_file_ref idref="fl-d"/>
      </object_component>
      <object_component id="oc-2da">
         <name>.text</name>
         <load_address>0x8f38c</load_address>
         <run_address>0x1738c</run_address>
         <size>0x79</size>
         <input_file_ref idref="fl-f"/>
      </object_component>
      <object_component id="oc-2e8">
         <name>.text</name>
         <load_address>0x8f405</load_address>
         <run_address>0x17405</run_address>
         <size>0x61</size>
         <input_file_ref idref="fl-56"/>
      </object_component>
      <object_component id="oc-2e9">
         <name>.text</name>
         <load_address>0x8f466</load_address>
         <run_address>0x17466</run_address>
         <size>0x61</size>
         <input_file_ref idref="fl-57"/>
      </object_component>
      <object_component id="oc-2d8">
         <name>.text</name>
         <load_address>0x8f4c7</load_address>
         <run_address>0x174c7</run_address>
         <size>0x5d</size>
         <input_file_ref idref="fl-15"/>
      </object_component>
      <object_component id="oc-7a">
         <name>.text</name>
         <load_address>0x8f524</load_address>
         <run_address>0x17524</run_address>
         <size>0x56</size>
         <input_file_ref idref="fl-58"/>
      </object_component>
      <object_component id="oc-2f4">
         <name>.text:_Fapi_doBlankCheck</name>
         <load_address>0x8f57a</load_address>
         <run_address>0x1757a</run_address>
         <size>0x42</size>
         <input_file_ref idref="fl-41"/>
      </object_component>
      <object_component id="oc-2f0">
         <name>.text:_Fapi_initializeAPI</name>
         <load_address>0x8f5bc</load_address>
         <run_address>0x175bc</run_address>
         <size>0x34</size>
         <input_file_ref idref="fl-43"/>
      </object_component>
      <object_component id="oc-30b">
         <name>.text:_Fapi_calculateFletcherChecksum</name>
         <load_address>0x8f5f0</load_address>
         <run_address>0x175f0</run_address>
         <size>0x2e</size>
         <input_file_ref idref="fl-42"/>
      </object_component>
      <object_component id="oc-301">
         <name>.text:__Fapi_issueFsmCommand</name>
         <load_address>0x8f61e</load_address>
         <run_address>0x1761e</run_address>
         <size>0x2d</size>
         <input_file_ref idref="fl-44"/>
      </object_component>
      <object_component id="oc-307">
         <name>.text:__Fapi_divideUnsignedLong</name>
         <load_address>0x8f64b</load_address>
         <run_address>0x1764b</run_address>
         <size>0x2c</size>
         <input_file_ref idref="fl-42"/>
      </object_component>
      <object_component id="oc-2ad">
         <name>.text</name>
         <load_address>0x8f677</load_address>
         <run_address>0x17677</run_address>
         <size>0x2a</size>
         <input_file_ref idref="fl-6b"/>
      </object_component>
      <object_component id="oc-26f">
         <name>.text</name>
         <load_address>0x8f6a1</load_address>
         <run_address>0x176a1</run_address>
         <size>0x2a</size>
         <input_file_ref idref="fl-5f"/>
      </object_component>
      <object_component id="oc-2b6">
         <name>.text</name>
         <load_address>0x8f6cb</load_address>
         <run_address>0x176cb</run_address>
         <size>0x29</size>
         <input_file_ref idref="fl-66"/>
      </object_component>
      <object_component id="oc-2d5">
         <name>.text</name>
         <load_address>0x8f6f4</load_address>
         <run_address>0x176f4</run_address>
         <size>0x28</size>
         <input_file_ref idref="fl-13"/>
      </object_component>
      <object_component id="oc-2d6">
         <name>.text</name>
         <load_address>0x8f71c</load_address>
         <run_address>0x1771c</run_address>
         <size>0x26</size>
         <input_file_ref idref="fl-14"/>
      </object_component>
      <object_component id="oc-2ee">
         <name>.text</name>
         <load_address>0x8f742</load_address>
         <run_address>0x17742</run_address>
         <size>0x26</size>
         <input_file_ref idref="fl-54"/>
      </object_component>
      <object_component id="oc-2f1">
         <name>.text:_Fapi_setActiveFlashBank</name>
         <load_address>0x8f768</load_address>
         <run_address>0x17768</run_address>
         <size>0x25</size>
         <input_file_ref idref="fl-44"/>
      </object_component>
      <object_component id="oc-2b3">
         <name>.text</name>
         <load_address>0x8f78d</load_address>
         <run_address>0x1778d</run_address>
         <size>0x24</size>
         <input_file_ref idref="fl-62"/>
      </object_component>
      <object_component id="oc-279">
         <name>.text</name>
         <load_address>0x8f7b1</load_address>
         <run_address>0x177b1</run_address>
         <size>0x23</size>
         <input_file_ref idref="fl-61"/>
      </object_component>
      <object_component id="oc-305">
         <name>.text:_Fapi_isAddressEcc</name>
         <load_address>0x8f7d4</load_address>
         <run_address>0x177d4</run_address>
         <size>0x22</size>
         <input_file_ref idref="fl-46"/>
      </object_component>
      <object_component id="oc-302">
         <name>.text:__Fapi_setupSectorsForWrite</name>
         <load_address>0x8f7f6</load_address>
         <run_address>0x177f6</run_address>
         <size>0x22</size>
         <input_file_ref idref="fl-44"/>
      </object_component>
      <object_component id="oc-265">
         <name>.text</name>
         <load_address>0x8f818</load_address>
         <run_address>0x17818</run_address>
         <size>0x22</size>
         <input_file_ref idref="fl-5d"/>
      </object_component>
      <object_component id="oc-2f2">
         <name>.text:_Fapi_issueAsyncCommandWithAddress</name>
         <load_address>0x8f83a</load_address>
         <run_address>0x1783a</run_address>
         <size>0x20</size>
         <input_file_ref idref="fl-3f"/>
      </object_component>
      <object_component id="oc-2d0">
         <name>.text</name>
         <load_address>0x8f85a</load_address>
         <run_address>0x1785a</run_address>
         <size>0x1f</size>
         <input_file_ref idref="fl-1f"/>
      </object_component>
      <object_component id="oc-19a">
         <name>.text</name>
         <load_address>0x8f879</load_address>
         <run_address>0x17879</run_address>
         <size>0x1f</size>
         <input_file_ref idref="fl-24"/>
      </object_component>
      <object_component id="oc-2ba">
         <name>.text</name>
         <load_address>0x8f898</load_address>
         <run_address>0x17898</run_address>
         <size>0x1d</size>
         <input_file_ref idref="fl-63"/>
      </object_component>
      <object_component id="oc-274">
         <name>.text</name>
         <load_address>0x8f8b5</load_address>
         <run_address>0x178b5</run_address>
         <size>0x1c</size>
         <input_file_ref idref="fl-60"/>
      </object_component>
      <object_component id="oc-30a">
         <name>.text:_Fapi_waitDelay</name>
         <load_address>0x8f8d1</load_address>
         <run_address>0x178d1</run_address>
         <size>0x1a</size>
         <input_file_ref idref="fl-42"/>
      </object_component>
      <object_component id="oc-2b5">
         <name>.text</name>
         <load_address>0x8f8eb</load_address>
         <run_address>0x178eb</run_address>
         <size>0x19</size>
         <input_file_ref idref="fl-68"/>
      </object_component>
      <object_component id="oc-303">
         <name>.text:_Fapi_flushPipeline</name>
         <load_address>0x8f904</load_address>
         <run_address>0x17904</run_address>
         <size>0x16</size>
         <input_file_ref idref="fl-40"/>
      </object_component>
      <object_component id="oc-2c5">
         <name>.text</name>
         <load_address>0x8f91a</load_address>
         <run_address>0x1791a</run_address>
         <size>0x12</size>
         <input_file_ref idref="fl-1b"/>
      </object_component>
      <object_component id="oc-25b">
         <name>.text</name>
         <load_address>0x8f92c</load_address>
         <run_address>0x1792c</run_address>
         <size>0xe</size>
         <input_file_ref idref="fl-5b"/>
      </object_component>
      <object_component id="oc-309">
         <name>.text:__Fapi_scaleCycleValues</name>
         <load_address>0x8f93a</load_address>
         <run_address>0x1793a</run_address>
         <size>0xd</size>
         <input_file_ref idref="fl-42"/>
      </object_component>
      <object_component id="oc-308">
         <name>.text:__Fapi_calculateOtpChecksum</name>
         <load_address>0x8f947</load_address>
         <run_address>0x17947</run_address>
         <size>0xb</size>
         <input_file_ref idref="fl-42"/>
      </object_component>
      <object_component id="oc-26a">
         <name>.text</name>
         <load_address>0x8f952</load_address>
         <run_address>0x17952</run_address>
         <size>0xb</size>
         <input_file_ref idref="fl-5e"/>
      </object_component>
      <object_component id="oc-2f3">
         <name>.text:_Fapi_checkFsmForReady</name>
         <load_address>0x8f95d</load_address>
         <run_address>0x1795d</run_address>
         <size>0xa</size>
         <input_file_ref idref="fl-46"/>
      </object_component>
      <object_component id="oc-2d2">
         <name>.text</name>
         <load_address>0x8f967</load_address>
         <run_address>0x17967</run_address>
         <size>0x9</size>
         <input_file_ref idref="fl-67"/>
      </object_component>
      <object_component id="oc-2f6">
         <name>.text:_Fapi_getFsmStatus</name>
         <load_address>0x8f970</load_address>
         <run_address>0x17970</run_address>
         <size>0x6</size>
         <input_file_ref idref="fl-44"/>
      </object_component>
      <object_component id="oc-14f">
         <name>.text</name>
         <load_address>0x8f976</load_address>
         <run_address>0x17976</run_address>
         <size>0x4</size>
         <input_file_ref idref="fl-17"/>
      </object_component>
      <object_component id="oc-2b2">
         <name>.text</name>
         <load_address>0x8f97a</load_address>
         <run_address>0x1797a</run_address>
         <size>0x2</size>
         <input_file_ref idref="fl-64"/>
      </object_component>
      <object_component id="oc-2b4">
         <name>.text</name>
         <load_address>0x8f97c</load_address>
         <run_address>0x1797c</run_address>
         <size>0x1</size>
         <input_file_ref idref="fl-65"/>
      </object_component>
      <object_component id="oc-134">
         <name>PieVectTableFile</name>
         <uninitialized>true</uninitialized>
         <run_address>0xd00</run_address>
         <size>0x1c0</size>
         <input_file_ref idref="fl-11"/>
      </object_component>
      <object_component id="oc-d5">
         <name>EmuBModeVar</name>
         <uninitialized>true</uninitialized>
         <run_address>0xd00</run_address>
         <size>0x1</size>
         <input_file_ref idref="fl-11"/>
      </object_component>
      <object_component id="oc-d4">
         <name>EmuBootPinsVar</name>
         <uninitialized>true</uninitialized>
         <run_address>0xd01</run_address>
         <size>0x1</size>
         <input_file_ref idref="fl-11"/>
      </object_component>
      <object_component id="oc-ed">
         <name>AdcaResultFile</name>
         <uninitialized>true</uninitialized>
         <run_address>0xb00</run_address>
         <size>0x18</size>
         <input_file_ref idref="fl-11"/>
      </object_component>
      <object_component id="oc-ee">
         <name>AdcbResultFile</name>
         <uninitialized>true</uninitialized>
         <run_address>0xb20</run_address>
         <size>0x18</size>
         <input_file_ref idref="fl-11"/>
      </object_component>
      <object_component id="oc-eb">
         <name>AdccResultFile</name>
         <uninitialized>true</uninitialized>
         <run_address>0xb40</run_address>
         <size>0x18</size>
         <input_file_ref idref="fl-11"/>
      </object_component>
      <object_component id="oc-ec">
         <name>AdcdResultFile</name>
         <uninitialized>true</uninitialized>
         <run_address>0xb60</run_address>
         <size>0x18</size>
         <input_file_ref idref="fl-11"/>
      </object_component>
      <object_component id="oc-11a">
         <name>AdcaRegsFile</name>
         <uninitialized>true</uninitialized>
         <run_address>0x7400</run_address>
         <size>0x80</size>
         <input_file_ref idref="fl-11"/>
      </object_component>
      <object_component id="oc-11b">
         <name>AdcbRegsFile</name>
         <uninitialized>true</uninitialized>
         <run_address>0x7480</run_address>
         <size>0x80</size>
         <input_file_ref idref="fl-11"/>
      </object_component>
      <object_component id="oc-11c">
         <name>AdccRegsFile</name>
         <uninitialized>true</uninitialized>
         <run_address>0x7500</run_address>
         <size>0x80</size>
         <input_file_ref idref="fl-11"/>
      </object_component>
      <object_component id="oc-11f">
         <name>AdcdRegsFile</name>
         <uninitialized>true</uninitialized>
         <run_address>0x7580</run_address>
         <size>0x80</size>
         <input_file_ref idref="fl-11"/>
      </object_component>
      <object_component id="oc-117">
         <name>AnalogSubsysRegsFile</name>
         <uninitialized>true</uninitialized>
         <run_address>0x5d180</run_address>
         <size>0x48</size>
         <input_file_ref idref="fl-11"/>
      </object_component>
      <object_component id="oc-130">
         <name>CanaRegsFile</name>
         <uninitialized>true</uninitialized>
         <run_address>0x48000</run_address>
         <size>0x164</size>
         <input_file_ref idref="fl-11"/>
      </object_component>
      <object_component id="oc-131">
         <name>CanbRegsFile</name>
         <uninitialized>true</uninitialized>
         <run_address>0x4a000</run_address>
         <size>0x164</size>
         <input_file_ref idref="fl-11"/>
      </object_component>
      <object_component id="oc-111">
         <name>Cla1RegsFile</name>
         <uninitialized>true</uninitialized>
         <run_address>0x1400</run_address>
         <size>0x3e</size>
         <input_file_ref idref="fl-11"/>
      </object_component>
      <object_component id="oc-d9">
         <name>Cla1SoftIntRegsFile</name>
         <uninitialized>true</uninitialized>
         <run_address>0xce0</run_address>
         <size>0x4</size>
         <input_file_ref idref="fl-11"/>
      </object_component>
      <object_component id="oc-fb">
         <name>Cmpss1RegsFile</name>
         <uninitialized>true</uninitialized>
         <run_address>0x5c80</run_address>
         <size>0x20</size>
         <input_file_ref idref="fl-11"/>
      </object_component>
      <object_component id="oc-fe">
         <name>Cmpss2RegsFile</name>
         <uninitialized>true</uninitialized>
         <run_address>0x5ca0</run_address>
         <size>0x20</size>
         <input_file_ref idref="fl-11"/>
      </object_component>
      <object_component id="oc-fd">
         <name>Cmpss3RegsFile</name>
         <uninitialized>true</uninitialized>
         <run_address>0x5cc0</run_address>
         <size>0x20</size>
         <input_file_ref idref="fl-11"/>
      </object_component>
      <object_component id="oc-100">
         <name>Cmpss4RegsFile</name>
         <uninitialized>true</uninitialized>
         <run_address>0x5ce0</run_address>
         <size>0x20</size>
         <input_file_ref idref="fl-11"/>
      </object_component>
      <object_component id="oc-ff">
         <name>Cmpss5RegsFile</name>
         <uninitialized>true</uninitialized>
         <run_address>0x5d00</run_address>
         <size>0x20</size>
         <input_file_ref idref="fl-11"/>
      </object_component>
      <object_component id="oc-fa">
         <name>Cmpss6RegsFile</name>
         <uninitialized>true</uninitialized>
         <run_address>0x5d20</run_address>
         <size>0x20</size>
         <input_file_ref idref="fl-11"/>
      </object_component>
      <object_component id="oc-f9">
         <name>Cmpss7RegsFile</name>
         <uninitialized>true</uninitialized>
         <run_address>0x5d40</run_address>
         <size>0x20</size>
         <input_file_ref idref="fl-11"/>
      </object_component>
      <object_component id="oc-fc">
         <name>Cmpss8RegsFile</name>
         <uninitialized>true</uninitialized>
         <run_address>0x5d60</run_address>
         <size>0x20</size>
         <input_file_ref idref="fl-11"/>
      </object_component>
      <object_component id="oc-e0">
         <name>CpuTimer0RegsFile</name>
         <uninitialized>true</uninitialized>
         <run_address>0xc00</run_address>
         <size>0x8</size>
         <input_file_ref idref="fl-11"/>
      </object_component>
      <object_component id="oc-e2">
         <name>CpuTimer1RegsFile</name>
         <uninitialized>true</uninitialized>
         <run_address>0xc08</run_address>
         <size>0x8</size>
         <input_file_ref idref="fl-11"/>
      </object_component>
      <object_component id="oc-dd">
         <name>CpuTimer2RegsFile</name>
         <uninitialized>true</uninitialized>
         <run_address>0xc10</run_address>
         <size>0x8</size>
         <input_file_ref idref="fl-11"/>
      </object_component>
      <object_component id="oc-dc">
         <name>DacaRegsFile</name>
         <uninitialized>true</uninitialized>
         <run_address>0x5c00</run_address>
         <size>0x8</size>
         <input_file_ref idref="fl-11"/>
      </object_component>
      <object_component id="oc-e1">
         <name>DacbRegsFile</name>
         <uninitialized>true</uninitialized>
         <run_address>0x5c10</run_address>
         <size>0x8</size>
         <input_file_ref idref="fl-11"/>
      </object_component>
      <object_component id="oc-de">
         <name>DaccRegsFile</name>
         <uninitialized>true</uninitialized>
         <run_address>0x5c20</run_address>
         <size>0x8</size>
         <input_file_ref idref="fl-11"/>
      </object_component>
      <object_component id="oc-109">
         <name>DcsmZ1RegsFile</name>
         <uninitialized>true</uninitialized>
         <run_address>0x5f000</run_address>
         <size>0x24</size>
         <input_file_ref idref="fl-11"/>
      </object_component>
      <object_component id="oc-10a">
         <name>DcsmZ2RegsFile</name>
         <uninitialized>true</uninitialized>
         <run_address>0x5f040</run_address>
         <size>0x24</size>
         <input_file_ref idref="fl-11"/>
      </object_component>
      <object_component id="oc-df">
         <name>DcsmCommonRegsFile</name>
         <uninitialized>true</uninitialized>
         <run_address>0x5f070</run_address>
         <size>0x8</size>
         <input_file_ref idref="fl-11"/>
      </object_component>
      <object_component id="oc-122">
         <name>DmaRegsFile</name>
         <uninitialized>true</uninitialized>
         <run_address>0x1000</run_address>
         <size>0xe0</size>
         <input_file_ref idref="fl-11"/>
      </object_component>
      <object_component id="oc-f0">
         <name>DmaClaSrcSelRegsFile</name>
         <uninitialized>true</uninitialized>
         <run_address>0x7980</run_address>
         <size>0x1a</size>
         <input_file_ref idref="fl-11"/>
      </object_component>
      <object_component id="oc-102">
         <name>ECap1RegsFile</name>
         <uninitialized>true</uninitialized>
         <run_address>0x5000</run_address>
         <size>0x20</size>
         <input_file_ref idref="fl-11"/>
      </object_component>
      <object_component id="oc-101">
         <name>ECap2RegsFile</name>
         <uninitialized>true</uninitialized>
         <run_address>0x5020</run_address>
         <size>0x20</size>
         <input_file_ref idref="fl-11"/>
      </object_component>
      <object_component id="oc-f1">
         <name>ECap3RegsFile</name>
         <uninitialized>true</uninitialized>
         <run_address>0x5040</run_address>
         <size>0x20</size>
         <input_file_ref idref="fl-11"/>
      </object_component>
      <object_component id="oc-f2">
         <name>ECap4RegsFile</name>
         <uninitialized>true</uninitialized>
         <run_address>0x5060</run_address>
         <size>0x20</size>
         <input_file_ref idref="fl-11"/>
      </object_component>
      <object_component id="oc-f3">
         <name>ECap5RegsFile</name>
         <uninitialized>true</uninitialized>
         <run_address>0x5080</run_address>
         <size>0x20</size>
         <input_file_ref idref="fl-11"/>
      </object_component>
      <object_component id="oc-f6">
         <name>ECap6RegsFile</name>
         <uninitialized>true</uninitialized>
         <run_address>0x50a0</run_address>
         <size>0x20</size>
         <input_file_ref idref="fl-11"/>
      </object_component>
      <object_component id="oc-118">
         <name>Emif1RegsFile</name>
         <uninitialized>true</uninitialized>
         <run_address>0x47000</run_address>
         <size>0x70</size>
         <input_file_ref idref="fl-11"/>
      </object_component>
      <object_component id="oc-119">
         <name>Emif2RegsFile</name>
         <uninitialized>true</uninitialized>
         <run_address>0x47800</run_address>
         <size>0x70</size>
         <input_file_ref idref="fl-11"/>
      </object_component>
      <object_component id="oc-127">
         <name>EPwm1RegsFile</name>
         <uninitialized>true</uninitialized>
         <run_address>0x4000</run_address>
         <size>0x100</size>
         <input_file_ref idref="fl-11"/>
      </object_component>
      <object_component id="oc-126">
         <name>EPwm2RegsFile</name>
         <uninitialized>true</uninitialized>
         <run_address>0x4100</run_address>
         <size>0x100</size>
         <input_file_ref idref="fl-11"/>
      </object_component>
      <object_component id="oc-129">
         <name>EPwm3RegsFile</name>
         <uninitialized>true</uninitialized>
         <run_address>0x4200</run_address>
         <size>0x100</size>
         <input_file_ref idref="fl-11"/>
      </object_component>
      <object_component id="oc-124">
         <name>EPwm4RegsFile</name>
         <uninitialized>true</uninitialized>
         <run_address>0x4300</run_address>
         <size>0x100</size>
         <input_file_ref idref="fl-11"/>
      </object_component>
      <object_component id="oc-123">
         <name>EPwm5RegsFile</name>
         <uninitialized>true</uninitialized>
         <run_address>0x4400</run_address>
         <size>0x100</size>
         <input_file_ref idref="fl-11"/>
      </object_component>
      <object_component id="oc-128">
         <name>EPwm6RegsFile</name>
         <uninitialized>true</uninitialized>
         <run_address>0x4500</run_address>
         <size>0x100</size>
         <input_file_ref idref="fl-11"/>
      </object_component>
      <object_component id="oc-125">
         <name>EPwm7RegsFile</name>
         <uninitialized>true</uninitialized>
         <run_address>0x4600</run_address>
         <size>0x100</size>
         <input_file_ref idref="fl-11"/>
      </object_component>
      <object_component id="oc-12e">
         <name>EPwm8RegsFile</name>
         <uninitialized>true</uninitialized>
         <run_address>0x4700</run_address>
         <size>0x100</size>
         <input_file_ref idref="fl-11"/>
      </object_component>
      <object_component id="oc-12c">
         <name>EPwm9RegsFile</name>
         <uninitialized>true</uninitialized>
         <run_address>0x4800</run_address>
         <size>0x100</size>
         <input_file_ref idref="fl-11"/>
      </object_component>
      <object_component id="oc-12d">
         <name>EPwm10RegsFile</name>
         <uninitialized>true</uninitialized>
         <run_address>0x4900</run_address>
         <size>0x100</size>
         <input_file_ref idref="fl-11"/>
      </object_component>
      <object_component id="oc-12a">
         <name>EPwm11RegsFile</name>
         <uninitialized>true</uninitialized>
         <run_address>0x4a00</run_address>
         <size>0x100</size>
         <input_file_ref idref="fl-11"/>
      </object_component>
      <object_component id="oc-12b">
         <name>EPwm12RegsFile</name>
         <uninitialized>true</uninitialized>
         <run_address>0x4b00</run_address>
         <size>0x100</size>
         <input_file_ref idref="fl-11"/>
      </object_component>
      <object_component id="oc-114">
         <name>EPwmXbarRegsFile</name>
         <uninitialized>true</uninitialized>
         <run_address>0x7a00</run_address>
         <size>0x40</size>
         <input_file_ref idref="fl-11"/>
      </object_component>
      <object_component id="oc-105">
         <name>EQep1RegsFile</name>
         <uninitialized>true</uninitialized>
         <run_address>0x5100</run_address>
         <size>0x22</size>
         <input_file_ref idref="fl-11"/>
      </object_component>
      <object_component id="oc-106">
         <name>EQep2RegsFile</name>
         <uninitialized>true</uninitialized>
         <run_address>0x5140</run_address>
         <size>0x22</size>
         <input_file_ref idref="fl-11"/>
      </object_component>
      <object_component id="oc-107">
         <name>EQep3RegsFile</name>
         <uninitialized>true</uninitialized>
         <run_address>0x5180</run_address>
         <size>0x22</size>
         <input_file_ref idref="fl-11"/>
      </object_component>
      <object_component id="oc-133">
         <name>Flash0CtrlRegsFile</name>
         <uninitialized>true</uninitialized>
         <run_address>0x5f800</run_address>
         <size>0x182</size>
         <input_file_ref idref="fl-11"/>
      </object_component>
      <object_component id="oc-10d">
         <name>Flash0EccRegsFile</name>
         <uninitialized>true</uninitialized>
         <run_address>0x5fb00</run_address>
         <size>0x28</size>
         <input_file_ref idref="fl-11"/>
      </object_component>
      <object_component id="oc-132">
         <name>GpioCtrlRegsFile</name>
         <uninitialized>true</uninitialized>
         <run_address>0x7c00</run_address>
         <size>0x180</size>
         <input_file_ref idref="fl-11"/>
      </object_component>
      <object_component id="oc-10f">
         <name>GpioDataRegsFile</name>
         <uninitialized>true</uninitialized>
         <run_address>0x7f00</run_address>
         <size>0x30</size>
         <input_file_ref idref="fl-11"/>
      </object_component>
      <object_component id="oc-115">
         <name>OutputXbarRegsFile</name>
         <uninitialized>true</uninitialized>
         <run_address>0x7a80</run_address>
         <size>0x40</size>
         <input_file_ref idref="fl-11"/>
      </object_component>
      <object_component id="oc-104">
         <name>I2caRegsFile</name>
         <uninitialized>true</uninitialized>
         <run_address>0x7300</run_address>
         <size>0x22</size>
         <input_file_ref idref="fl-11"/>
      </object_component>
      <object_component id="oc-103">
         <name>I2cbRegsFile</name>
         <uninitialized>true</uninitialized>
         <run_address>0x7340</run_address>
         <size>0x22</size>
         <input_file_ref idref="fl-11"/>
      </object_component>
      <object_component id="oc-f7">
         <name>InputXbarRegsFile</name>
         <uninitialized>true</uninitialized>
         <run_address>0x7900</run_address>
         <size>0x20</size>
         <input_file_ref idref="fl-11"/>
      </object_component>
      <object_component id="oc-f4">
         <name>XbarRegsFile</name>
         <uninitialized>true</uninitialized>
         <run_address>0x7920</run_address>
         <size>0x20</size>
         <input_file_ref idref="fl-11"/>
      </object_component>
      <object_component id="oc-10c">
         <name>IpcRegsFile</name>
         <uninitialized>true</uninitialized>
         <run_address>0x50000</run_address>
         <size>0x24</size>
         <input_file_ref idref="fl-11"/>
      </object_component>
      <object_component id="oc-d7">
         <name>FlashPumpSemaphoreRegsFile</name>
         <uninitialized>true</uninitialized>
         <run_address>0x50024</run_address>
         <size>0x2</size>
         <input_file_ref idref="fl-11"/>
      </object_component>
      <object_component id="oc-d6">
         <name>RomPrefetchRegsFile</name>
         <uninitialized>true</uninitialized>
         <run_address>0x5e608</run_address>
         <size>0x2</size>
         <input_file_ref idref="fl-11"/>
      </object_component>
      <object_component id="oc-11d">
         <name>MemCfgRegsFile</name>
         <uninitialized>true</uninitialized>
         <run_address>0x5f400</run_address>
         <size>0x80</size>
         <input_file_ref idref="fl-11"/>
      </object_component>
      <object_component id="oc-f5">
         <name>Emif1ConfigRegsFile</name>
         <uninitialized>true</uninitialized>
         <run_address>0x5f480</run_address>
         <size>0x20</size>
         <input_file_ref idref="fl-11"/>
      </object_component>
      <object_component id="oc-f8">
         <name>Emif2ConfigRegsFile</name>
         <uninitialized>true</uninitialized>
         <run_address>0x5f4a0</run_address>
         <size>0x20</size>
         <input_file_ref idref="fl-11"/>
      </object_component>
      <object_component id="oc-112">
         <name>AccessProtectionRegsFile</name>
         <uninitialized>true</uninitialized>
         <run_address>0x5f4c0</run_address>
         <size>0x40</size>
         <input_file_ref idref="fl-11"/>
      </object_component>
      <object_component id="oc-113">
         <name>MemoryErrorRegsFile</name>
         <uninitialized>true</uninitialized>
         <run_address>0x5f500</run_address>
         <size>0x40</size>
         <input_file_ref idref="fl-11"/>
      </object_component>
      <object_component id="oc-d8">
         <name>RomWaitStateRegsFile</name>
         <uninitialized>true</uninitialized>
         <run_address>0x5f540</run_address>
         <size>0x2</size>
         <input_file_ref idref="fl-11"/>
      </object_component>
      <object_component id="oc-10b">
         <name>McbspaRegsFile</name>
         <uninitialized>true</uninitialized>
         <run_address>0x6000</run_address>
         <size>0x24</size>
         <input_file_ref idref="fl-11"/>
      </object_component>
      <object_component id="oc-108">
         <name>McbspbRegsFile</name>
         <uninitialized>true</uninitialized>
         <run_address>0x6040</run_address>
         <size>0x24</size>
         <input_file_ref idref="fl-11"/>
      </object_component>
      <object_component id="oc-116">
         <name>UppRegsFile</name>
         <uninitialized>true</uninitialized>
         <run_address>0x6200</run_address>
         <size>0x48</size>
         <input_file_ref idref="fl-11"/>
      </object_component>
      <object_component id="oc-db">
         <name>NmiIntruptRegsFile</name>
         <uninitialized>true</uninitialized>
         <run_address>0x7060</run_address>
         <size>0x7</size>
[...]
      <symbol id="sm-992">
         <name>_OSSchedUnlock</name>
         <value>0x10ba9</value>
         <object_component_ref idref="oc-2b7"/>
      </symbol>
      <symbol id="sm-993">
         <name>_OSEventFreeList</name>
         <value>0xec16</value>
         <object_component_ref idref="oc-1d2"/>
      </symbol>
      <symbol id="sm-a10">
         <name>_OSFlagNameSet</name>
         <value>0x129e1</value>
         <object_component_ref idref="oc-2be"/>
      </symbol>
      <symbol id="sm-a11">
         <name>_OSFlagAccept</name>
         <value>0x12864</value>
         <object_component_ref idref="oc-2be"/>
      </symbol>
      <symbol id="sm-a12">
         <name>_OS_FlagUnlink</name>
         <value>0x12d33</value>
         <object_component_ref idref="oc-2be"/>
      </symbol>
      <symbol id="sm-a13">
         <name>_OSFlagPendGetFlagsRdy</name>
         <value>0x12b6b</value>
         <object_component_ref idref="oc-2be"/>
      </symbol>
      <symbol id="sm-a14">
         <name>_OS_FlagInit</name>
         <value>0x12cb7</value>
         <object_component_ref idref="oc-2be"/>
      </symbol>
      <symbol id="sm-a15">
         <name>_OSFlagDel</name>
         <value>0x12922</value>
         <object_component_ref idref="oc-2be"/>
      </symbol>
      <symbol id="sm-a16">
         <name>_OSFlagNameGet</name>
         <value>0x129a7</value>
         <object_component_ref idref="oc-2be"/>
      </symbol>
      <symbol id="sm-a17">
         <name>_OSFlagPost</name>
         <value>0x12b7c</value>
         <object_component_ref idref="oc-2be"/>
      </symbol>
      <symbol id="sm-a18">
         <name>_OSFlagCreate</name>
         <value>0x128ef</value>
         <object_component_ref idref="oc-2be"/>
      </symbol>
      <symbol id="sm-a19">
         <name>_OSFlagQuery</name>
         <value>0x12c3c</value>
         <object_component_ref idref="oc-2be"/>
      </symbol>
      <symbol id="sm-a1a">
         <name>_OSFlagPend</name>
         <value>0x12a10</value>
         <object_component_ref idref="oc-2be"/>
      </symbol>
      <symbol id="sm-a52">
         <name>_OSMemCreate</name>
         <value>0x1647f</value>
         <object_component_ref idref="oc-2bf"/>
      </symbol>
      <symbol id="sm-a53">
         <name>_OSMemPut</name>
         <value>0x16570</value>
         <object_component_ref idref="oc-2bf"/>
      </symbol>
      <symbol id="sm-a54">
         <name>_OSMemGet</name>
         <value>0x164e8</value>
         <object_component_ref idref="oc-2bf"/>
      </symbol>
      <symbol id="sm-a55">
         <name>_OS_MemInit</name>
         <value>0x165d7</value>
         <object_component_ref idref="oc-2bf"/>
      </symbol>
      <symbol id="sm-a56">
         <name>_OSMemNameSet</name>
         <value>0x16549</value>
         <object_component_ref idref="oc-2bf"/>
      </symbol>
      <symbol id="sm-a57">
         <name>_OSMemNameGet</name>
         <value>0x16518</value>
         <object_component_ref idref="oc-2bf"/>
      </symbol>
      <symbol id="sm-a58">
         <name>_OSMemQuery</name>
         <value>0x1659f</value>
         <object_component_ref idref="oc-2bf"/>
      </symbol>
      <symbol id="sm-ac6">
         <name>_OS_QInit</name>
         <value>0x146dd</value>
         <object_component_ref idref="oc-2c0"/>
      </symbol>
      <symbol id="sm-ac7">
         <name>_OSQCreate</name>
         <value>0x1435d</value>
         <object_component_ref idref="oc-2c0"/>
      </symbol>
      <symbol id="sm-ac8">
         <name>_OSQAccept</name>
         <value>0x14315</value>
         <object_component_ref idref="oc-2c0"/>
      </symbol>
      <symbol id="sm-ac9">
         <name>_OSQPostOpt</name>
         <value>0x14616</value>
         <object_component_ref idref="oc-2c0"/>
      </symbol>
      <symbol id="sm-aca">
         <name>_OSQPost</name>
         <value>0x1457a</value>
         <object_component_ref idref="oc-2c0"/>
      </symbol>
      <symbol id="sm-acb">
         <name>_OSQDel</name>
         <value>0x143c2</value>
         <object_component_ref idref="oc-2c0"/>
      </symbol>
      <symbol id="sm-acc">
         <name>_OSQQuery</name>
         <value>0x1468a</value>
         <object_component_ref idref="oc-2c0"/>
      </symbol>
      <symbol id="sm-acd">
         <name>_OSQFlush</name>
         <value>0x1445b</value>
         <object_component_ref idref="oc-2c0"/>
      </symbol>
      <symbol id="sm-ace">
         <name>_OSQPostFront</name>
         <value>0x145c2</value>
         <object_component_ref idref="oc-2c0"/>
      </symbol>
      <symbol id="sm-acf">
         <name>_OSQPend</name>
         <value>0x14481</value>
         <object_component_ref idref="oc-2c0"/>
      </symbol>
      <symbol id="sm-ad0">
         <name>_OSQPendAbort</name>
         <value>0x14536</value>
         <object_component_ref idref="oc-2c0"/>
      </symbol>
      <symbol id="sm-b19">
         <name>_OSSemPendAbort</name>
         <value>0x15a65</value>
         <object_component_ref idref="oc-2b8"/>
      </symbol>
      <symbol id="sm-b1a">
         <name>_OSSemQuery</name>
         <value>0x15ad6</value>
         <object_component_ref idref="oc-2b8"/>
      </symbol>
      <symbol id="sm-b1b">
         <name>_OSSemCreate</name>
         <value>0x15935</value>
         <object_component_ref idref="oc-2b8"/>
      </symbol>
      <symbol id="sm-b1c">
         <name>_OSSemPost</name>
         <value>0x15aa9</value>
         <object_component_ref idref="oc-2b8"/>
      </symbol>
      <symbol id="sm-b1d">
         <name>_OSSemPend</name>
         <value>0x159e7</value>
         <object_component_ref idref="oc-2b8"/>
      </symbol>
      <symbol id="sm-b1e">
         <name>_OSSemDel</name>
         <value>0x15964</value>
         <object_component_ref idref="oc-2b8"/>
      </symbol>
      <symbol id="sm-b1f">
         <name>_OSSemSet</name>
         <value>0x15b11</value>
         <object_component_ref idref="oc-2b8"/>
      </symbol>
      <symbol id="sm-b20">
         <name>_OSSemAccept</name>
         <value>0x1591b</value>
         <object_component_ref idref="oc-2b8"/>
      </symbol>
      <symbol id="sm-b9d">
         <name>_OSTaskChangePrio</name>
         <value>0x1176d</value>
         <object_component_ref idref="oc-2c4"/>
      </symbol>
      <symbol id="sm-b9e">
         <name>_OSTaskSuspend</name>
         <value>0x11bdc</value>
         <object_component_ref idref="oc-2c4"/>
      </symbol>
      <symbol id="sm-b9f">
         <name>_OSTaskCreate</name>
         <value>0x11872</value>
         <object_component_ref idref="oc-2c4"/>
      </symbol>
      <symbol id="sm-ba0">
         <name>_OSTaskDelReq</name>
         <value>0x11a2c</value>
         <object_component_ref idref="oc-2c4"/>
      </symbol>
      <symbol id="sm-ba1">
         <name>_OSTaskNameGet</name>
         <value>0x11a6f</value>
         <object_component_ref idref="oc-2c4"/>
      </symbol>
      <symbol id="sm-ba2">
         <name>_OSTaskResume</name>
         <value>0x11b19</value>
         <object_component_ref idref="oc-2c4"/>
      </symbol>
      <symbol id="sm-ba3">
         <name>_OSTaskRegSet</name>
         <value>0x11cd9</value>
         <object_component_ref idref="oc-2c4"/>
      </symbol>
      <symbol id="sm-ba4">
         <name>_OS_TaskReturn</name>
         <value>0x11d0e</value>
         <object_component_ref idref="oc-2c4"/>
      </symbol>
      <symbol id="sm-ba5">
         <name>_OS_TaskStkClr</name>
         <value>0x11d17</value>
         <object_component_ref idref="oc-2c4"/>
      </symbol>
      <symbol id="sm-ba6">
         <name>_OSTaskQuery</name>
         <value>0x11c49</value>
         <object_component_ref idref="oc-2c4"/>
      </symbol>
      <symbol id="sm-ba7">
         <name>_OSTaskNameSet</name>
         <value>0x11aca</value>
         <object_component_ref idref="oc-2c4"/>
      </symbol>
      <symbol id="sm-ba8">
         <name>_OSTaskDel</name>
         <value>0x11938</value>
         <object_component_ref idref="oc-2c4"/>
      </symbol>
      <symbol id="sm-ba9">
         <name>_OSTaskStkChk</name>
         <value>0x11b7e</value>
         <object_component_ref idref="oc-2c4"/>
      </symbol>
      <symbol id="sm-baa">
         <name>_OSTaskRegGet</name>
         <value>0x11c86</value>
         <object_component_ref idref="oc-2c4"/>
      </symbol>
      <symbol id="sm-bab">
         <name>_OSTaskCreateExt</name>
         <value>0x118d0</value>
         <object_component_ref idref="oc-2c4"/>
      </symbol>
      <symbol id="sm-bac">
         <name>_OSTaskRegGetID</name>
         <value>0x11cbd</value>
         <object_component_ref idref="oc-2c4"/>
      </symbol>
      <symbol id="sm-bca">
         <name>_OSTimeSet</name>
         <value>0x1695e</value>
         <object_component_ref idref="oc-2c2"/>
      </symbol>
      <symbol id="sm-bcb">
         <name>_OSTimeDlyResume</name>
         <value>0x168e4</value>
         <object_component_ref idref="oc-2c2"/>
      </symbol>
      <symbol id="sm-bcc">
         <name>_OSTimeDlyHMSM</name>
         <value>0x1689c</value>
         <object_component_ref idref="oc-2c2"/>
      </symbol>
      <symbol id="sm-bcd">
         <name>_OSTimeGet</name>
         <value>0x1694f</value>
         <object_component_ref idref="oc-2c2"/>
      </symbol>
      <symbol id="sm-bce">
         <name>_OSTimeDly</name>
         <value>0x16860</value>
         <object_component_ref idref="oc-2c2"/>
      </symbol>
      <symbol id="sm-bde">
         <name>_Fapi_issueAsyncCommandWithAddress</name>
         <value>0x1783a</value>
         <object_component_ref idref="oc-2f2"/>
      </symbol>
      <symbol id="sm-c0b">
         <name>_Fapi_doMarginRead</name>
         <value>0x16dd3</value>
         <object_component_ref idref="oc-2f7"/>
      </symbol>
      <symbol id="sm-c0c">
         <name>_Fapi_flushPipeline</name>
         <value>0x17904</value>
         <object_component_ref idref="oc-303"/>
      </symbol>
      <symbol id="sm-c0d">
         <name>__Fapi_loopRegionForValue</name>
         <value>0x1717d</value>
         <object_component_ref idref="oc-304"/>
      </symbol>
      <symbol id="sm-c19">
         <name>_Fapi_doBlankCheck</name>
         <value>0x1757a</value>
         <object_component_ref idref="oc-2f4"/>
      </symbol>
      <symbol id="sm-c37">
         <name>_Fapi_calculateFletcherChecksum</name>
         <value>0x175f0</value>
         <object_component_ref idref="oc-30b"/>
      </symbol>
      <symbol id="sm-c38">
         <name>__Fapi_calculateOtpChecksum</name>
         <value>0x17947</value>
         <object_component_ref idref="oc-308"/>
      </symbol>
      <symbol id="sm-c39">
         <name>_Fapi_waitDelay</name>
         <value>0x178d1</value>
         <object_component_ref idref="oc-30a"/>
      </symbol>
      <symbol id="sm-c3a">
         <name>__Fapi_divideUnsignedLong</name>
         <value>0x1764b</value>
         <object_component_ref idref="oc-307"/>
      </symbol>
      <symbol id="sm-c3b">
         <name>__Fapi_scaleCycleValues</name>
         <value>0x1793a</value>
         <object_component_ref idref="oc-309"/>
      </symbol>
      <symbol id="sm-c48">
         <name>_Fapi_initializeAPI</name>
         <value>0x175bc</value>
         <object_component_ref idref="oc-2f0"/>
      </symbol>
      <symbol id="sm-c49">
         <name>_Fapi_GlobalInit</name>
         <value>0xf532</value>
         <object_component_ref idref="oc-21a"/>
      </symbol>
      <symbol id="sm-c6b">
         <name>__Fapi_issueFsmCommand</name>
         <value>0x1761e</value>
         <object_component_ref idref="oc-301"/>
      </symbol>
      <symbol id="sm-c6c">
         <name>_Fapi_setActiveFlashBank</name>
         <value>0x17768</value>
         <object_component_ref idref="oc-2f1"/>
      </symbol>
      <symbol id="sm-c6d">
         <name>__Fapi_setupSectorsForWrite</name>
         <value>0x177f6</value>
         <object_component_ref idref="oc-302"/>
      </symbol>
      <symbol id="sm-c6e">
         <name>_Fapi_getFsmStatus</name>
         <value>0x17970</value>
         <object_component_ref idref="oc-2f6"/>
      </symbol>
      <symbol id="sm-c94">
         <name>_Fapi_issueProgrammingCommand</name>
         <value>0x16148</value>
         <object_component_ref idref="oc-2f5"/>
      </symbol>
      <symbol id="sm-ca8">
         <name>_Fapi_checkFsmForReady</name>
         <value>0x1795d</value>
         <object_component_ref idref="oc-2f3"/>
      </symbol>
      <symbol id="sm-ca9">
         <name>_Fapi_isAddressEcc</name>
         <value>0x177d4</value>
         <object_component_ref idref="oc-305"/>
      </symbol>
      <symbol id="sm-cc5">
         <name>_asin</name>
         <value>0x16a6a</value>
         <object_component_ref idref="oc-2dd"/>
      </symbol>
      <symbol id="sm-cc6">
         <name>_asinf</name>
         <value>0x16a6a</value>
         <object_component_ref idref="oc-2dd"/>
      </symbol>
      <symbol id="sm-cf5">
         <name>_atan2f</name>
         <value>0x16c34</value>
         <object_component_ref idref="oc-2e1"/>
      </symbol>
      <symbol id="sm-cf6">
         <name>_atan2</name>
         <value>0x16c34</value>
         <object_component_ref idref="oc-2e1"/>
      </symbol>
      <symbol id="sm-d06">
         <name>_sqrtf</name>
         <value>0x17742</value>
         <object_component_ref idref="oc-2ee"/>
      </symbol>
      <symbol id="sm-d07">
         <name>_sqrt</name>
         <value>0x17742</value>
         <object_component_ref idref="oc-2ee"/>
      </symbol>
      <symbol id="sm-d2c">
         <name>_atan</name>
         <value>0x16d08</value>
         <object_component_ref idref="oc-2ef"/>
      </symbol>
      <symbol id="sm-d2d">
         <name>_atanf</name>
         <value>0x16d08</value>
         <object_component_ref idref="oc-2ef"/>
      </symbol>
      <symbol id="sm-d3b">
         <name>_cos</name>
         <value>0x17405</value>
         <object_component_ref idref="oc-2e8"/>
      </symbol>
      <symbol id="sm-d3c">
         <name>_cosf</name>
         <value>0x17405</value>
         <object_component_ref idref="oc-2e8"/>
      </symbol>
      <symbol id="sm-d4b">
         <name>_tanf</name>
         <value>0x17466</value>
         <object_component_ref idref="oc-2e9"/>
      </symbol>
      <symbol id="sm-d4c">
         <name>_tan</name>
         <value>0x17466</value>
         <object_component_ref idref="oc-2e9"/>
      </symbol>
      <symbol id="sm-d67">
         <name>_c_int00</name>
         <value>0x17524</value>
         <object_component_ref idref="oc-7a"/>
      </symbol>
      <symbol id="sm-d68">
         <name>__stack</name>
         <value>0x400</value>
         <object_component_ref idref="oc-24b"/>
      </symbol>
      <symbol id="sm-d83">
         <name>FD$$ADD</name>
         <value>0x16fc2</value>
         <object_component_ref idref="oc-251"/>
      </symbol>
      <symbol id="sm-d95">
         <name>FD$$MPY</name>
         <value>0x1728d</value>
         <object_component_ref idref="oc-256"/>
      </symbol>
      <symbol id="sm-da1">
         <name>FD$$SUB</name>
         <value>0x1792c</value>
         <object_component_ref idref="oc-25b"/>
      </symbol>
      <symbol id="sm-db2">
         <name>FS$$DIV</name>
         <value>0x17205</value>
         <object_component_ref idref="oc-260"/>
      </symbol>
      <symbol id="sm-dc0">
         <name>I$$MOD</name>
         <value>0x17829</value>
         <object_component_ref idref="oc-265"/>
      </symbol>
      <symbol id="sm-dc1">
         <name>I$$DIV</name>
         <value>0x17818</value>
         <object_component_ref idref="oc-265"/>
      </symbol>
      <symbol id="sm-dcd">
         <name>U$$MOD</name>
         <value>0x17957</value>
         <object_component_ref idref="oc-26a"/>
      </symbol>
      <symbol id="sm-dce">
         <name>U$$DIV</name>
         <value>0x17952</value>
         <object_component_ref idref="oc-26a"/>
      </symbol>
      <symbol id="sm-dda">
         <name>UL$$MOD</name>
         <value>0x176c5</value>
         <object_component_ref idref="oc-26f"/>
      </symbol>
      <symbol id="sm-ddb">
         <name>L$$MOD</name>
         <value>0x176b0</value>
         <object_component_ref idref="oc-26f"/>
      </symbol>
      <symbol id="sm-ddc">
         <name>L$$DIV</name>
         <value>0x176a1</value>
         <object_component_ref idref="oc-26f"/>
      </symbol>
      <symbol id="sm-ddd">
         <name>UL$$DIV</name>
         <value>0x176be</value>
         <object_component_ref idref="oc-26f"/>
      </symbol>
      <symbol id="sm-ded">
         <name>FS$$TOFD</name>
         <value>0x178b5</value>
         <object_component_ref idref="oc-274"/>
      </symbol>
      <symbol id="sm-dfd">
         <name>FD$$TOFS</name>
         <value>0x177b1</value>
         <object_component_ref idref="oc-279"/>
      </symbol>
      <symbol id="sm-e0c">
         <name>_copy_in</name>
         <value>0x1778d</value>
         <object_component_ref idref="oc-2b3"/>
      </symbol>
      <symbol id="sm-e1d">
         <name>_memcpy</name>
         <value>0x17898</value>
         <object_component_ref idref="oc-2ba"/>
      </symbol>
      <symbol id="sm-e29">
         <name>__system_pre_init</name>
         <value>0x1797a</value>
         <object_component_ref idref="oc-2b2"/>
      </symbol>
      <symbol id="sm-e36">
         <name>__system_post_cinit</name>
         <value>0x1797c</value>
         <object_component_ref idref="oc-2b4"/>
      </symbol>
      <symbol id="sm-e4a">
         <name>C$$EXIT</name>
         <value>0x176cb</value>
         <object_component_ref idref="oc-2b6"/>
      </symbol>
      <symbol id="sm-e4b">
         <name>_exit</name>
         <value>0x176cd</value>
         <object_component_ref idref="oc-2b6"/>
      </symbol>
      <symbol id="sm-e4c">
         <name>___TI_cleanup_ptr</name>
         <value>0xf47a</value>
         <object_component_ref idref="oc-294"/>
      </symbol>
      <symbol id="sm-e4d">
         <name>___TI_enable_exit_profile_output</name>
         <value>0xf478</value>
         <object_component_ref idref="oc-294"/>
      </symbol>
      <symbol id="sm-e4e">
         <name>_abort</name>
         <value>0x176cb</value>
         <object_component_ref idref="oc-2b6"/>
      </symbol>
      <symbol id="sm-e4f">
         <name>___TI_dtors_ptr</name>
         <value>0xf47c</value>
         <object_component_ref idref="oc-294"/>
      </symbol>
      <symbol id="sm-e63">
         <name>__unlock</name>
         <value>0xf53e</value>
         <object_component_ref idref="oc-2eb"/>
      </symbol>
      <symbol id="sm-e64">
         <name>__lock</name>
         <value>0xf47e</value>
         <object_component_ref idref="oc-2bc"/>
      </symbol>
      <symbol id="sm-e65">
         <name>__register_lock</name>
         <value>0x1796b</value>
         <object_component_ref idref="oc-2d2"/>
      </symbol>
      <symbol id="sm-e66">
         <name>__nop</name>
         <value>0x1796f</value>
         <object_component_ref idref="oc-2d2"/>
      </symbol>
      <symbol id="sm-e67">
         <name>__register_unlock</name>
         <value>0x17967</value>
         <object_component_ref idref="oc-2d2"/>
      </symbol>
      <symbol id="sm-e76">
         <name>__args_main</name>
         <value>0x178eb</value>
         <object_component_ref idref="oc-2b5"/>
      </symbol>
      <symbol id="sm-e80">
         <name>_errno</name>
         <value>0xf5e8</value>
         <object_component_ref idref="oc-2a5"/>
      </symbol>
      <symbol id="sm-e98">
         <name>_sqrtl</name>
         <value>0x1705e</value>
         <object_component_ref idref="oc-2ed"/>
      </symbol>
      <symbol id="sm-ea8">
         <name>FD$$CMP</name>
         <value>0x17677</value>
         <object_component_ref idref="oc-2ad"/>
      </symbol>
   </symbol_table>
   <title>Link successful</title>
</link_info>
