<?xml version="1.0" encoding="ISO-8859-1" ?>
<link_info>
   <banner>TMS320C2000 Linker PC v18.1.4.LTS</banner>
   <copyright>Copyright (c) 1996-2018 Texas Instruments Incorporated</copyright>
   <link_time>0x5d1d599e</link_time>
   <link_errors>0x0</link_errors>
   <output_file>BirdFlight_V3.0.5.out</output_file>
   <entry_point>
      <name>_c_int00</name>
      <address>0x8a983</address>
   </entry_point>
   <input_file_list>
      <input_file id="fl-2">
         <path>.\</path>
         <kind>object</kind>
         <file>Bird_main.obj</file>
         <name>Bird_main.obj</name>
      </input_file>
      <input_file id="fl-3">
         <path>.\AlgorithmLibrary\</path>
         <kind>object</kind>
         <file>Calibrate.obj</file>
         <name>Calibrate.obj</name>
      </input_file>
      <input_file id="fl-4">
         <path>.\AlgorithmLibrary\</path>
         <kind>object</kind>
         <file>MahonyAHRS.obj</file>
         <name>MahonyAHRS.obj</name>
      </input_file>
      <input_file id="fl-5">
         <path>.\AlgorithmLibrary\</path>
         <kind>object</kind>
         <file>PositionEstimation.obj</file>
         <name>PositionEstimation.obj</name>
      </input_file>
      <input_file id="fl-6">
         <path>.\AlgorithmLibrary\</path>
         <kind>object</kind>
         <file>SimpleDigitalFiltering.obj</file>
         <name>SimpleDigitalFiltering.obj</name>
      </input_file>
      <input_file id="fl-7">
         <path>.\Control\</path>
         <kind>object</kind>
         <file>Attitude_control.obj</file>
         <name>Attitude_control.obj</name>
      </input_file>
      <input_file id="fl-8">
         <path>.\Control\</path>
         <kind>object</kind>
         <file>PID_Control.obj</file>
         <name>PID_Control.obj</name>
      </input_file>
      <input_file id="fl-9">
         <path>.\Control\</path>
         <kind>object</kind>
         <file>Position_control.obj</file>
         <name>Position_control.obj</name>
      </input_file>
      <input_file id="fl-a">
         <path>.\Driver\source\</path>
         <kind>object</kind>
         <file>F2837xD_Adc.obj</file>
         <name>F2837xD_Adc.obj</name>
      </input_file>
      <input_file id="fl-b">
         <path>.\Driver\source\</path>
         <kind>object</kind>
         <file>F2837xD_CodeStartBranch.obj</file>
         <name>F2837xD_CodeStartBranch.obj</name>
      </input_file>
      <input_file id="fl-c">
         <path>.\Driver\source\</path>
         <kind>object</kind>
         <file>F2837xD_CpuTimers.obj</file>
         <name>F2837xD_CpuTimers.obj</name>
      </input_file>
      <input_file id="fl-d">
         <path>.\Driver\source\</path>
         <kind>object</kind>
         <file>F2837xD_DefaultISR.obj</file>
         <name>F2837xD_DefaultISR.obj</name>
      </input_file>
      <input_file id="fl-e">
         <path>.\Driver\source\</path>
         <kind>object</kind>
         <file>F2837xD_ECap.obj</file>
         <name>F2837xD_ECap.obj</name>
      </input_file>
      <input_file id="fl-f">
         <path>.\Driver\source\</path>
         <kind>object</kind>
         <file>F2837xD_EPwm.obj</file>
         <name>F2837xD_EPwm.obj</name>
      </input_file>
      <input_file id="fl-10">
         <path>.\Driver\source\</path>
         <kind>object</kind>
         <file>F2837xD_GlobalVariableDefs.obj</file>
         <name>F2837xD_GlobalVariableDefs.obj</name>
      </input_file>
      <input_file id="fl-11">
         <path>.\Driver\source\</path>
         <kind>object</kind>
         <file>F2837xD_Gpio.obj</file>
         <name>F2837xD_Gpio.obj</name>
      </input_file>
      <input_file id="fl-12">
         <path>.\Driver\source\</path>
         <kind>object</kind>
         <file>F2837xD_PieCtrl.obj</file>
         <name>F2837xD_PieCtrl.obj</name>
      </input_file>
      <input_file id="fl-13">
         <path>.\Driver\source\</path>
         <kind>object</kind>
         <file>F2837xD_PieVect.obj</file>
         <name>F2837xD_PieVect.obj</name>
      </input_file>
      <input_file id="fl-14">
         <path>.\Driver\source\</path>
         <kind>object</kind>
         <file>F2837xD_Spi.obj</file>
         <name>F2837xD_Spi.obj</name>
      </input_file>
      <input_file id="fl-15">
         <path>.\Driver\source\</path>
         <kind>object</kind>
         <file>F2837xD_SysCtrl.obj</file>
         <name>F2837xD_SysCtrl.obj</name>
      </input_file>
      <input_file id="fl-16">
         <path>.\Driver\source\</path>
         <kind>object</kind>
         <file>F2837xD_usDelay.obj</file>
         <name>F2837xD_usDelay.obj</name>
      </input_file>
      <input_file id="fl-17">
         <path>.\FLASH_API\</path>
         <kind>object</kind>
         <file>Fapi_UserDefinedFunctions.obj</file>
         <name>Fapi_UserDefinedFunctions.obj</name>
      </input_file>
      <input_file id="fl-18">
         <path>.\FLASH_API\</path>
         <kind>object</kind>
         <file>FlashAPI.obj</file>
         <name>FlashAPI.obj</name>
      </input_file>
      <input_file id="fl-19">
         <path>.\HardWare\</path>
         <kind>object</kind>
         <file>C28x_BSP.obj</file>
         <name>C28x_BSP.obj</name>
      </input_file>
      <input_file id="fl-1a">
         <path>.\HardWare\</path>
         <kind>object</kind>
         <file>C28x_CPU.obj</file>
         <name>C28x_CPU.obj</name>
      </input_file>
      <input_file id="fl-1b">
         <path>.\Parameter\</path>
         <kind>object</kind>
         <file>DataToPC.obj</file>
         <name>DataToPC.obj</name>
      </input_file>
      <input_file id="fl-1c">
         <path>.\Parameter\</path>
         <kind>object</kind>
         <file>ProcessPCData.obj</file>
         <name>ProcessPCData.obj</name>
      </input_file>
      <input_file id="fl-1d">
         <path>.\Parameter\</path>
         <kind>object</kind>
         <file>ProcessVisionData.obj</file>
         <name>ProcessVisionData.obj</name>
      </input_file>
      <input_file id="fl-1e">
         <path>.\Sensor\</path>
         <kind>object</kind>
         <file>ADC_Battery.obj</file>
         <name>ADC_Battery.obj</name>
      </input_file>
      <input_file id="fl-1f">
         <path>.\Sensor\</path>
         <kind>object</kind>
         <file>AHRS_Hardware.obj</file>
         <name>AHRS_Hardware.obj</name>
      </input_file>
      <input_file id="fl-20">
         <path>.\Sensor\</path>
         <kind>object</kind>
         <file>Bluetooth.obj</file>
         <name>Bluetooth.obj</name>
      </input_file>
      <input_file id="fl-21">
         <path>.\Sensor\</path>
         <kind>object</kind>
         <file>I2C.obj</file>
         <name>I2C.obj</name>
      </input_file>
      <input_file id="fl-22">
         <path>.\Sensor\</path>
         <kind>object</kind>
         <file>LSM303D.obj</file>
         <name>LSM303D.obj</name>
      </input_file>
      <input_file id="fl-23">
         <path>.\Sensor\</path>
         <kind>object</kind>
         <file>MPU6500.obj</file>
         <name>MPU6500.obj</name>
      </input_file>
      <input_file id="fl-24">
         <path>.\Sensor\</path>
         <kind>object</kind>
         <file>MS5611.obj</file>
         <name>MS5611.obj</name>
      </input_file>
      <input_file id="fl-25">
         <path>.\Sensor\</path>
         <kind>object</kind>
         <file>US100.obj</file>
         <name>US100.obj</name>
      </input_file>
      <input_file id="fl-26">
         <path>.\uC-CPU\C28x\CCS\</path>
         <kind>object</kind>
         <file>cpu_a.obj</file>
         <name>cpu_a.obj</name>
      </input_file>
      <input_file id="fl-27">
         <path>.\uC-CPU\C28x\CCS\</path>
         <kind>object</kind>
         <file>cpu_c.obj</file>
         <name>cpu_c.obj</name>
      </input_file>
      <input_file id="fl-28">
         <path>.\uC-CPU\</path>
         <kind>object</kind>
         <file>cpu_core.obj</file>
         <name>cpu_core.obj</name>
      </input_file>
      <input_file id="fl-29">
         <path>.\uC-LIB\</path>
         <kind>object</kind>
         <file>lib_ascii.obj</file>
         <name>lib_ascii.obj</name>
      </input_file>
      <input_file id="fl-2a">
         <path>.\uC-LIB\</path>
         <kind>object</kind>
         <file>lib_math.obj</file>
         <name>lib_math.obj</name>
      </input_file>
      <input_file id="fl-2b">
         <path>.\uC-LIB\</path>
         <kind>object</kind>
         <file>lib_mem.obj</file>
         <name>lib_mem.obj</name>
      </input_file>
      <input_file id="fl-2c">
         <path>.\uC-LIB\</path>
         <kind>object</kind>
         <file>lib_str.obj</file>
         <name>lib_str.obj</name>
      </input_file>
      <input_file id="fl-2d">
         <path>.\uCOS-II\Ports\C28x\Generic\CCS\</path>
         <kind>object</kind>
         <file>os_cpu_a.obj</file>
         <name>os_cpu_a.obj</name>
      </input_file>
      <input_file id="fl-2e">
         <path>.\uCOS-II\Ports\C28x\Generic\CCS\</path>
         <kind>object</kind>
         <file>os_cpu_c.obj</file>
         <name>os_cpu_c.obj</name>
      </input_file>
      <input_file id="fl-2f">
         <path>.\uCOS-II\Ports\C28x\Generic\CCS\</path>
         <kind>object</kind>
         <file>os_cpu_i.obj</file>
         <name>os_cpu_i.obj</name>
      </input_file>
      <input_file id="fl-30">
         <path>.\uCOS-II\Ports\C28x\Generic\CCS\</path>
         <kind>object</kind>
         <file>os_dbg.obj</file>
         <name>os_dbg.obj</name>
      </input_file>
      <input_file id="fl-31">
         <path>.\uCOS-II\Source\</path>
         <kind>object</kind>
         <file>os_core.obj</file>
         <name>os_core.obj</name>
      </input_file>
      <input_file id="fl-32">
         <path>.\uCOS-II\Source\</path>
         <kind>object</kind>
         <file>os_flag.obj</file>
         <name>os_flag.obj</name>
      </input_file>
      <input_file id="fl-33">
         <path>.\uCOS-II\Source\</path>
         <kind>object</kind>
         <file>os_mbox.obj</file>
         <name>os_mbox.obj</name>
      </input_file>
      <input_file id="fl-34">
         <path>.\uCOS-II\Source\</path>
         <kind>object</kind>
         <file>os_mem.obj</file>
         <name>os_mem.obj</name>
      </input_file>
      <input_file id="fl-35">
         <path>.\uCOS-II\Source\</path>
         <kind>object</kind>
         <file>os_mutex.obj</file>
         <name>os_mutex.obj</name>
      </input_file>
      <input_file id="fl-36">
         <path>.\uCOS-II\Source\</path>
         <kind>object</kind>
         <file>os_q.obj</file>
         <name>os_q.obj</name>
      </input_file>
      <input_file id="fl-37">
         <path>.\uCOS-II\Source\</path>
         <kind>object</kind>
         <file>os_sem.obj</file>
         <name>os_sem.obj</name>
      </input_file>
      <input_file id="fl-38">
         <path>.\uCOS-II\Source\</path>
         <kind>object</kind>
         <file>os_task.obj</file>
         <name>os_task.obj</name>
      </input_file>
      <input_file id="fl-39">
         <path>.\uCOS-II\Source\</path>
         <kind>object</kind>
         <file>os_time.obj</file>
         <name>os_time.obj</name>
      </input_file>
      <input_file id="fl-3a">
         <path>.\uCOS-II\Source\</path>
         <kind>object</kind>
         <file>os_tmr.obj</file>
         <name>os_tmr.obj</name>
      </input_file>
      <input_file id="fl-40">
         <kind>object</kind>
         <file>&lt;internal&gt;</file>
         <name>&lt;internal&gt;</name>
      </input_file>
      <input_file id="fl-41">
         <path>..\FLASH_API\src\</path>
         <kind>archive</kind>
         <file>F021_API_F2837xD_FPU32.lib</file>
         <name>Async.obj</name>
      </input_file>
      <input_file id="fl-42">
         <path>..\FLASH_API\src\</path>
         <kind>archive</kind>
         <file>F021_API_F2837xD_FPU32.lib</file>
         <name>Read.obj</name>
      </input_file>
      <input_file id="fl-43">
         <path>..\FLASH_API\src\</path>
         <kind>archive</kind>
         <file>F021_API_F2837xD_FPU32.lib</file>
         <name>BlankCheck.obj</name>
      </input_file>
      <input_file id="fl-44">
         <path>..\FLASH_API\src\</path>
         <kind>archive</kind>
         <file>F021_API_F2837xD_FPU32.lib</file>
         <name>Utilities.obj</name>
      </input_file>
      <input_file id="fl-45">
         <path>..\FLASH_API\src\</path>
         <kind>archive</kind>
         <file>F021_API_F2837xD_FPU32.lib</file>
         <name>Init.obj</name>
      </input_file>
      <input_file id="fl-46">
         <path>..\FLASH_API\src\</path>
         <kind>archive</kind>
         <file>F021_API_F2837xD_FPU32.lib</file>
         <name>FlashStateMachine.obj</name>
      </input_file>
      <input_file id="fl-47">
         <path>..\FLASH_API\src\</path>
         <kind>archive</kind>
         <file>F021_API_F2837xD_FPU32.lib</file>
         <name>Program.obj</name>
      </input_file>
      <input_file id="fl-48">
         <path>..\FLASH_API\src\</path>
         <kind>archive</kind>
         <file>F021_API_F2837xD_FPU32.lib</file>
         <name>FlashStateMachine.obj</name>
      </input_file>
      <input_file id="fl-54">
         <path>F:\ti\ccsv8\tools\compiler\ti-cgt-c2000_18.1.4.LTS\lib\</path>
         <kind>archive</kind>
         <file>rts2800_fpu32.lib</file>
         <name>e_asinf.c.obj</name>
      </input_file>
      <input_file id="fl-55">
         <path>F:\ti\ccsv8\tools\compiler\ti-cgt-c2000_18.1.4.LTS\lib\</path>
         <kind>archive</kind>
         <file>rts2800_fpu32.lib</file>
         <name>e_atan2f.c.obj</name>
      </input_file>
      <input_file id="fl-56">
         <path>F:\ti\ccsv8\tools\compiler\ti-cgt-c2000_18.1.4.LTS\lib\</path>
         <kind>archive</kind>
         <file>rts2800_fpu32.lib</file>
         <name>e_powf.c.obj</name>
      </input_file>
      <input_file id="fl-57">
         <path>F:\ti\ccsv8\tools\compiler\ti-cgt-c2000_18.1.4.LTS\lib\</path>
         <kind>archive</kind>
         <file>rts2800_fpu32.lib</file>
         <name>e_sqrtf.c.obj</name>
      </input_file>
      <input_file id="fl-58">
         <path>F:\ti\ccsv8\tools\compiler\ti-cgt-c2000_18.1.4.LTS\lib\</path>
         <kind>archive</kind>
         <file>rts2800_fpu32.lib</file>
         <name>s_atanf.c.obj</name>
      </input_file>
      <input_file id="fl-59">
         <path>F:\ti\ccsv8\tools\compiler\ti-cgt-c2000_18.1.4.LTS\lib\</path>
         <kind>archive</kind>
         <file>rts2800_fpu32.lib</file>
         <name>s_cosf.c.obj</name>
      </input_file>
      <input_file id="fl-5a">
         <path>F:\ti\ccsv8\tools\compiler\ti-cgt-c2000_18.1.4.LTS\lib\</path>
         <kind>archive</kind>
         <file>rts2800_fpu32.lib</file>
         <name>s_scalbnf.c.obj</name>
      </input_file>
      <input_file id="fl-5b">
         <path>F:\ti\ccsv8\tools\compiler\ti-cgt-c2000_18.1.4.LTS\lib\</path>
         <kind>archive</kind>
         <file>rts2800_fpu32.lib</file>
         <name>s_tanf.c.obj</name>
      </input_file>
      <input_file id="fl-5c">
         <path>F:\ti\ccsv8\tools\compiler\ti-cgt-c2000_18.1.4.LTS\lib\</path>
         <kind>archive</kind>
         <file>rts2800_fpu32.lib</file>
         <name>boot28.asm.obj</name>
      </input_file>
      <input_file id="fl-5d">
         <path>F:\ti\ccsv8\tools\compiler\ti-cgt-c2000_18.1.4.LTS\lib\</path>
         <kind>archive</kind>
         <file>rts2800_fpu32.lib</file>
         <name>fd_add28.asm.obj</name>
      </input_file>
      <input_file id="fl-5e">
         <path>F:\ti\ccsv8\tools\compiler\ti-cgt-c2000_18.1.4.LTS\lib\</path>
         <kind>archive</kind>
         <file>rts2800_fpu32.lib</file>
         <name>fd_mpy28.asm.obj</name>
      </input_file>
      <input_file id="fl-5f">
         <path>F:\ti\ccsv8\tools\compiler\ti-cgt-c2000_18.1.4.LTS\lib\</path>
         <kind>archive</kind>
         <file>rts2800_fpu32.lib</file>
         <name>fd_sub28.asm.obj</name>
      </input_file>
      <input_file id="fl-60">
         <path>F:\ti\ccsv8\tools\compiler\ti-cgt-c2000_18.1.4.LTS\lib\</path>
         <kind>archive</kind>
         <file>rts2800_fpu32.lib</file>
         <name>fs_div28.asm.obj</name>
      </input_file>
      <input_file id="fl-61">
         <path>F:\ti\ccsv8\tools\compiler\ti-cgt-c2000_18.1.4.LTS\lib\</path>
         <kind>archive</kind>
         <file>rts2800_fpu32.lib</file>
         <name>ll_cmp28.asm.obj</name>
      </input_file>
      <input_file id="fl-62">
         <path>F:\ti\ccsv8\tools\compiler\ti-cgt-c2000_18.1.4.LTS\lib\</path>
         <kind>archive</kind>
         <file>rts2800_fpu32.lib</file>
         <name>ll_mpy28.asm.obj</name>
      </input_file>
      <input_file id="fl-63">
         <path>F:\ti\ccsv8\tools\compiler\ti-cgt-c2000_18.1.4.LTS\lib\</path>
         <kind>archive</kind>
         <file>rts2800_fpu32.lib</file>
         <name>i_div28.asm.obj</name>
      </input_file>
      <input_file id="fl-64">
         <path>F:\ti\ccsv8\tools\compiler\ti-cgt-c2000_18.1.4.LTS\lib\</path>
         <kind>archive</kind>
         <file>rts2800_fpu32.lib</file>
         <name>u_div28.asm.obj</name>
      </input_file>
      <input_file id="fl-65">
         <path>F:\ti\ccsv8\tools\compiler\ti-cgt-c2000_18.1.4.LTS\lib\</path>
         <kind>archive</kind>
         <file>rts2800_fpu32.lib</file>
         <name>l_div28.asm.obj</name>
      </input_file>
      <input_file id="fl-66">
         <path>F:\ti\ccsv8\tools\compiler\ti-cgt-c2000_18.1.4.LTS\lib\</path>
         <kind>archive</kind>
         <file>rts2800_fpu32.lib</file>
         <name>fs_tofdfpu32.asm.obj</name>
      </input_file>
      <input_file id="fl-67">
         <path>F:\ti\ccsv8\tools\compiler\ti-cgt-c2000_18.1.4.LTS\lib\</path>
         <kind>archive</kind>
         <file>rts2800_fpu32.lib</file>
         <name>fd_tofsfpu32.asm.obj</name>
      </input_file>
      <input_file id="fl-68">
         <path>F:\ti\ccsv8\tools\compiler\ti-cgt-c2000_18.1.4.LTS\lib\</path>
         <kind>archive</kind>
         <file>rts2800_fpu32.lib</file>
         <name>ll_tofsfpu32.asm.obj</name>
      </input_file>
      <input_file id="fl-69">
         <path>F:\ti\ccsv8\tools\compiler\ti-cgt-c2000_18.1.4.LTS\lib\</path>
         <kind>archive</kind>
         <file>rts2800_fpu32.lib</file>
         <name>cpy_tbl.c.obj</name>
      </input_file>
      <input_file id="fl-6a">
         <path>F:\ti\ccsv8\tools\compiler\ti-cgt-c2000_18.1.4.LTS\lib\</path>
         <kind>archive</kind>
         <file>rts2800_fpu32.lib</file>
         <name>memcpy.c.obj</name>
      </input_file>
      <input_file id="fl-6b">
         <path>F:\ti\ccsv8\tools\compiler\ti-cgt-c2000_18.1.4.LTS\lib\</path>
         <kind>archive</kind>
         <file>rts2800_fpu32.lib</file>
         <name>pre_init.c.obj</name>
      </input_file>
      <input_file id="fl-6c">
         <path>F:\ti\ccsv8\tools\compiler\ti-cgt-c2000_18.1.4.LTS\lib\</path>
         <kind>archive</kind>
         <file>rts2800_fpu32.lib</file>
         <name>startup.c.obj</name>
      </input_file>
      <input_file id="fl-6d">
         <path>F:\ti\ccsv8\tools\compiler\ti-cgt-c2000_18.1.4.LTS\lib\</path>
         <kind>archive</kind>
         <file>rts2800_fpu32.lib</file>
         <name>errno.c.obj</name>
      </input_file>
      <input_file id="fl-6e">
         <path>F:\ti\ccsv8\tools\compiler\ti-cgt-c2000_18.1.4.LTS\lib\</path>
         <kind>archive</kind>
         <file>rts2800_fpu32.lib</file>
         <name>exit.c.obj</name>
      </input_file>
      <input_file id="fl-6f">
         <path>F:\ti\ccsv8\tools\compiler\ti-cgt-c2000_18.1.4.LTS\lib\</path>
         <kind>archive</kind>
         <file>rts2800_fpu32.lib</file>
         <name>_lock.c.obj</name>
      </input_file>
      <input_file id="fl-70">
         <path>F:\ti\ccsv8\tools\compiler\ti-cgt-c2000_18.1.4.LTS\lib\</path>
         <kind>archive</kind>
         <file>rts2800_fpu32.lib</file>
         <name>args_main.c.obj</name>
      </input_file>
      <input_file id="fl-71">
         <path>F:\ti\ccsv8\tools\compiler\ti-cgt-c2000_18.1.4.LTS\lib\</path>
         <kind>archive</kind>
         <file>rts2800_fpu32.lib</file>
         <name>s_copysignf.c.obj</name>
      </input_file>
      <input_file id="fl-72">
         <path>F:\ti\ccsv8\tools\compiler\ti-cgt-c2000_18.1.4.LTS\lib\</path>
         <kind>archive</kind>
         <file>rts2800_fpu32.lib</file>
         <name>e_sqrt.c.obj</name>
      </input_file>
      <input_file id="fl-73">
         <path>F:\ti\ccsv8\tools\compiler\ti-cgt-c2000_18.1.4.LTS\lib\</path>
         <kind>archive</kind>
         <file>rts2800_fpu32.lib</file>
         <name>fd_cmp28.asm.obj</name>
      </input_file>
   </input_file_list>
   <object_component_list>
      <object_component id="oc-96">
         <name>.cinit</name>
         <load_address>0x82000</load_address>
         <run_address>0x82000</run_address>
         <size>0xbf</size>
         <input_file_ref idref="fl-5"/>
      </object_component>
      <object_component id="oc-194">
         <name>.cinit</name>
         <load_address>0x820bf</load_address>
         <run_address>0x820bf</run_address>
         <size>0x3f</size>
         <input_file_ref idref="fl-22"/>
      </object_component>
      <object_component id="oc-1a2">
         <name>.cinit</name>
         <load_address>0x820fe</load_address>
         <run_address>0x820fe</run_address>
         <size>0x33</size>
         <input_file_ref idref="fl-24"/>
      </object_component>
      <object_component id="oc-8f">
         <name>.cinit</name>
         <load_address>0x82131</load_address>
         <run_address>0x82131</run_address>
         <size>0x2d</size>
         <input_file_ref idref="fl-4"/>
      </object_component>
      <object_component id="oc-176">
         <name>.cinit</name>
         <load_address>0x8215e</load_address>
         <run_address>0x8215e</run_address>
         <size>0x20</size>
         <input_file_ref idref="fl-1c"/>
      </object_component>
      <object_component id="oc-2c5">
         <name>.cinit</name>
         <load_address>0x8217e</load_address>
         <run_address>0x8217e</run_address>
         <size>0xe</size>
         <input_file_ref idref="fl-6e"/>
      </object_component>
      <object_component id="oc-af">
         <name>.cinit</name>
         <load_address>0x8218c</load_address>
         <run_address>0x8218c</run_address>
         <size>0xd</size>
         <input_file_ref idref="fl-9"/>
      </object_component>
      <object_component id="oc-19b">
         <name>.cinit</name>
         <load_address>0x82199</load_address>
         <run_address>0x82199</run_address>
         <size>0xc</size>
         <input_file_ref idref="fl-23"/>
      </object_component>
      <object_component id="oc-a3">
         <name>.cinit</name>
         <load_address>0x821a5</load_address>
         <run_address>0x821a5</run_address>
         <size>0x9</size>
         <input_file_ref idref="fl-7"/>
      </object_component>
      <object_component id="oc-2f0">
         <name>.cinit:__lock</name>
         <load_address>0x821ae</load_address>
         <run_address>0x821ae</run_address>
         <size>0x5</size>
         <input_file_ref idref="fl-6f"/>
      </object_component>
      <object_component id="oc-307">
         <name>.cinit:__unlock</name>
         <load_address>0x821b3</load_address>
         <run_address>0x821b3</run_address>
         <size>0x5</size>
         <input_file_ref idref="fl-6f"/>
      </object_component>
      <object_component id="oc-162">
         <name>.cinit</name>
         <load_address>0x821b8</load_address>
         <run_address>0x821b8</run_address>
         <size>0x4</size>
         <input_file_ref idref="fl-19"/>
      </object_component>
      <object_component id="oc-16f">
         <name>.cinit</name>
         <load_address>0x821bc</load_address>
         <run_address>0x821bc</run_address>
         <size>0x4</size>
         <input_file_ref idref="fl-1b"/>
      </object_component>
      <object_component id="oc-2c1">
         <name>.cinit</name>
         <load_address>0x821c0</load_address>
         <run_address>0x821c0</run_address>
         <size>0x4</size>
         <input_file_ref idref="fl-6d"/>
      </object_component>
      <object_component id="oc-2fb">
         <name>.text</name>
         <load_address>0x821c8</load_address>
         <run_address>0x821c8</run_address>
         <size>0x944</size>
         <input_file_ref idref="fl-5"/>
      </object_component>
      <object_component id="oc-2ea">
         <name>.text</name>
         <load_address>0x82b0c</load_address>
         <run_address>0x82b0c</run_address>
         <size>0x7a2</size>
         <input_file_ref idref="fl-31"/>
      </object_component>
      <object_component id="oc-302">
         <name>.text</name>
         <load_address>0x832ae</load_address>
         <run_address>0x832ae</run_address>
         <size>0x6e4</size>
         <input_file_ref idref="fl-1c"/>
      </object_component>
      <object_component id="oc-2fd">
         <name>.text</name>
         <load_address>0x83992</load_address>
         <run_address>0x83992</run_address>
         <size>0x5f2</size>
         <input_file_ref idref="fl-7"/>
      </object_component>
      <object_component id="oc-30d">
         <name>.text</name>
         <load_address>0x83f84</load_address>
         <run_address>0x83f84</run_address>
         <size>0x7c</size>
         <input_file_ref idref="fl-c"/>
      </object_component>
      <object_component id="oc-2fe">
         <name>.text</name>
         <load_address>0x84000</load_address>
         <run_address>0x84000</run_address>
         <size>0x5d0</size>
         <input_file_ref idref="fl-9"/>
      </object_component>
      <object_component id="oc-2f7">
         <name>.text</name>
         <load_address>0x845d0</load_address>
         <run_address>0x845d0</run_address>
         <size>0x5c2</size>
         <input_file_ref idref="fl-38"/>
      </object_component>
      <object_component id="oc-316">
         <name>.text</name>
         <load_address>0x84b92</load_address>
         <run_address>0x84b92</run_address>
         <size>0x5bc</size>
         <input_file_ref idref="fl-4"/>
      </object_component>
      <object_component id="oc-c6">
         <name>.text:retain</name>
         <load_address>0x8514e</load_address>
         <run_address>0x8514e</run_address>
         <size>0x57b</size>
         <input_file_ref idref="fl-d"/>
      </object_component>
      <object_component id="oc-2f1">
         <name>.text</name>
         <load_address>0x856c9</load_address>
         <run_address>0x856c9</run_address>
         <size>0x4f4</size>
         <input_file_ref idref="fl-32"/>
      </object_component>
      <object_component id="oc-303">
         <name>.text</name>
         <load_address>0x85bbd</load_address>
         <run_address>0x85bbd</run_address>
         <size>0x43e</size>
         <input_file_ref idref="fl-1b"/>
      </object_component>
      <object_component id="oc-151">
         <name>.text</name>
         <load_address>0x85ffb</load_address>
         <run_address>0x85ffb</run_address>
         <size>0x4</size>
         <input_file_ref idref="fl-16"/>
      </object_component>
      <object_component id="oc-2e7">
         <name>.text</name>
         <load_address>0x85fff</load_address>
         <run_address>0x85fff</run_address>
         <size>0x1</size>
         <input_file_ref idref="fl-6c"/>
      </object_component>
      <object_component id="oc-2ee">
         <name>.text</name>
         <load_address>0x8618c</load_address>
         <run_address>0x8618c</run_address>
         <size>0x4ef</size>
         <input_file_ref idref="fl-2"/>
      </object_component>
      <object_component id="oc-2fc">
         <name>.text</name>
         <load_address>0x8667b</load_address>
         <run_address>0x8667b</run_address>
         <size>0x4bf</size>
         <input_file_ref idref="fl-18"/>
      </object_component>
      <object_component id="oc-308">
         <name>.text</name>
         <load_address>0x86b3a</load_address>
         <run_address>0x86b3a</run_address>
         <size>0x493</size>
         <input_file_ref idref="fl-15"/>
      </object_component>
      <object_component id="oc-300">
         <name>.text</name>
         <load_address>0x86fcd</load_address>
         <run_address>0x86fcd</run_address>
         <size>0x44a</size>
         <input_file_ref idref="fl-1d"/>
      </object_component>
      <object_component id="oc-2fa">
         <name>.text</name>
         <load_address>0x87417</load_address>
         <run_address>0x87417</run_address>
         <size>0x41e</size>
         <input_file_ref idref="fl-1f"/>
      </object_component>
      <object_component id="oc-2f3">
         <name>.text</name>
         <load_address>0x87835</load_address>
         <run_address>0x87835</run_address>
         <size>0x3fa</size>
         <input_file_ref idref="fl-36"/>
      </object_component>
      <object_component id="oc-321">
         <name>.text</name>
         <load_address>0x87c2f</load_address>
         <run_address>0x87c2f</run_address>
         <size>0x3ca</size>
         <input_file_ref idref="fl-3"/>
      </object_component>
      <object_component id="oc-32d">
         <name>.text:_Fapi_getFsmStatus</name>
         <load_address>0x87ff9</load_address>
         <run_address>0x87ff9</run_address>
         <size>0x6</size>
         <input_file_ref idref="fl-46"/>
      </object_component>
      <object_component id="oc-320">
         <name>.text</name>
         <load_address>0x88000</load_address>
         <run_address>0x88000</run_address>
         <size>0x381</size>
         <input_file_ref idref="fl-56"/>
      </object_component>
      <object_component id="oc-301">
         <name>.text</name>
         <load_address>0x88381</load_address>
         <run_address>0x88381</run_address>
         <size>0x2a0</size>
         <input_file_ref idref="fl-24"/>
      </object_component>
      <object_component id="oc-2f9">
         <name>.text</name>
         <load_address>0x88621</load_address>
         <run_address>0x88621</run_address>
         <size>0x28d</size>
         <input_file_ref idref="fl-19"/>
      </object_component>
      <object_component id="oc-33b">
         <name>.text:__Fapi_setupFlashStateMachine</name>
         <load_address>0x888ae</load_address>
         <run_address>0x888ae</run_address>
         <size>0x259</size>
         <input_file_ref idref="fl-46"/>
      </object_component>
      <object_component id="oc-309">
         <name>.text</name>
         <load_address>0x88b07</load_address>
         <run_address>0x88b07</run_address>
         <size>0x244</size>
         <input_file_ref idref="fl-11"/>
      </object_component>
      <object_component id="oc-2eb">
         <name>.text</name>
         <load_address>0x88d4b</load_address>
         <run_address>0x88d4b</run_address>
         <size>0x220</size>
         <input_file_ref idref="fl-37"/>
      </object_component>
      <object_component id="oc-2ff">
         <name>.text</name>
         <load_address>0x88f6b</load_address>
         <run_address>0x88f6b</run_address>
         <size>0x210</size>
         <input_file_ref idref="fl-6"/>
      </object_component>
      <object_component id="oc-314">
         <name>.text</name>
         <load_address>0x8917b</load_address>
         <run_address>0x8917b</run_address>
         <size>0x201</size>
         <input_file_ref idref="fl-22"/>
      </object_component>
      <object_component id="oc-31d">
         <name>.text</name>
         <load_address>0x8937c</load_address>
         <run_address>0x8937c</run_address>
         <size>0x1f1</size>
         <input_file_ref idref="fl-8"/>
      </object_component>
      <object_component id="oc-32c">
         <name>.text:_Fapi_issueProgrammingCommand</name>
         <load_address>0x8956d</load_address>
         <run_address>0x8956d</run_address>
         <size>0x19d</size>
         <input_file_ref idref="fl-47"/>
      </object_component>
      <object_component id="oc-2f2">
         <name>.text</name>
         <load_address>0x8970a</load_address>
         <run_address>0x8970a</run_address>
         <size>0x194</size>
         <input_file_ref idref="fl-34"/>
      </object_component>
      <object_component id="oc-30c">
         <name>.text</name>
         <load_address>0x8989e</load_address>
         <run_address>0x8989e</run_address>
         <size>0x15b</size>
         <input_file_ref idref="fl-21"/>
      </object_component>
      <object_component id="oc-164">
         <name>.text:retain</name>
         <load_address>0x899f9</load_address>
         <run_address>0x899f9</run_address>
         <size>0x142</size>
         <input_file_ref idref="fl-19"/>
      </object_component>
      <object_component id="oc-2ec">
         <name>.text</name>
         <load_address>0x89b3b</load_address>
         <run_address>0x89b3b</run_address>
         <size>0x13f</size>
         <input_file_ref idref="fl-2e"/>
      </object_component>
      <object_component id="oc-315">
         <name>.text</name>
         <load_address>0x89c7a</load_address>
         <run_address>0x89c7a</run_address>
         <size>0x10e</size>
         <input_file_ref idref="fl-23"/>
      </object_component>
      <object_component id="oc-2f5">
         <name>.text</name>
         <load_address>0x89d88</load_address>
         <run_address>0x89d88</run_address>
         <size>0x10d</size>
         <input_file_ref idref="fl-39"/>
      </object_component>
      <object_component id="oc-30f">
         <name>.text</name>
         <load_address>0x89e95</load_address>
         <run_address>0x89e95</run_address>
         <size>0xfd</size>
         <input_file_ref idref="fl-f"/>
      </object_component>
      <object_component id="oc-313">
         <name>.text</name>
         <load_address>0x89f92</load_address>
         <run_address>0x89f92</run_address>
         <size>0xf1</size>
         <input_file_ref idref="fl-54"/>
      </object_component>
      <object_component id="oc-311">
         <name>.text</name>
         <load_address>0x8a083</load_address>
         <run_address>0x8a083</run_address>
         <size>0xd9</size>
         <input_file_ref idref="fl-a"/>
      </object_component>
      <object_component id="oc-317">
         <name>.text</name>
         <load_address>0x8a15c</load_address>
         <run_address>0x8a15c</run_address>
         <size>0xd4</size>
         <input_file_ref idref="fl-55"/>
      </object_component>
      <object_component id="oc-326">
         <name>.text</name>
         <load_address>0x8a230</load_address>
         <run_address>0x8a230</run_address>
         <size>0xca</size>
         <input_file_ref idref="fl-58"/>
      </object_component>
      <object_component id="oc-32e">
         <name>.text:_Fapi_doMarginRead</name>
         <load_address>0x8a2fa</load_address>
         <run_address>0x8a2fa</run_address>
         <size>0xad</size>
         <input_file_ref idref="fl-42"/>
      </object_component>
      <object_component id="oc-1d4">
         <name>.text</name>
         <load_address>0x8a3a7</load_address>
         <run_address>0x8a3a7</run_address>
         <size>0xa4</size>
         <input_file_ref idref="fl-2d"/>
      </object_component>
      <object_component id="oc-270">
         <name>.text</name>
         <load_address>0x8a44b</load_address>
         <run_address>0x8a44b</run_address>
         <size>0x9c</size>
         <input_file_ref idref="fl-5d"/>
      </object_component>
      <object_component id="oc-324">
         <name>.text</name>
         <load_address>0x8a4e8</load_address>
         <run_address>0x8a4e8</run_address>
         <size>0x92</size>
         <input_file_ref idref="fl-72"/>
      </object_component>
      <object_component id="oc-2f4">
         <name>.text</name>
         <load_address>0x8a57a</load_address>
         <run_address>0x8a57a</run_address>
         <size>0x8d</size>
         <input_file_ref idref="fl-30"/>
      </object_component>
      <object_component id="oc-33f">
         <name>.text:__Fapi_loopRegionForValue</name>
         <load_address>0x8a607</load_address>
         <run_address>0x8a607</run_address>
         <size>0x88</size>
         <input_file_ref idref="fl-42"/>
      </object_component>
      <object_component id="oc-27f">
         <name>.text</name>
         <load_address>0x8a68f</load_address>
         <run_address>0x8a68f</run_address>
         <size>0x88</size>
         <input_file_ref idref="fl-60"/>
      </object_component>
      <object_component id="oc-275">
         <name>.text</name>
         <load_address>0x8a717</load_address>
         <run_address>0x8a717</run_address>
         <size>0x83</size>
         <input_file_ref idref="fl-5e"/>
      </object_component>
      <object_component id="oc-310">
         <name>.text</name>
         <load_address>0x8a79a</load_address>
         <run_address>0x8a79a</run_address>
         <size>0x72</size>
         <input_file_ref idref="fl-e"/>
      </object_component>
      <object_component id="oc-31e">
         <name>.text</name>
         <load_address>0x8a80c</load_address>
         <run_address>0x8a80c</run_address>
         <size>0x61</size>
         <input_file_ref idref="fl-59"/>
      </object_component>
      <object_component id="oc-31f">
         <name>.text</name>
         <load_address>0x8a86d</load_address>
         <run_address>0x8a86d</run_address>
         <size>0x5f</size>
         <input_file_ref idref="fl-5b"/>
      </object_component>
      <object_component id="oc-30e">
         <name>.text</name>
         <load_address>0x8a8cc</load_address>
         <run_address>0x8a8cc</run_address>
         <size>0x5d</size>
         <input_file_ref idref="fl-14"/>
      </object_component>
      <object_component id="oc-332">
         <name>.text</name>
         <load_address>0x8a929</load_address>
         <run_address>0x8a929</run_address>
         <size>0x5a</size>
         <input_file_ref idref="fl-5a"/>
      </object_component>
      <object_component id="oc-82">
         <name>.text</name>
         <load_address>0x8a983</load_address>
         <run_address>0x8a983</run_address>
         <size>0x56</size>
         <input_file_ref idref="fl-5c"/>
      </object_component>
      <object_component id="oc-32b">
         <name>.text:_Fapi_doBlankCheck</name>
         <load_address>0x8a9d9</load_address>
         <run_address>0x8a9d9</run_address>
         <size>0x42</size>
         <input_file_ref idref="fl-43"/>
      </object_component>
      <object_component id="oc-327">
         <name>.text:_Fapi_initializeAPI</name>
         <load_address>0x8aa1b</load_address>
         <run_address>0x8aa1b</run_address>
         <size>0x34</size>
         <input_file_ref idref="fl-45"/>
      </object_component>
      <object_component id="oc-347">
         <name>.text:_Fapi_calculateFletcherChecksum</name>
         <load_address>0x8aa4f</load_address>
         <run_address>0x8aa4f</run_address>
         <size>0x2e</size>
         <input_file_ref idref="fl-44"/>
      </object_component>
      <object_component id="oc-33c">
         <name>.text:__Fapi_issueFsmCommand</name>
         <load_address>0x8aa7d</load_address>
         <run_address>0x8aa7d</run_address>
         <size>0x2d</size>
         <input_file_ref idref="fl-46"/>
      </object_component>
      <object_component id="oc-343">
         <name>.text:__Fapi_divideUnsignedLong</name>
         <load_address>0x8aaaa</load_address>
         <run_address>0x8aaaa</run_address>
         <size>0x2c</size>
         <input_file_ref idref="fl-44"/>
      </object_component>
      <object_component id="oc-2e0">
         <name>.text</name>
         <load_address>0x8aad6</load_address>
         <run_address>0x8aad6</run_address>
         <size>0x2a</size>
         <input_file_ref idref="fl-73"/>
      </object_component>
      <object_component id="oc-298">
         <name>.text</name>
         <load_address>0x8ab00</load_address>
         <run_address>0x8ab00</run_address>
         <size>0x2a</size>
         <input_file_ref idref="fl-65"/>
      </object_component>
      <object_component id="oc-2e9">
         <name>.text</name>
         <load_address>0x8ab2a</load_address>
         <run_address>0x8ab2a</run_address>
         <size>0x29</size>
         <input_file_ref idref="fl-6e"/>
      </object_component>
      <object_component id="oc-30a">
         <name>.text</name>
         <load_address>0x8ab53</load_address>
         <run_address>0x8ab53</run_address>
         <size>0x28</size>
         <input_file_ref idref="fl-12"/>
      </object_component>
      <object_component id="oc-30b">
         <name>.text</name>
         <load_address>0x8ab7b</load_address>
         <run_address>0x8ab7b</run_address>
         <size>0x26</size>
         <input_file_ref idref="fl-13"/>
      </object_component>
      <object_component id="oc-325">
         <name>.text</name>
         <load_address>0x8aba2</load_address>
         <run_address>0x8aba2</run_address>
         <size>0x26</size>
         <input_file_ref idref="fl-57"/>
      </object_component>
      <object_component id="oc-328">
         <name>.text:_Fapi_setActiveFlashBank</name>
         <load_address>0x8abc8</load_address>
         <run_address>0x8abc8</run_address>
         <size>0x25</size>
         <input_file_ref idref="fl-46"/>
      </object_component>
      <object_component id="oc-2e6">
         <name>.text</name>
         <load_address>0x8abed</load_address>
         <run_address>0x8abed</run_address>
         <size>0x24</size>
         <input_file_ref idref="fl-69"/>
      </object_component>
      <object_component id="oc-2a2">
         <name>.text</name>
         <load_address>0x8ac11</load_address>
         <run_address>0x8ac11</run_address>
         <size>0x23</size>
         <input_file_ref idref="fl-67"/>
      </object_component>
      <object_component id="oc-340">
         <name>.text:_Fapi_isAddressEcc</name>
         <load_address>0x8ac34</load_address>
         <run_address>0x8ac34</run_address>
         <size>0x22</size>
         <input_file_ref idref="fl-48"/>
      </object_component>
      <object_component id="oc-33d">
         <name>.text:__Fapi_setupSectorsForWrite</name>
         <load_address>0x8ac56</load_address>
         <run_address>0x8ac56</run_address>
         <size>0x22</size>
         <input_file_ref idref="fl-46"/>
      </object_component>
      <object_component id="oc-28e">
         <name>.text</name>
         <load_address>0x8ac78</load_address>
         <run_address>0x8ac78</run_address>
         <size>0x22</size>
         <input_file_ref idref="fl-63"/>
      </object_component>
      <object_component id="oc-329">
         <name>.text:_Fapi_issueAsyncCommandWithAddress</name>
         <load_address>0x8ac9a</load_address>
         <run_address>0x8ac9a</run_address>
         <size>0x20</size>
         <input_file_ref idref="fl-41"/>
      </object_component>
      <object_component id="oc-2a7">
         <name>.text</name>
         <load_address>0x8acba</load_address>
         <run_address>0x8acba</run_address>
         <size>0x20</size>
         <input_file_ref idref="fl-68"/>
      </object_component>
      <object_component id="oc-304">
         <name>.text</name>
         <load_address>0x8acda</load_address>
         <run_address>0x8acda</run_address>
         <size>0x1f</size>
         <input_file_ref idref="fl-1e"/>
      </object_component>
      <object_component id="oc-1ad">
         <name>.text</name>
         <load_address>0x8acf9</load_address>
         <run_address>0x8acf9</run_address>
         <size>0x1f</size>
         <input_file_ref idref="fl-26"/>
      </object_component>
      <object_component id="oc-284">
         <name>.text</name>
         <load_address>0x8ad18</load_address>
         <run_address>0x8ad18</run_address>
         <size>0x1e</size>
         <input_file_ref idref="fl-61"/>
      </object_component>
      <object_component id="oc-2ed">
         <name>.text</name>
         <load_address>0x8ad36</load_address>
         <run_address>0x8ad36</run_address>
         <size>0x1d</size>
         <input_file_ref idref="fl-6a"/>
      </object_component>
      <object_component id="oc-29d">
         <name>.text</name>
         <load_address>0x8ad53</load_address>
         <run_address>0x8ad53</run_address>
         <size>0x1c</size>
         <input_file_ref idref="fl-66"/>
      </object_component>
      <object_component id="oc-346">
         <name>.text:_Fapi_waitDelay</name>
         <load_address>0x8ad6f</load_address>
         <run_address>0x8ad6f</run_address>
         <size>0x1a</size>
         <input_file_ref idref="fl-44"/>
      </object_component>
      <object_component id="oc-2e8">
         <name>.text</name>
         <load_address>0x8ad89</load_address>
         <run_address>0x8ad89</run_address>
         <size>0x19</size>
         <input_file_ref idref="fl-70"/>
      </object_component>
      <object_component id="oc-33e">
         <name>.text:_Fapi_flushPipeline</name>
         <load_address>0x8ada2</load_address>
         <run_address>0x8ada2</run_address>
         <size>0x16</size>
         <input_file_ref idref="fl-42"/>
      </object_component>
      <object_component id="oc-289">
         <name>.text</name>
         <load_address>0x8adb8</load_address>
         <run_address>0x8adb8</run_address>
         <size>0x14</size>
         <input_file_ref idref="fl-62"/>
      </object_component>
      <object_component id="oc-2f8">
         <name>.text</name>
         <load_address>0x8adcc</load_address>
         <run_address>0x8adcc</run_address>
         <size>0x12</size>
         <input_file_ref idref="fl-1a"/>
      </object_component>
      <object_component id="oc-342">
         <name>.text</name>
         <load_address>0x8adde</load_address>
         <run_address>0x8adde</run_address>
         <size>0x12</size>
         <input_file_ref idref="fl-71"/>
      </object_component>
      <object_component id="oc-27a">
         <name>.text</name>
         <load_address>0x8adf0</load_address>
         <run_address>0x8adf0</run_address>
         <size>0xe</size>
         <input_file_ref idref="fl-5f"/>
      </object_component>
      <object_component id="oc-345">
         <name>.text:__Fapi_scaleCycleValues</name>
         <load_address>0x8adfe</load_address>
         <run_address>0x8adfe</run_address>
         <size>0xd</size>
         <input_file_ref idref="fl-44"/>
      </object_component>
      <object_component id="oc-344">
         <name>.text:__Fapi_calculateOtpChecksum</name>
         <load_address>0x8ae0b</load_address>
         <run_address>0x8ae0b</run_address>
         <size>0xb</size>
         <input_file_ref idref="fl-44"/>
      </object_component>
      <object_component id="oc-293">
         <name>.text</name>
         <load_address>0x8ae16</load_address>
         <run_address>0x8ae16</run_address>
         <size>0xb</size>
         <input_file_ref idref="fl-64"/>
      </object_component>
      <object_component id="oc-305">
         <name>.text</name>
         <load_address>0x8ae21</load_address>
         <run_address>0x8ae21</run_address>
         <size>0xa</size>
         <input_file_ref idref="fl-25"/>
      </object_component>
      <object_component id="oc-32a">
         <name>.text:_Fapi_checkFsmForReady</name>
         <load_address>0x8ae2b</load_address>
         <run_address>0x8ae2b</run_address>
         <size>0xa</size>
         <input_file_ref idref="fl-48"/>
      </object_component>
      <object_component id="oc-306">
         <name>.text</name>
         <load_address>0x8ae35</load_address>
         <run_address>0x8ae35</run_address>
         <size>0x9</size>
         <input_file_ref idref="fl-6f"/>
      </object_component>
      <object_component id="oc-2e5">
         <name>.text</name>
         <load_address>0x8ae3e</load_address>
         <run_address>0x8ae3e</run_address>
         <size>0x2</size>
         <input_file_ref idref="fl-6b"/>
      </object_component>
      <object_component id="oc-ba">
         <name>codestart</name>
         <load_address>0x80000</load_address>
         <run_address>0x80000</run_address>
         <size>0x2</size>
         <input_file_ref idref="fl-b"/>
      </object_component>
      <object_component id="oc-26a">
         <name>.stack</name>
         <uninitialized>true</uninitialized>
         <run_address>0x400</run_address>
         <size>0x0</size>
         <input_file_ref idref="fl-5c"/>
      </object_component>
      <object_component id="oc-3cf">
         <name>.stack</name>
         <uninitialized>true</uninitialized>
         <run_address>0x400</run_address>
         <size>0x0</size>
      </object_component>
      <object_component id="oc-84">
         <name>.ebss</name>
         <uninitialized>true</uninitialized>
         <run_address>0xc000</run_address>
         <size>0x1e40</size>
         <input_file_ref idref="fl-2"/>
      </object_component>
      <object_component id="oc-90">
         <name>.ebss</name>
         <uninitialized>true</uninitialized>
         <run_address>0xf8a8</run_address>
         <size>0x12</size>
         <input_file_ref idref="fl-4"/>
      </object_component>
      <object_component id="oc-97">
         <name>.ebss</name>
         <uninitialized>true</uninitialized>
         <run_address>0xf980</run_address>
         <size>0x88</size>
         <input_file_ref idref="fl-5"/>
      </object_component>
      <object_component id="oc-9d">
         <name>.ebss</name>
         <uninitialized>true</uninitialized>
         <run_address>0xf700</run_address>
         <size>0xe4</size>
         <input_file_ref idref="fl-6"/>
      </object_component>
      <object_component id="oc-a4">
         <name>.ebss</name>
         <uninitialized>true</uninitialized>
         <run_address>0xf7f8</run_address>
         <size>0x4</size>
         <input_file_ref idref="fl-7"/>
      </object_component>
      <object_component id="oc-b0">
         <name>.ebss</name>
         <uninitialized>true</uninitialized>
         <run_address>0xf8ba</run_address>
         <size>0x4</size>
         <input_file_ref idref="fl-9"/>
      </object_component>
      <object_component id="oc-c0">
         <name>.ebss</name>
         <uninitialized>true</uninitialized>
         <run_address>0xf6e0</run_address>
         <size>0x18</size>
         <input_file_ref idref="fl-c"/>
      </object_component>
      <object_component id="oc-15c">
         <name>.ebss</name>
         <uninitialized>true</uninitialized>
         <run_address>0xf8c0</run_address>
         <size>0x9e</size>
         <input_file_ref idref="fl-18"/>
      </object_component>
      <object_component id="oc-163">
         <name>.ebss</name>
         <uninitialized>true</uninitialized>
         <run_address>0xf7e4</run_address>
         <size>0x14</size>
         <input_file_ref idref="fl-19"/>
      </object_component>
      <object_component id="oc-170">
         <name>.ebss</name>
         <uninitialized>true</uninitialized>
         <run_address>0xf7fc</run_address>
         <size>0x4</size>
         <input_file_ref idref="fl-1b"/>
      </object_component>
      <object_component id="oc-177">
         <name>.ebss</name>
         <uninitialized>true</uninitialized>
         <run_address>0xfbc0</run_address>
         <size>0x3e</size>
         <input_file_ref idref="fl-1c"/>
      </object_component>
      <object_component id="oc-187">
         <name>.ebss</name>
         <uninitialized>true</uninitialized>
         <run_address>0xfb80</run_address>
         <size>0x40</size>
         <input_file_ref idref="fl-1f"/>
      </object_component>
      <object_component id="oc-195">
         <name>.ebss</name>
         <uninitialized>true</uninitialized>
         <run_address>0xfb00</run_address>
         <size>0x7c</size>
         <input_file_ref idref="fl-22"/>
      </object_component>
      <object_component id="oc-19c">
         <name>.ebss</name>
         <uninitialized>true</uninitialized>
         <run_address>0xfa40</run_address>
         <size>0x86</size>
         <input_file_ref idref="fl-23"/>
      </object_component>
      <object_component id="oc-1a3">
         <name>.ebss</name>
         <uninitialized>true</uninitialized>
         <run_address>0xf800</run_address>
         <size>0xa8</size>
         <input_file_ref idref="fl-24"/>
      </object_component>
      <object_component id="oc-1c3">
         <name>.ebss</name>
         <uninitialized>true</uninitialized>
         <run_address>0xf96a</run_address>
         <size>0x2</size>
         <input_file_ref idref="fl-2a"/>
      </object_component>
      <object_component id="oc-1c9">
         <name>.ebss</name>
         <uninitialized>true</uninitialized>
         <run_address>0xde40</run_address>
         <size>0x1040</size>
         <input_file_ref idref="fl-2b"/>
      </object_component>
      <object_component id="oc-1e5">
         <name>.ebss</name>
         <uninitialized>true</uninitialized>
         <run_address>0xee80</run_address>
         <size>0x860</size>
         <input_file_ref idref="fl-31"/>
      </object_component>
      <object_component id="oc-22d">
         <name>.ebss</name>
         <uninitialized>true</uninitialized>
         <run_address>0xf95e</run_address>
         <size>0xc</size>
         <input_file_ref idref="fl-45"/>
      </object_component>
      <object_component id="oc-2c2">
         <name>.ebss</name>
         <uninitialized>true</uninitialized>
         <run_address>0xf96c</run_address>
         <size>0x1</size>
         <input_file_ref idref="fl-6d"/>
      </object_component>
      <object_component id="oc-2c6">
         <name>.ebss</name>
         <uninitialized>true</uninitialized>
         <run_address>0xf6f8</run_address>
         <size>0x6</size>
         <input_file_ref idref="fl-6e"/>
      </object_component>
      <object_component id="oc-322">
         <name>.ebss:__unlock</name>
         <uninitialized>true</uninitialized>
         <run_address>0xf8be</run_address>
         <size>0x2</size>
         <input_file_ref idref="fl-6f"/>
      </object_component>
      <object_component id="oc-2ef">
         <name>.ebss:__lock</name>
         <uninitialized>true</uninitialized>
         <run_address>0xf6fe</run_address>
         <size>0x2</size>
         <input_file_ref idref="fl-6f"/>
      </object_component>
      <object_component id="oc-323">
         <name>.econst:_PieVectTableInit</name>
         <load_address>0xa8000</load_address>
         <run_address>0xa8000</run_address>
         <size>0x1c0</size>
         <input_file_ref idref="fl-13"/>
      </object_component>
      <object_component id="oc-2f6">
         <name>.econst:.string:_OSUnMapTbl</name>
         <load_address>0xa81c0</load_address>
         <run_address>0xa81c0</run_address>
         <size>0x100</size>
         <input_file_ref idref="fl-31"/>
      </object_component>
      <object_component id="oc-337">
         <name>.econst:_$P$T4$5</name>
         <load_address>0xa82c0</load_address>
         <run_address>0xa82c0</run_address>
         <size>0x48</size>
         <input_file_ref idref="fl-3"/>
      </object_component>
      <object_component id="oc-1ca">
         <name>.econst:.string</name>
         <load_address>0xa8308</load_address>
         <run_address>0xa8308</run_address>
         <size>0x3b</size>
         <input_file_ref idref="fl-2b"/>
      </object_component>
      <object_component id="oc-1df">
         <name>.econst</name>
         <load_address>0xa8344</load_address>
         <run_address>0xa8344</run_address>
         <size>0x3a</size>
         <input_file_ref idref="fl-30"/>
      </object_component>
      <object_component id="oc-318">
         <name>.econst:_KalmanFilter_Unit</name>
         <load_address>0xa837e</load_address>
         <run_address>0xa837e</run_address>
         <size>0x38</size>
         <input_file_ref idref="fl-5"/>
      </object_component>
      <object_component id="oc-24a">
         <name>.econst</name>
         <load_address>0xa83b6</load_address>
         <run_address>0xa83b6</run_address>
         <size>0x32</size>
         <input_file_ref idref="fl-56"/>
      </object_component>
      <object_component id="oc-1e6">
         <name>.econst:.string</name>
         <load_address>0xa83e8</load_address>
         <run_address>0xa83e8</run_address>
         <size>0x1e</size>
         <input_file_ref idref="fl-31"/>
      </object_component>
      <object_component id="oc-23e">
         <name>.econst</name>
         <load_address>0xa8406</load_address>
         <run_address>0xa8406</run_address>
         <size>0x14</size>
         <input_file_ref idref="fl-54"/>
      </object_component>
      <object_component id="oc-334">
         <name>.econst:_$P$T1$2</name>
         <load_address>0xa841a</load_address>
         <run_address>0xa841a</run_address>
         <size>0xc</size>
         <input_file_ref idref="fl-3"/>
      </object_component>
      <object_component id="oc-335">
         <name>.econst:_$P$T2$3</name>
         <load_address>0xa8426</load_address>
         <run_address>0xa8426</run_address>
         <size>0xc</size>
         <input_file_ref idref="fl-3"/>
      </object_component>
      <object_component id="oc-336">
         <name>.econst:_$P$T3$4</name>
         <load_address>0xa8432</load_address>
         <run_address>0xa8432</run_address>
         <size>0xc</size>
         <input_file_ref idref="fl-3"/>
      </object_component>
      <object_component id="oc-244">
         <name>.econst</name>
         <load_address>0xa843e</load_address>
         <run_address>0xa843e</run_address>
         <size>0xc</size>
         <input_file_ref idref="fl-55"/>
      </object_component>
      <object_component id="oc-2db">
         <name>.econst</name>
         <load_address>0xa844a</load_address>
         <run_address>0xa844a</run_address>
         <size>0xc</size>
         <input_file_ref idref="fl-72"/>
      </object_component>
      <object_component id="oc-33a">
         <name>.econst:_aT</name>
         <load_address>0xa8456</load_address>
         <run_address>0xa8456</run_address>
         <size>0xa</size>
         <input_file_ref idref="fl-58"/>
      </object_component>
      <object_component id="oc-338">
         <name>.econst:_atanhi</name>
         <load_address>0xa8460</load_address>
         <run_address>0xa8460</run_address>
         <size>0x8</size>
         <input_file_ref idref="fl-58"/>
      </object_component>
      <object_component id="oc-339">
         <name>.econst:_atanlo</name>
         <load_address>0xa8468</load_address>
         <run_address>0xa8468</run_address>
         <size>0x8</size>
         <input_file_ref idref="fl-58"/>
      </object_component>
      <object_component id="oc-319">
         <name>.econst:_$P$T0$13</name>
         <load_address>0xa8470</load_address>
         <run_address>0xa8470</run_address>
         <size>0x6</size>
         <input_file_ref idref="fl-5"/>
      </object_component>
      <object_component id="oc-333">
         <name>.econst:_$P$T0$1</name>
         <load_address>0xa8476</load_address>
         <run_address>0xa8476</run_address>
         <size>0x6</size>
         <input_file_ref idref="fl-3"/>
      </object_component>
      <object_component id="oc-31a">
         <name>.econst:_$P$T1$14</name>
         <load_address>0xa847c</load_address>
         <run_address>0xa847c</run_address>
         <size>0x6</size>
         <input_file_ref idref="fl-5"/>
      </object_component>
      <object_component id="oc-31b">
         <name>.econst:_$P$T2$49</name>
         <load_address>0xa8482</load_address>
         <run_address>0xa8482</run_address>
         <size>0x6</size>
         <input_file_ref idref="fl-5"/>
      </object_component>
      <object_component id="oc-260">
         <name>.econst</name>
         <load_address>0xa8488</load_address>
         <run_address>0xa8488</run_address>
         <size>0x6</size>
         <input_file_ref idref="fl-5a"/>
      </object_component>
      <object_component id="oc-32f">
         <name>.econst:_bp</name>
         <load_address>0xa848e</load_address>
         <run_address>0xa848e</run_address>
         <size>0x4</size>
         <input_file_ref idref="fl-56"/>
      </object_component>
      <object_component id="oc-330">
         <name>.econst:_dp_h</name>
         <load_address>0xa8492</load_address>
         <run_address>0xa8492</run_address>
         <size>0x4</size>
         <input_file_ref idref="fl-56"/>
      </object_component>
      <object_component id="oc-331">
         <name>.econst:_dp_l</name>
         <load_address>0xa8496</load_address>
         <run_address>0xa8496</run_address>
         <size>0x4</size>
         <input_file_ref idref="fl-56"/>
      </object_component>
      <object_component id="oc-255">
         <name>.econst</name>
         <load_address>0xa849a</load_address>
         <run_address>0xa849a</run_address>
         <size>0x4</size>
         <input_file_ref idref="fl-58"/>
      </object_component>
      <object_component id="oc-1ec">
         <name>.econst:.string</name>
         <load_address>0xa849e</load_address>
         <run_address>0xa849e</run_address>
         <size>0x2</size>
         <input_file_ref idref="fl-32"/>
      </object_component>
      <object_component id="oc-1f2">
         <name>.econst:.string</name>
         <load_address>0xa84a0</load_address>
         <run_address>0xa84a0</run_address>
         <size>0x2</size>
         <input_file_ref idref="fl-33"/>
      </object_component>
      <object_component id="oc-1f8">
         <name>.econst:.string</name>
         <load_address>0xa84a2</load_address>
         <run_address>0xa84a2</run_address>
         <size>0x2</size>
         <input_file_ref idref="fl-34"/>
      </object_component>
      <object_component id="oc-1fe">
         <name>.econst:.string</name>
         <load_address>0xa84a4</load_address>
         <run_address>0xa84a4</run_address>
         <size>0x2</size>
         <input_file_ref idref="fl-35"/>
      </object_component>
      <object_component id="oc-204">
         <name>.econst:.string</name>
         <load_address>0xa84a6</load_address>
         <run_address>0xa84a6</run_address>
         <size>0x2</size>
         <input_file_ref idref="fl-36"/>
      </object_component>
      <object_component id="oc-20a">
         <name>.econst:.string</name>
         <load_address>0xa84a8</load_address>
         <run_address>0xa84a8</run_address>
         <size>0x2</size>
         <input_file_ref idref="fl-37"/>
      </object_component>
      <object_component id="oc-210">
         <name>.econst:.string</name>
         <load_address>0xa84aa</load_address>
         <run_address>0xa84aa</run_address>
         <size>0x2</size>
         <input_file_ref idref="fl-38"/>
      </object_component>
      <object_component id="oc-1b8">
         <name>.econst</name>
         <load_address>0xa84ac</load_address>
         <run_address>0xa84ac</run_address>
         <size>0x2</size>
         <input_file_ref idref="fl-28"/>
      </object_component>
      <object_component id="oc-26b">
         <name>.reset</name>
         <load_address>0x3fffc0</load_address>
         <run_address>0x3fffc0</run_address>
         <size>0x2</size>
         <input_file_ref idref="fl-5c"/>
      </object_component>
      <object_component id="oc-31c">
         <name>.TI.ramfunc</name>
         <load_address>0x86000</load_address>
         <run_address>0x8000</run_address>
         <size>0xac</size>
         <input_file_ref idref="fl-18"/>
      </object_component>
      <object_component id="oc-341">
         <name>.TI.ramfunc</name>
         <load_address>0x860ac</load_address>
         <run_address>0x80ac</run_address>
         <size>0xa8</size>
         <input_file_ref idref="fl-17"/>
      </object_component>
      <object_component id="oc-312">
         <name>.TI.ramfunc</name>
         <load_address>0x86154</load_address>
         <run_address>0x8154</run_address>
         <size>0x37</size>
         <input_file_ref idref="fl-15"/>
      </object_component>
      <object_component id="oc-136">
         <name>PieVectTableFile</name>
         <uninitialized>true</uninitialized>
         <run_address>0xd00</run_address>
         <size>0x1c0</size>
         <input_file_ref idref="fl-10"/>
      </object_component>
      <object_component id="oc-d7">
         <name>EmuBModeVar</name>
         <uninitialized>true</uninitialized>
         <run_address>0xd00</run_address>
         <size>0x1</size>
         <input_file_ref idref="fl-10"/>
      </object_component>
      <object_component id="oc-d6">
         <name>EmuBootPinsVar</name>
         <uninitialized>true</uninitialized>
         <run_address>0xd01</run_address>
         <size>0x1</size>
         <input_file_ref idref="fl-10"/>
      </object_component>
      <object_component id="oc-ef">
         <name>AdcaResultFile</name>
         <uninitialized>true</uninitialized>
         <run_address>0xb00</run_address>
         <size>0x18</size>
         <input_file_ref idref="fl-10"/>
      </object_component>
      <object_component id="oc-f0">
         <name>AdcbResultFile</name>
         <uninitialized>true</uninitialized>
         <run_address>0xb20</run_address>
         <size>0x18</size>
         <input_file_ref idref="fl-10"/>
      </object_component>
      <object_component id="oc-ed">
         <name>AdccResultFile</name>
         <uninitialized>true</uninitialized>
         <run_address>0xb40</run_address>
         <size>0x18</size>
         <input_file_ref idref="fl-10"/>
      </object_component>
      <object_component id="oc-ee">
         <name>AdcdResultFile</name>
         <uninitialized>true</uninitialized>
         <run_address>0xb60</run_address>
         <size>0x18</size>
         <input_file_ref idref="fl-10"/>
      </object_component>
      <object_component id="oc-11c">
         <name>AdcaRegsFile</name>
         <uninitialized>true</uninitialized>
         <run_address>0x7400</run_address>
         <size>0x80</size>
         <input_file_ref idref="fl-10"/>
      </object_component>
      <object_component id="oc-11d">
         <name>AdcbRegsFile</name>
         <uninitialized>true</uninitialized>
         <run_address>0x7480</run_address>
         <size>0x80</size>
         <input_file_ref idref="fl-10"/>
      </object_component>
      <object_component id="oc-11e">
         <name>AdccRegsFile</name>
         <uninitialized>true</uninitialized>
         <run_address>0x7500</run_address>
         <size>0x80</size>
         <input_file_ref idref="fl-10"/>
      </object_component>
      <object_component id="oc-121">
         <name>AdcdRegsFile</name>
         <uninitialized>true</uninitialized>
         <run_address>0x7580</run_address>
         <size>0x80</size>
         <input_file_ref idref="fl-10"/>
      </object_component>
      <object_component id="oc-119">
         <name>AnalogSubsysRegsFile</name>
         <uninitialized>true</uninitialized>
         <run_address>0x5d180</run_address>
         <size>0x48</size>
         <input_file_ref idref="fl-10"/>
      </object_component>
      <object_component id="oc-132">
         <name>CanaRegsFile</name>
         <uninitialized>true</uninitialized>
         <run_address>0x48000</run_address>
         <size>0x164</size>
         <input_file_ref idref="fl-10"/>
      </object_component>
      <object_component id="oc-133">
         <name>CanbRegsFile</name>
         <uninitialized>true</uninitialized>
         <run_address>0x4a000</run_address>
         <size>0x164</size>
         <input_file_ref idref="fl-10"/>
      </object_component>
      <object_component id="oc-113">
         <name>Cla1RegsFile</name>
         <uninitialized>true</uninitialized>
         <run_address>0x1400</run_address>
         <size>0x3e</size>
         <input_file_ref idref="fl-10"/>
      </object_component>
      <object_component id="oc-db">
         <name>Cla1SoftIntRegsFile</name>
         <uninitialized>true</uninitialized>
         <run_address>0xce0</run_address>
         <size>0x4</size>
         <input_file_ref idref="fl-10"/>
      </object_component>
      <object_component id="oc-fd">
         <name>Cmpss1RegsFile</name>
         <uninitialized>true</uninitialized>
         <run_address>0x5c80</run_address>
         <size>0x20</size>
         <input_file_ref idref="fl-10"/>
      </object_component>
      <object_component id="oc-100">
         <name>Cmpss2RegsFile</name>
         <uninitialized>true</uninitialized>
         <run_address>0x5ca0</run_address>
         <size>0x20</size>
         <input_file_ref idref="fl-10"/>
      </object_component>
      <object_component id="oc-ff">
         <name>Cmpss3RegsFile</name>
         <uninitialized>true</uninitialized>
         <run_address>0x5cc0</run_address>
         <size>0x20</size>
         <input_file_ref idref="fl-10"/>
      </object_component>
      <object_component id="oc-102">
         <name>Cmpss4RegsFile</name>
         <uninitialized>true</uninitialized>
         <run_address>0x5ce0</run_address>
         <size>0x20</size>
         <input_file_ref idref="fl-10"/>
      </object_component>
      <object_component id="oc-101">
         <name>Cmpss5RegsFile</name>
         <uninitialized>true</uninitialized>
         <run_address>0x5d00</run_address>
         <size>0x20</size>
         <input_file_ref idref="fl-10"/>
      </object_component>
      <object_component id="oc-fc">
         <name>Cmpss6RegsFile</name>
         <uninitialized>true</uninitialized>
         <run_address>0x5d20</run_address>
         <size>0x20</size>
         <input_file_ref idref="fl-10"/>
      </object_component>
      <object_component id="oc-fb">
         <name>Cmpss7RegsFile</name>
         <uninitialized>true</uninitialized>
         <run_address>0x5d40</run_address>
         <size>0x20</size>
         <input_file_ref idref="fl-10"/>
      </object_component>
      <object_component id="oc-fe">
         <name>Cmpss8RegsFile</name>
         <uninitialized>true</uninitialized>
         <run_address>0x5d60</run_address>
         <size>0x20</size>
         <input_file_ref idref="fl-10"/>
      </object_component>
      <object_component id="oc-e2">
         <name>CpuTimer0RegsFile</name>
         <uninitialized>true</uninitialized>
         <run_address>0xc00</run_address>
         <size>0x8</size>
         <input_file_ref idref="fl-10"/>
      </object_component>
      <object_component id="oc-e4">
         <name>CpuTimer1RegsFile</name>
         <uninitialized>true</uninitialized>
         <run_address>0xc08</run_address>
         <size>0x8</size>
         <input_file_ref idref="fl-10"/>
      </object_component>
      <object_component id="oc-df">
         <name>CpuTimer2RegsFile</name>
         <uninitialized>true</uninitialized>
         <run_address>0xc10</run_address>
         <size>0x8</size>
         <input_file_ref idref="fl-10"/>
      </object_component>
      <object_component id="oc-de">
         <name>DacaRegsFile</name>
         <uninitialized>true</uninitialized>
         <run_address>0x5c00</run_address>
         <size>0x8</size>
         <input_file_ref idref="fl-10"/>
      </object_component>
      <object_component id="oc-e3">
         <name>DacbRegsFile</name>
         <uninitialized>true</uninitialized>
         <run_address>0x5c10</run_address>
         <size>0x8</size>
         <input_file_ref idref="fl-10"/>
      </object_component>
      <object_component id="oc-e0">
         <name>DaccRegsFile</name>
         <uninitialized>true</uninitialized>
         <run_address>0x5c20</run_address>
         <size>0x8</size>
         <input_file_ref idref="fl-10"/>
      </object_component>
      <object_component id="oc-10b">
         <name>DcsmZ1RegsFile</name>
         <uninitialized>true</uninitialized>
         <run_address>0x5f000</run_address>
         <size>0x24</size>
         <input_file_ref idref="fl-10"/>
      </object_component>
      <object_component id="oc-10c">
         <name>DcsmZ2RegsFile</name>
         <uninitialized>true</uninitialized>
         <run_address>0x5f040</run_address>
         <size>0x24</size>
         <input_file_ref idref="fl-10"/>
      </object_component>
      <object_component id="oc-e1">
         <name>DcsmCommonRegsFile</name>
         <uninitialized>true</uninitialized>
         <run_address>0x5f070</run_address>
         <size>0x8</size>
         <input_file_ref idref="fl-10"/>
      </object_component>
      <object_component id="oc-124">
         <name>DmaRegsFile</name>
         <uninitialized>true</uninitialized>
         <run_address>0x1000</run_address>
         <size>0xe0</size>
         <input_file_ref idref="fl-10"/>
      </object_component>
      <object_component id="oc-f2">
         <name>DmaClaSrcSelRegsFile</name>
         <uninitialized>true</uninitialized>
         <run_address>0x7980</run_address>
         <size>0x1a</size>
         <input_file_ref idref="fl-10"/>
      </object_component>
      <object_component id="oc-104">
         <name>ECap1RegsFile</name>
         <uninitialized>true</uninitialized>
         <run_address>0x5000</run_address>
         <size>0x20</size>
         <input_file_ref idref="fl-10"/>
      </object_component>
      <object_component id="oc-103">
         <name>ECap2RegsFile</name>
         <uninitialized>true</uninitialized>
         <run_address>0x5020</run_address>
         <size>0x20</size>
         <input_file_ref idref="fl-10"/>
      </object_component>
      <object_component id="oc-f3">
         <name>ECap3RegsFile</name>
         <uninitialized>true</uninitialized>
         <run_address>0x5040</run_address>
         <size>0x20</size>
         <input_file_ref idref="fl-10"/>
      </object_component>
      <object_component id="oc-f4">
         <name>ECap4RegsFile</name>
         <uninitialized>true</uninitialized>
         <run_address>0x5060</run_address>
         <size>0x20</size>
         <input_file_ref idref="fl-10"/>
      </object_component>
      <object_component id="oc-f5">
         <name>ECap5RegsFile</name>
         <uninitialized>true</uninitialized>
         <run_address>0x5080</run_address>
         <size>0x20</size>
         <input_file_ref idref="fl-10"/>
      </object_component>
      <object_component id="oc-f8">
         <name>ECap6RegsFile</name>
         <uninitialized>true</uninitialized>
         <run_address>0x50a0</run_address>
         <size>0x20</size>
         <input_file_ref idref="fl-10"/>
      </object_component>
      <object_component id="oc-11a">
         <name>Emif1RegsFile</name>
         <uninitialized>true</uninitialized>
         <run_address>0x47000</run_address>
         <size>0x70</size>
         <input_file_ref idref="fl-10"/>
      </object_component>
      <object_component id="oc-11b">
         <name>Emif2RegsFile</name>
         <uninitialized>true</uninitialized>
         <run_address>0x47800</run_address>
         <size>0x70</size>
         <input_file_ref idref="fl-10"/>
      </object_component>
      <object_component id="oc-129">
         <name>EPwm1RegsFile</name>
         <uninitialized>true</uninitialized>
         <run_address>0x4000</run_address>
         <size>0x100</size>
         <input_file_ref idref="fl-10"/>
      </object_component>
      <object_component id="oc-128">
         <name>EPwm2RegsFile</name>
         <uninitialized>true</uninitialized>
         <run_address>0x4100</run_address>
         <size>0x100</size>
         <input_file_ref idref="fl-10"/>
      </object_component>
      <object_component id="oc-12b">
         <name>EPwm3RegsFile</name>
         <uninitialized>true</uninitialized>
         <run_address>0x4200</run_address>
         <size>0x100</size>
         <input_file_ref idref="fl-10"/>
      </object_component>
      <object_component id="oc-126">
         <name>EPwm4RegsFile</name>
         <uninitialized>true</uninitialized>
         <run_address>0x4300</run_address>
         <size>0x100</size>
         <input_file_ref idref="fl-10"/>
      </object_component>
      <object_component id="oc-125">
         <name>EPwm5RegsFile</name>
         <uninitialized>true</uninitialized>
         <run_address>0x4400</run_address>
         <size>0x100</size>
         <input_file_ref idref="fl-10"/>
      </object_component>
      <object_component id="oc-12a">
         <name>EPwm6RegsFile</name>
         <uninitialized>true</uninitialized>
         <run_address>0x4500</run_address>
         <size>0x100</size>
         <input_file_ref idref="fl-10"/>
      </object_component>
      <object_component id="oc-127">
         <name>EPwm7RegsFile</name>
         <uninitialized>true</uninitialized>
         <run_address>0x4600</run_address>
         <size>0x100</size>
         <input_file_ref idref="fl-10"/>
      </object_component>
      <object_component id="oc-130">
         <name>EPwm8RegsFile</name>
         <uninitialized>true</uninitialized>
         <run_address>0x4700</run_address>
         <size>0x100</size>
         <input_file_ref idref="fl-10"/>
      </object_component>
      <object_component id="oc-12e">
         <name>EPwm9RegsFile</name>
         <uninitialized>true</uninitialized>
         <run_address>0x4800</run_address>
         <size>0x100</size>
         <input_file_ref idref="fl-10"/>
      </object_component>
      <object_component id="oc-12f">
         <name>EPwm10RegsFile</name>
         <uninitialized>true</uninitialized>
         <run_address>0x4900</run_address>
         <size>0x100</size>
         <input_file_ref idref="fl-10"/>
      </object_component>
      <object_component id="oc-12c">
         <name>EPwm11RegsFile</name>
         <uninitialized>true</uninitialized>
         <run_address>0x4a00</run_address>
         <size>0x100</size>
         <input_file_ref idref="fl-10"/>
      </object_component>
      <object_component id="oc-12d">
         <name>EPwm12RegsFile</name>
         <uninitialized>true</uninitialized>
         <run_address>0x4b00</run_address>
         <size>0x100</size>
         <input_file_ref idref="fl-10"/>
      </object_component>
      <object_component id="oc-116">
         <name>EPwmXbarRegsFile</name>
         <uninitialized>true</uninitialized>
         <run_address>0x7a00</run_address>
         <size>0x40</size>
         <input_file_ref idref="fl-10"/>
      </object_component>
      <object_component id="oc-107">
         <name>EQep1RegsFile</name>
         <uninitialized>true</uninitialized>
         <run_address>0x5100</run_address>
         <size>0x22</size>
         <input_file_ref idref="fl-10"/>
      </object_component>
      <object_component id="oc-108">
         <name>EQep2RegsFile</name>
         <uninitialized>true</uninitialized>
         <run_address>0x5140</run_address>
         <size>0x22</size>
         <input_file_ref idref="fl-10"/>
      </object_component>
      <object_component id="oc-109">
         <name>EQep3RegsFile</name>
         <uninitialized>true</uninitialized>
         <run_address>0x5180</run_address>
         <size>0x22</size>
         <input_file_ref idref="fl-10"/>
      </object_component>
      <object_component id="oc-135">
         <name>Flash0CtrlRegsFile</name>
         <uninitialized>true</uninitialized>
         <run_address>0x5f800</run_address>
         <size>0x182</size>
         <input_file_ref idref="fl-10"/>
      </object_component>
      <object_component id="oc-10f">
         <name>Flash0EccRegsFile</name>
         <uninitialized>true</uninitialized>
         <run_address>0x5fb00</run_address>
         <size>0x28</size>
         <input_file_ref idref="fl-10"/>
      </object_component>
      <object_component id="oc-134">
         <name>GpioCtrlRegsFile</name>
         <uninitialized>true</uninitialized>
[...]
         <object_component_ref idref="oc-2f1"/>
      </symbol>
      <symbol id="sm-aa5">
         <name>_OSFlagPend</name>
         <value>0x85875</value>
         <object_component_ref idref="oc-2f1"/>
      </symbol>
      <symbol id="sm-add">
         <name>_OSMemCreate</name>
         <value>0x8970a</value>
         <object_component_ref idref="oc-2f2"/>
      </symbol>
      <symbol id="sm-ade">
         <name>_OSMemPut</name>
         <value>0x897fb</value>
         <object_component_ref idref="oc-2f2"/>
      </symbol>
      <symbol id="sm-adf">
         <name>_OSMemGet</name>
         <value>0x89773</value>
         <object_component_ref idref="oc-2f2"/>
      </symbol>
      <symbol id="sm-ae0">
         <name>_OS_MemInit</name>
         <value>0x89862</value>
         <object_component_ref idref="oc-2f2"/>
      </symbol>
      <symbol id="sm-ae1">
         <name>_OSMemNameSet</name>
         <value>0x897d4</value>
         <object_component_ref idref="oc-2f2"/>
      </symbol>
      <symbol id="sm-ae2">
         <name>_OSMemNameGet</name>
         <value>0x897a3</value>
         <object_component_ref idref="oc-2f2"/>
      </symbol>
      <symbol id="sm-ae3">
         <name>_OSMemQuery</name>
         <value>0x8982a</value>
         <object_component_ref idref="oc-2f2"/>
      </symbol>
      <symbol id="sm-b51">
         <name>_OS_QInit</name>
         <value>0x87bfd</value>
         <object_component_ref idref="oc-2f3"/>
      </symbol>
      <symbol id="sm-b52">
         <name>_OSQCreate</name>
         <value>0x8787d</value>
         <object_component_ref idref="oc-2f3"/>
      </symbol>
      <symbol id="sm-b53">
         <name>_OSQAccept</name>
         <value>0x87835</value>
         <object_component_ref idref="oc-2f3"/>
      </symbol>
      <symbol id="sm-b54">
         <name>_OSQPostOpt</name>
         <value>0x87b36</value>
         <object_component_ref idref="oc-2f3"/>
      </symbol>
      <symbol id="sm-b55">
         <name>_OSQPost</name>
         <value>0x87a9a</value>
         <object_component_ref idref="oc-2f3"/>
      </symbol>
      <symbol id="sm-b56">
         <name>_OSQDel</name>
         <value>0x878e2</value>
         <object_component_ref idref="oc-2f3"/>
      </symbol>
      <symbol id="sm-b57">
         <name>_OSQQuery</name>
         <value>0x87baa</value>
         <object_component_ref idref="oc-2f3"/>
      </symbol>
      <symbol id="sm-b58">
         <name>_OSQFlush</name>
         <value>0x8797b</value>
         <object_component_ref idref="oc-2f3"/>
      </symbol>
      <symbol id="sm-b59">
         <name>_OSQPostFront</name>
         <value>0x87ae2</value>
         <object_component_ref idref="oc-2f3"/>
      </symbol>
      <symbol id="sm-b5a">
         <name>_OSQPend</name>
         <value>0x879a1</value>
         <object_component_ref idref="oc-2f3"/>
      </symbol>
      <symbol id="sm-b5b">
         <name>_OSQPendAbort</name>
         <value>0x87a56</value>
         <object_component_ref idref="oc-2f3"/>
      </symbol>
      <symbol id="sm-ba4">
         <name>_OSSemPendAbort</name>
         <value>0x88e95</value>
         <object_component_ref idref="oc-2eb"/>
      </symbol>
      <symbol id="sm-ba5">
         <name>_OSSemQuery</name>
         <value>0x88f06</value>
         <object_component_ref idref="oc-2eb"/>
      </symbol>
      <symbol id="sm-ba6">
         <name>_OSSemCreate</name>
         <value>0x88d65</value>
         <object_component_ref idref="oc-2eb"/>
      </symbol>
      <symbol id="sm-ba7">
         <name>_OSSemPost</name>
         <value>0x88ed9</value>
         <object_component_ref idref="oc-2eb"/>
      </symbol>
      <symbol id="sm-ba8">
         <name>_OSSemPend</name>
         <value>0x88e17</value>
         <object_component_ref idref="oc-2eb"/>
      </symbol>
      <symbol id="sm-ba9">
         <name>_OSSemDel</name>
         <value>0x88d94</value>
         <object_component_ref idref="oc-2eb"/>
      </symbol>
      <symbol id="sm-baa">
         <name>_OSSemSet</name>
         <value>0x88f41</value>
         <object_component_ref idref="oc-2eb"/>
      </symbol>
      <symbol id="sm-bab">
         <name>_OSSemAccept</name>
         <value>0x88d4b</value>
         <object_component_ref idref="oc-2eb"/>
      </symbol>
      <symbol id="sm-c28">
         <name>_OSTaskChangePrio</name>
         <value>0x845d0</value>
         <object_component_ref idref="oc-2f7"/>
      </symbol>
      <symbol id="sm-c29">
         <name>_OSTaskSuspend</name>
         <value>0x84a41</value>
         <object_component_ref idref="oc-2f7"/>
      </symbol>
      <symbol id="sm-c2a">
         <name>_OSTaskCreate</name>
         <value>0x846d7</value>
         <object_component_ref idref="oc-2f7"/>
      </symbol>
      <symbol id="sm-c2b">
         <name>_OSTaskDelReq</name>
         <value>0x84891</value>
         <object_component_ref idref="oc-2f7"/>
      </symbol>
      <symbol id="sm-c2c">
         <name>_OSTaskNameGet</name>
         <value>0x848d4</value>
         <object_component_ref idref="oc-2f7"/>
      </symbol>
      <symbol id="sm-c2d">
         <name>_OSTaskResume</name>
         <value>0x8497e</value>
         <object_component_ref idref="oc-2f7"/>
      </symbol>
      <symbol id="sm-c2e">
         <name>_OSTaskRegSet</name>
         <value>0x84b3e</value>
         <object_component_ref idref="oc-2f7"/>
      </symbol>
      <symbol id="sm-c2f">
         <name>_OS_TaskReturn</name>
         <value>0x84b73</value>
         <object_component_ref idref="oc-2f7"/>
      </symbol>
      <symbol id="sm-c30">
         <name>_OS_TaskStkClr</name>
         <value>0x84b7c</value>
         <object_component_ref idref="oc-2f7"/>
      </symbol>
      <symbol id="sm-c31">
         <name>_OSTaskQuery</name>
         <value>0x84aae</value>
         <object_component_ref idref="oc-2f7"/>
      </symbol>
      <symbol id="sm-c32">
         <name>_OSTaskNameSet</name>
         <value>0x8492f</value>
         <object_component_ref idref="oc-2f7"/>
      </symbol>
      <symbol id="sm-c33">
         <name>_OSTaskDel</name>
         <value>0x8479d</value>
         <object_component_ref idref="oc-2f7"/>
      </symbol>
      <symbol id="sm-c34">
         <name>_OSTaskStkChk</name>
         <value>0x849e3</value>
         <object_component_ref idref="oc-2f7"/>
      </symbol>
      <symbol id="sm-c35">
         <name>_OSTaskRegGet</name>
         <value>0x84aeb</value>
         <object_component_ref idref="oc-2f7"/>
      </symbol>
      <symbol id="sm-c36">
         <name>_OSTaskCreateExt</name>
         <value>0x84735</value>
         <object_component_ref idref="oc-2f7"/>
      </symbol>
      <symbol id="sm-c37">
         <name>_OSTaskRegGetID</name>
         <value>0x84b22</value>
         <object_component_ref idref="oc-2f7"/>
      </symbol>
      <symbol id="sm-c55">
         <name>_OSTimeSet</name>
         <value>0x89e86</value>
         <object_component_ref idref="oc-2f5"/>
      </symbol>
      <symbol id="sm-c56">
         <name>_OSTimeDlyResume</name>
         <value>0x89e0c</value>
         <object_component_ref idref="oc-2f5"/>
      </symbol>
      <symbol id="sm-c57">
         <name>_OSTimeDlyHMSM</name>
         <value>0x89dc4</value>
         <object_component_ref idref="oc-2f5"/>
      </symbol>
      <symbol id="sm-c58">
         <name>_OSTimeGet</name>
         <value>0x89e77</value>
         <object_component_ref idref="oc-2f5"/>
      </symbol>
      <symbol id="sm-c59">
         <name>_OSTimeDly</name>
         <value>0x89d88</value>
         <object_component_ref idref="oc-2f5"/>
      </symbol>
      <symbol id="sm-c69">
         <name>_Fapi_issueAsyncCommandWithAddress</name>
         <value>0x8ac9a</value>
         <object_component_ref idref="oc-329"/>
      </symbol>
      <symbol id="sm-c96">
         <name>_Fapi_doMarginRead</name>
         <value>0x8a2fa</value>
         <object_component_ref idref="oc-32e"/>
      </symbol>
      <symbol id="sm-c97">
         <name>_Fapi_flushPipeline</name>
         <value>0x8ada2</value>
         <object_component_ref idref="oc-33e"/>
      </symbol>
      <symbol id="sm-c98">
         <name>__Fapi_loopRegionForValue</name>
         <value>0x8a607</value>
         <object_component_ref idref="oc-33f"/>
      </symbol>
      <symbol id="sm-ca4">
         <name>_Fapi_doBlankCheck</name>
         <value>0x8a9d9</value>
         <object_component_ref idref="oc-32b"/>
      </symbol>
      <symbol id="sm-cc2">
         <name>_Fapi_calculateFletcherChecksum</name>
         <value>0x8aa4f</value>
         <object_component_ref idref="oc-347"/>
      </symbol>
      <symbol id="sm-cc3">
         <name>__Fapi_calculateOtpChecksum</name>
         <value>0x8ae0b</value>
         <object_component_ref idref="oc-344"/>
      </symbol>
      <symbol id="sm-cc4">
         <name>_Fapi_waitDelay</name>
         <value>0x8ad6f</value>
         <object_component_ref idref="oc-346"/>
      </symbol>
      <symbol id="sm-cc5">
         <name>__Fapi_divideUnsignedLong</name>
         <value>0x8aaaa</value>
         <object_component_ref idref="oc-343"/>
      </symbol>
      <symbol id="sm-cc6">
         <name>__Fapi_scaleCycleValues</name>
         <value>0x8adfe</value>
         <object_component_ref idref="oc-345"/>
      </symbol>
      <symbol id="sm-cd3">
         <name>_Fapi_initializeAPI</name>
         <value>0x8aa1b</value>
         <object_component_ref idref="oc-327"/>
      </symbol>
      <symbol id="sm-cd4">
         <name>_Fapi_GlobalInit</name>
         <value>0xf95e</value>
         <object_component_ref idref="oc-22d"/>
      </symbol>
      <symbol id="sm-cf6">
         <name>__Fapi_issueFsmCommand</name>
         <value>0x8aa7d</value>
         <object_component_ref idref="oc-33c"/>
      </symbol>
      <symbol id="sm-cf7">
         <name>_Fapi_setActiveFlashBank</name>
         <value>0x8abc8</value>
         <object_component_ref idref="oc-328"/>
      </symbol>
      <symbol id="sm-cf8">
         <name>__Fapi_setupSectorsForWrite</name>
         <value>0x8ac56</value>
         <object_component_ref idref="oc-33d"/>
      </symbol>
      <symbol id="sm-cf9">
         <name>_Fapi_getFsmStatus</name>
         <value>0x87ff9</value>
         <object_component_ref idref="oc-32d"/>
      </symbol>
      <symbol id="sm-d1f">
         <name>_Fapi_issueProgrammingCommand</name>
         <value>0x8956d</value>
         <object_component_ref idref="oc-32c"/>
      </symbol>
      <symbol id="sm-d33">
         <name>_Fapi_checkFsmForReady</name>
         <value>0x8ae2b</value>
         <object_component_ref idref="oc-32a"/>
      </symbol>
      <symbol id="sm-d34">
         <name>_Fapi_isAddressEcc</name>
         <value>0x8ac34</value>
         <object_component_ref idref="oc-340"/>
      </symbol>
      <symbol id="sm-d50">
         <name>_asin</name>
         <value>0x89f92</value>
         <object_component_ref idref="oc-313"/>
      </symbol>
      <symbol id="sm-d51">
         <name>_asinf</name>
         <value>0x89f92</value>
         <object_component_ref idref="oc-313"/>
      </symbol>
      <symbol id="sm-d80">
         <name>_atan2f</name>
         <value>0x8a15c</value>
         <object_component_ref idref="oc-317"/>
      </symbol>
      <symbol id="sm-d81">
         <name>_atan2</name>
         <value>0x8a15c</value>
         <object_component_ref idref="oc-317"/>
      </symbol>
      <symbol id="sm-dd8">
         <name>_powf</name>
         <value>0x88000</value>
         <object_component_ref idref="oc-320"/>
      </symbol>
      <symbol id="sm-dd9">
         <name>_pow</name>
         <value>0x88000</value>
         <object_component_ref idref="oc-320"/>
      </symbol>
      <symbol id="sm-de9">
         <name>_sqrtf</name>
         <value>0x8aba2</value>
         <object_component_ref idref="oc-325"/>
      </symbol>
      <symbol id="sm-dea">
         <name>_sqrt</name>
         <value>0x8aba2</value>
         <object_component_ref idref="oc-325"/>
      </symbol>
      <symbol id="sm-e0f">
         <name>_atan</name>
         <value>0x8a230</value>
         <object_component_ref idref="oc-326"/>
      </symbol>
      <symbol id="sm-e10">
         <name>_atanf</name>
         <value>0x8a230</value>
         <object_component_ref idref="oc-326"/>
      </symbol>
      <symbol id="sm-e1e">
         <name>_cos</name>
         <value>0x8a80c</value>
         <object_component_ref idref="oc-31e"/>
      </symbol>
      <symbol id="sm-e1f">
         <name>_cosf</name>
         <value>0x8a80c</value>
         <object_component_ref idref="oc-31e"/>
      </symbol>
      <symbol id="sm-e37">
         <name>_scalbn</name>
         <value>0x8a929</value>
         <object_component_ref idref="oc-332"/>
      </symbol>
      <symbol id="sm-e38">
         <name>_ldexp</name>
         <value>0x8a929</value>
         <object_component_ref idref="oc-332"/>
      </symbol>
      <symbol id="sm-e39">
         <name>_scalbnf</name>
         <value>0x8a929</value>
         <object_component_ref idref="oc-332"/>
      </symbol>
      <symbol id="sm-e3a">
         <name>_ldexpf</name>
         <value>0x8a929</value>
         <object_component_ref idref="oc-332"/>
      </symbol>
      <symbol id="sm-e4a">
         <name>_tanf</name>
         <value>0x8a86d</value>
         <object_component_ref idref="oc-31f"/>
      </symbol>
      <symbol id="sm-e4b">
         <name>_tan</name>
         <value>0x8a86d</value>
         <object_component_ref idref="oc-31f"/>
      </symbol>
      <symbol id="sm-e66">
         <name>_c_int00</name>
         <value>0x8a983</value>
         <object_component_ref idref="oc-82"/>
      </symbol>
      <symbol id="sm-e67">
         <name>__stack</name>
         <value>0x400</value>
         <object_component_ref idref="oc-26a"/>
      </symbol>
      <symbol id="sm-e82">
         <name>FD$$ADD</name>
         <value>0x8a44b</value>
         <object_component_ref idref="oc-270"/>
      </symbol>
      <symbol id="sm-e94">
         <name>FD$$MPY</name>
         <value>0x8a717</value>
         <object_component_ref idref="oc-275"/>
      </symbol>
      <symbol id="sm-ea0">
         <name>FD$$SUB</name>
         <value>0x8adf0</value>
         <object_component_ref idref="oc-27a"/>
      </symbol>
      <symbol id="sm-eb1">
         <name>FS$$DIV</name>
         <value>0x8a68f</value>
         <object_component_ref idref="oc-27f"/>
      </symbol>
      <symbol id="sm-ebf">
         <name>ULL$$CMP</name>
         <value>0x8ad2a</value>
         <object_component_ref idref="oc-284"/>
      </symbol>
      <symbol id="sm-ec0">
         <name>LL$$CMP</name>
         <value>0x8ad18</value>
         <object_component_ref idref="oc-284"/>
      </symbol>
      <symbol id="sm-ecc">
         <name>LL$$MPY</name>
         <value>0x8adb8</value>
         <object_component_ref idref="oc-289"/>
      </symbol>
      <symbol id="sm-eda">
         <name>I$$MOD</name>
         <value>0x8ac89</value>
         <object_component_ref idref="oc-28e"/>
      </symbol>
      <symbol id="sm-edb">
         <name>I$$DIV</name>
         <value>0x8ac78</value>
         <object_component_ref idref="oc-28e"/>
      </symbol>
      <symbol id="sm-ee7">
         <name>U$$MOD</name>
         <value>0x8ae1b</value>
         <object_component_ref idref="oc-293"/>
      </symbol>
      <symbol id="sm-ee8">
         <name>U$$DIV</name>
         <value>0x8ae16</value>
         <object_component_ref idref="oc-293"/>
      </symbol>
      <symbol id="sm-ef4">
         <name>UL$$MOD</name>
         <value>0x8ab24</value>
         <object_component_ref idref="oc-298"/>
      </symbol>
      <symbol id="sm-ef5">
         <name>L$$MOD</name>
         <value>0x8ab0f</value>
         <object_component_ref idref="oc-298"/>
      </symbol>
      <symbol id="sm-ef6">
         <name>L$$DIV</name>
         <value>0x8ab00</value>
         <object_component_ref idref="oc-298"/>
      </symbol>
      <symbol id="sm-ef7">
         <name>UL$$DIV</name>
         <value>0x8ab1d</value>
         <object_component_ref idref="oc-298"/>
      </symbol>
      <symbol id="sm-f07">
         <name>FS$$TOFD</name>
         <value>0x8ad53</value>
         <object_component_ref idref="oc-29d"/>
      </symbol>
      <symbol id="sm-f17">
         <name>FD$$TOFS</name>
         <value>0x8ac11</value>
         <object_component_ref idref="oc-2a2"/>
      </symbol>
      <symbol id="sm-f25">
         <name>LL$$TOFS</name>
         <value>0x8acba</value>
         <object_component_ref idref="oc-2a7"/>
      </symbol>
      <symbol id="sm-f34">
         <name>_copy_in</name>
         <value>0x8abed</value>
         <object_component_ref idref="oc-2e6"/>
      </symbol>
      <symbol id="sm-f45">
         <name>_memcpy</name>
         <value>0x8ad36</value>
         <object_component_ref idref="oc-2ed"/>
      </symbol>
      <symbol id="sm-f51">
         <name>__system_pre_init</name>
         <value>0x8ae3e</value>
         <object_component_ref idref="oc-2e5"/>
      </symbol>
      <symbol id="sm-f5e">
         <name>__system_post_cinit</name>
         <value>0x85fff</value>
         <object_component_ref idref="oc-2e7"/>
      </symbol>
      <symbol id="sm-f68">
         <name>_errno</name>
         <value>0xf96c</value>
         <object_component_ref idref="oc-2c2"/>
      </symbol>
      <symbol id="sm-f7c">
         <name>C$$EXIT</name>
         <value>0x8ab2a</value>
         <object_component_ref idref="oc-2e9"/>
      </symbol>
      <symbol id="sm-f7d">
         <name>_exit</name>
         <value>0x8ab2c</value>
         <object_component_ref idref="oc-2e9"/>
      </symbol>
      <symbol id="sm-f7e">
         <name>___TI_cleanup_ptr</name>
         <value>0xf6fa</value>
         <object_component_ref idref="oc-2c6"/>
      </symbol>
      <symbol id="sm-f7f">
         <name>___TI_enable_exit_profile_output</name>
         <value>0xf6f8</value>
         <object_component_ref idref="oc-2c6"/>
      </symbol>
      <symbol id="sm-f80">
         <name>_abort</name>
         <value>0x8ab2a</value>
         <object_component_ref idref="oc-2e9"/>
      </symbol>
      <symbol id="sm-f81">
         <name>___TI_dtors_ptr</name>
         <value>0xf6fc</value>
         <object_component_ref idref="oc-2c6"/>
      </symbol>
      <symbol id="sm-f95">
         <name>__unlock</name>
         <value>0xf8be</value>
         <object_component_ref idref="oc-322"/>
      </symbol>
      <symbol id="sm-f96">
         <name>__lock</name>
         <value>0xf6fe</value>
         <object_component_ref idref="oc-2ef"/>
      </symbol>
      <symbol id="sm-f97">
         <name>__register_lock</name>
         <value>0x8ae39</value>
         <object_component_ref idref="oc-306"/>
      </symbol>
      <symbol id="sm-f98">
         <name>__nop</name>
         <value>0x8ae3d</value>
         <object_component_ref idref="oc-306"/>
      </symbol>
      <symbol id="sm-f99">
         <name>__register_unlock</name>
         <value>0x8ae35</value>
         <object_component_ref idref="oc-306"/>
      </symbol>
      <symbol id="sm-fa8">
         <name>__args_main</name>
         <value>0x8ad89</value>
         <object_component_ref idref="oc-2e8"/>
      </symbol>
      <symbol id="sm-fb4">
         <name>_copysignf</name>
         <value>0x8adde</value>
         <object_component_ref idref="oc-342"/>
      </symbol>
      <symbol id="sm-fb5">
         <name>_copysign</name>
         <value>0x8adde</value>
         <object_component_ref idref="oc-342"/>
      </symbol>
      <symbol id="sm-fcd">
         <name>_sqrtl</name>
         <value>0x8a4e8</value>
         <object_component_ref idref="oc-324"/>
      </symbol>
      <symbol id="sm-fdd">
         <name>FD$$CMP</name>
         <value>0x8aad6</value>
         <object_component_ref idref="oc-2e0"/>
      </symbol>
   </symbol_table>
   <title>Link successful</title>
</link_info>
