******************************************************************************
             TMS320C2000 Linker PC v18.1.3                     
******************************************************************************
>> Linked Wed Apr 17 09:23:26 2019

OUTPUT FILE NAME:   <BirdFlight_V2.0.out>
ENTRY POINT SYMBOL: "_c_int00"  address: 00017524


MEMORY CONFIGURATION

         name            origin    length      used     unused   attr    fill
----------------------  --------  ---------  --------  --------  ----  --------
PAGE 0:
  RAMM0                 00000022   000003de  00000000  000003de  RWIX
  RAMGS4                00010000   0000b000  000080f7  00002f09  RWIX
  BEGIN                 00080000   00000002  00000002  00000000  RWIX
  FLASHA                00080002   00001ffe  00000000  00001ffe  RWIX
  FLASHB                00082000   00002000  00000000  00002000  RWIX
  FLASHC                00084000   00002000  00000000  00002000  RWIX
  FLASHD                00086000   00002000  00000000  00002000  RWIX
  FLASHE                00088000   00008000  00007fb1  0000004f  RWIX
  FLASHF                00090000   00008000  0000018b  00007e75  RWIX
  FLASHG                00098000   00008000  00000000  00008000  RWIX
  FLASHH                000a0000   00008000  00000000  00008000  RWIX
  FLASHI                000a8000   00008000  00000000  00008000  RWIX
  FLASHJ                000b0000   00008000  00000000  00008000  RWIX
  FLASHK                000b8000   00002000  00000000  00002000  RWIX
  FLASHL                000ba000   00002000  00000000  00002000  RWIX
  FLASHM                000bc000   00002000  00000000  00002000  RWIX
  FLASHN                000be000   00002000  00000000  00002000  RWIX
  RESET                 003fffc0   00000002  00000000  00000002  RWIX

PAGE 1:
  BOOT_RSVD             00000002   00000120  00000000  00000120  RWIX
  RAMM1                 00000400   00000400  00000400  00000000  RWIX
  ADCA_RESULT           00000b00   00000020  00000018  00000008  RWIX
  ADCB_RESULT           00000b20   00000020  00000018  00000008  RWIX
  ADCC_RESULT           00000b40   00000020  00000018  00000008  RWIX
  ADCD_RESULT           00000b60   00000020  00000018  00000008  RWIX
  CPU_TIMER0            00000c00   00000008  00000008  00000000  RWIX
  CPU_TIMER1            00000c08   00000008  00000008  00000000  RWIX
  CPU_TIMER2            00000c10   00000008  00000008  00000000  RWIX
  PIE_CTRL              00000ce0   00000020  0000001a  00000006  RWIX
  PIE_VECT              00000d00   00000200  000001c0  00000040  RWIX
  DMA                   00001000   00000200  000000e0  00000120  RWIX
  CLA1                  00001400   00000040  0000003e  00000002  RWIX
  EPWM1                 00004000   00000100  00000100  00000000  RWIX
  EPWM2                 00004100   00000100  00000100  00000000  RWIX
  EPWM3                 00004200   00000100  00000100  00000000  RWIX
  EPWM4                 00004300   00000100  00000100  00000000  RWIX
  EPWM5                 00004400   00000100  00000100  00000000  RWIX
  EPWM6                 00004500   00000100  00000100  00000000  RWIX
  EPWM7                 00004600   00000100  00000100  00000000  RWIX
  EPWM8                 00004700   00000100  00000100  00000000  RWIX
  EPWM9                 00004800   00000100  00000100  00000000  RWIX
  EPWM10                00004900   00000100  00000100  00000000  RWIX
  EPWM11                00004a00   00000100  00000100  00000000  RWIX
  EPWM12                00004b00   00000100  00000100  00000000  RWIX
  ECAP1                 00005000   00000020  00000020  00000000  RWIX
  ECAP2                 00005020   00000020  00000020  00000000  RWIX
  ECAP3                 00005040   00000020  00000020  00000000  RWIX
  ECAP4                 00005060   00000020  00000020  00000000  RWIX
  ECAP5                 00005080   00000020  00000020  00000000  RWIX
  ECAP6                 000050a0   00000020  00000020  00000000  RWIX
  EQEP1                 00005100   00000040  00000022  0000001e  RWIX
  EQEP2                 00005140   00000040  00000022  0000001e  RWIX
  EQEP3                 00005180   00000040  00000022  0000001e  RWIX
  DACA                  00005c00   00000010  00000008  00000008  RWIX
  DACB                  00005c10   00000010  00000008  00000008  RWIX
  DACC                  00005c20   00000010  00000008  00000008  RWIX
  CMPSS1                00005c80   00000020  00000020  00000000  RWIX
  CMPSS2                00005ca0   00000020  00000020  00000000  RWIX
  CMPSS3                00005cc0   00000020  00000020  00000000  RWIX
  CMPSS4                00005ce0   00000020  00000020  00000000  RWIX
  CMPSS5                00005d00   00000020  00000020  00000000  RWIX
  CMPSS6                00005d20   00000020  00000020  00000000  RWIX
  CMPSS7                00005d40   00000020  00000020  00000000  RWIX
  CMPSS8                00005d60   00000020  00000020  00000000  RWIX
  SDFM1                 00005e00   00000080  00000080  00000000  RWIX
  SDFM2                 00005e80   00000080  00000080  00000000  RWIX
  MCBSPA                00006000   00000040  00000024  0000001c  RWIX
  MCBSPB                00006040   00000040  00000024  0000001c  RWIX
  SPIA                  00006100   00000010  00000010  00000000  RWIX
  SPIB                  00006110   00000010  00000010  00000000  RWIX
  SPIC                  00006120   00000010  00000010  00000000  RWIX
  SPID                  00006130   00000010  00000000  00000010  RWIX
  UPP                   00006200   00000100  00000048  000000b8  RWIX
  WD                    00007000   00000040  0000002b  00000015  RWIX
  NMIINTRUPT            00007060   00000010  00000007  00000009  RWIX
  XINT                  00007070   00000010  0000000b  00000005  RWIX
  SCIA                  00007200   00000010  00000010  00000000  RWIX
  SCIB                  00007210   00000010  00000010  00000000  RWIX
  SCIC                  00007220   00000010  00000010  00000000  RWIX
  SCID                  00007230   00000010  00000010  00000000  RWIX
  I2CA                  00007300   00000040  00000022  0000001e  RWIX
  I2CB                  00007340   00000040  00000022  0000001e  RWIX
  ADCA                  00007400   00000080  00000080  00000000  RWIX
  ADCB                  00007480   00000080  00000080  00000000  RWIX
  ADCC                  00007500   00000080  00000080  00000000  RWIX
  ADCD                  00007580   00000080  00000080  00000000  RWIX
  INPUT_XBAR            00007900   00000020  00000020  00000000  RWIX
  XBAR                  00007920   00000020  00000020  00000000  RWIX
  SYNC_SOC              00007940   00000010  00000006  0000000a  RWIX
  DMACLASRCSEL          00007980   00000040  0000001a  00000026  RWIX
  EPWM_XBAR             00007a00   00000040  00000040  00000000  RWIX
  CLB_XBAR              00007a40   00000040  00000000  00000040  RWIX
  OUTPUT_XBAR           00007a80   00000040  00000040  00000000  RWIX
  GPIOCTRL              00007c00   00000180  00000180  00000000  RWIX
  GPIODAT               00007f00   00000030  00000030  00000000  RWIX
  RAMGS0                0000c000   00004000  0000383e  000007c2  RWIX
  EMIF1                 00047000   00000800  00000070  00000790  RWIX
  EMIF2                 00047800   00000800  00000070  00000790  RWIX
  CANA                  00048000   00000800  00000164  0000069c  RWIX
  CANA_MSG_RAM          00049000   00000800  00000000  00000800  RWIX
  CANB                  0004a000   00000800  00000164  0000069c  RWIX
  CANB_MSG_RAM          0004b000   00000800  00000000  00000800  RWIX
  IPC                   00050000   00000024  00000024  00000000  RWIX
  FLASHPUMPSEMAPHORE    00050024   00000002  00000002  00000000  RWIX
  DEV_CFG               0005d000   00000180  0000012e  00000052  RWIX
  ANALOG_SUBSYS         0005d180   00000080  00000048  00000038  RWIX
  CLK_CFG               0005d200   00000100  00000032  000000ce  RWIX
  CPU_SYS               0005d300   00000100  00000082  0000007e  RWIX
  ROMPREFETCH           0005e608   00000002  00000002  00000000  RWIX
  DCSM_Z1               0005f000   00000030  00000024  0000000c  RWIX
  DCSM_Z2               0005f040   00000030  00000024  0000000c  RWIX
  DCSM_COMMON           0005f070   00000010  00000008  00000008  RWIX
  MEMCFG                0005f400   00000080  00000080  00000000  RWIX
  EMIF1CONFIG           0005f480   00000020  00000020  00000000  RWIX
  EMIF2CONFIG           0005f4a0   00000020  00000020  00000000  RWIX
  ACCESSPROTECTION      0005f4c0   00000040  00000040  00000000  RWIX
  MEMORYERROR           0005f500   00000040  00000040  00000000  RWIX
  ROMWAITSTATE          0005f540   00000002  00000002  00000000  RWIX
  FLASH0_CTRL           0005f800   00000300  00000182  0000017e  RWIX
  FLASH0_ECC            0005fb00   00000040  00000028  00000018  RWIX


SECTION ALLOCATION MAP

 output                                  attributes/
section   page    origin      length       input sections
--------  ----  ----------  ----------   ----------------
codestart 
*          0    00080000    00000002     
                  00080000    00000002     F2837xD_CodeStartBranch.obj (codestart)

copysections 
*          0    0008ff6d    0000003d     
                  0008ff6d    0000003d     DSP28xxx_SectionCopy_nonBIOS.obj (copysections)

wddisable 
*          0    0008ffaa    00000008     
                  0008ffaa    00000008     F2837xD_CodeStartBranch.obj (wddisable)

.reset     0    003fffc0    00000002     DSECT
                  003fffc0    00000002     rts2800_fpu32.lib : boot28.asm.obj (.reset)

.const     0    00010000    00000000     UNINITIALIZED

.pinit     0    00010000    00000000     UNINITIALIZED

.switch    0    00010000    00000000     UNINITIALIZED

.text      0    00088000    0000797d     RUN ADDR = 00010000
                  00088000    0000090f     PositionEstimation.obj (.text)
                  0008890f    0000079e     os_core.obj (.text)
                  000890ad    000006c0     ProcessPCData.obj (.text)
                  0008976d    000005c0     os_task.obj (.text)
                  00089d2d    000005bc     MahonyAHRS.obj (.text)
                  0008a2e9    0000057b     F2837xD_DefaultISR.obj (.text:retain)
                  0008a864    000004f4     os_flag.obj (.text)
                  0008ad58    000004b7     FlashAPI.obj (.text)
                  0008b20f    00000493     F2837xD_SysCtrl.obj (.text)
                  0008b6a2    0000043e     DataToPC.obj (.text)
                  0008bae0    0000041f     Attitude_control.obj (.text)
                  0008beff    00000416     AHRS_Hardware.obj (.text)
                  0008c315    000003fa     os_q.obj (.text)
                  0008c70f    000003ca     Calibrate.obj (.text)
                  0008cad9    000003c4     Bird_main.obj (.text)
                  0008ce9d    000003ba     Position_control.obj (.text)
                  0008d257    00000259     F021_API_F2837xD_FPU32.lib : FlashStateMachine.obj (.text:__Fapi_setupFlashStateMachine)
                  0008d4b0    00000244     F2837xD_Gpio.obj (.text)
                  0008d6f4    00000227     C28x_BSP.obj (.text)
                  0008d91b    00000220     os_sem.obj (.text)
                  0008db3b    0000020d     SimpleDigitalFiltering.obj (.text)
                  0008dd48    00000201     ProcessVisionData.obj (.text)
                  0008df49    000001ff     LSM303D.obj (.text)
                  0008e148    0000019d     F021_API_F2837xD_FPU32.lib : Program.obj (.text:_Fapi_issueProgrammingCommand)
                  0008e2e5    0000019a     C28x_BSP.obj (.text:retain)
                  0008e47f    00000194     os_mem.obj (.text)
                  0008e613    0000013f     os_cpu_c.obj (.text)
                  0008e752    0000010e     MPU6500.obj (.text)
                  0008e860    0000010d     os_time.obj (.text)
                  0008e96d    000000fd     F2837xD_EPwm.obj (.text)
                  0008ea6a    000000f1     rts2800_fpu32.lib : e_asinf.c.obj (.text)
                  0008eb5b    000000d9     F2837xD_Adc.obj (.text)
                  0008ec34    000000d4     rts2800_fpu32.lib : e_atan2f.c.obj (.text)
                  0008ed08    000000cb                       : s_atanf.c.obj (.text)
                  0008edd3    000000ad     F021_API_F2837xD_FPU32.lib : Read.obj (.text:_Fapi_doMarginRead)
                  0008ee80    000000a4     os_cpu_a.obj (.text)
                  0008ef24    0000009e     PID_Control.obj (.text)
                  0008efc2    0000009c     rts2800_fpu32.lib : fd_add28.asm.obj (.text)
                  0008f05e    00000092                       : e_sqrt.c.obj (.text)
                  0008f0f0    0000008d     os_dbg.obj (.text)
                  0008f17d    00000088     F021_API_F2837xD_FPU32.lib : Read.obj (.text:__Fapi_loopRegionForValue)
                  0008f205    00000088     rts2800_fpu32.lib : fs_div28.asm.obj (.text)
                  0008f28d    00000083                       : fd_mpy28.asm.obj (.text)
                  0008f310    0000007c     F2837xD_CpuTimers.obj (.text)
                  0008f38c    00000079     F2837xD_ECap.obj (.text)
                  0008f405    00000061     rts2800_fpu32.lib : s_cosf.c.obj (.text)
                  0008f466    00000061                       : s_tanf.c.obj (.text)
                  0008f4c7    0000005d     F2837xD_Spi.obj (.text)
                  0008f524    00000056     rts2800_fpu32.lib : boot28.asm.obj (.text)
                  0008f57a    00000042     F021_API_F2837xD_FPU32.lib : BlankCheck.obj (.text:_Fapi_doBlankCheck)
                  0008f5bc    00000034                                : Init.obj (.text:_Fapi_initializeAPI)
                  0008f5f0    0000002e                                : Utilities.obj (.text:_Fapi_calculateFletcherChecksum)
                  0008f61e    0000002d                                : FlashStateMachine.obj (.text:__Fapi_issueFsmCommand)
                  0008f64b    0000002c                                : Utilities.obj (.text:__Fapi_divideUnsignedLong)
                  0008f677    0000002a     rts2800_fpu32.lib : fd_cmp28.asm.obj (.text)
                  0008f6a1    0000002a                       : l_div28.asm.obj (.text)
                  0008f6cb    00000029                       : exit.c.obj (.text)
                  0008f6f4    00000028     F2837xD_PieCtrl.obj (.text)
                  0008f71c    00000026     F2837xD_PieVect.obj (.text)
                  0008f742    00000026     rts2800_fpu32.lib : e_sqrtf.c.obj (.text)
                  0008f768    00000025     F021_API_F2837xD_FPU32.lib : FlashStateMachine.obj (.text:_Fapi_setActiveFlashBank)
                  0008f78d    00000024     rts2800_fpu32.lib : cpy_tbl.c.obj (.text)
                  0008f7b1    00000023                       : fd_tofsfpu32.asm.obj (.text)
                  0008f7d4    00000022     F021_API_F2837xD_FPU32.lib : FlashStateMachine.obj (.text:_Fapi_isAddressEcc)
                  0008f7f6    00000022                                : FlashStateMachine.obj (.text:__Fapi_setupSectorsForWrite)
                  0008f818    00000022     rts2800_fpu32.lib : i_div28.asm.obj (.text)
                  0008f83a    00000020     F021_API_F2837xD_FPU32.lib : Async.obj (.text:_Fapi_issueAsyncCommandWithAddress)
                  0008f85a    0000001f     ADC_Battery.obj (.text)
                  0008f879    0000001f     cpu_a.obj (.text)
                  0008f898    0000001d     rts2800_fpu32.lib : memcpy.c.obj (.text)
                  0008f8b5    0000001c                       : fs_tofdfpu32.asm.obj (.text)
                  0008f8d1    0000001a     F021_API_F2837xD_FPU32.lib : Utilities.obj (.text:_Fapi_waitDelay)
                  0008f8eb    00000019     rts2800_fpu32.lib : args_main.c.obj (.text)
                  0008f904    00000016     F021_API_F2837xD_FPU32.lib : Read.obj (.text:_Fapi_flushPipeline)
                  0008f91a    00000012     C28x_CPU.obj (.text)
                  0008f92c    0000000e     rts2800_fpu32.lib : fd_sub28.asm.obj (.text)
                  0008f93a    0000000d     F021_API_F2837xD_FPU32.lib : Utilities.obj (.text:__Fapi_scaleCycleValues)
                  0008f947    0000000b                                : Utilities.obj (.text:__Fapi_calculateOtpChecksum)
                  0008f952    0000000b     rts2800_fpu32.lib : u_div28.asm.obj (.text)
                  0008f95d    0000000a     F021_API_F2837xD_FPU32.lib : FlashStateMachine.obj (.text:_Fapi_checkFsmForReady)
                  0008f967    00000009     rts2800_fpu32.lib : _lock.c.obj (.text)
                  0008f970    00000006     F021_API_F2837xD_FPU32.lib : FlashStateMachine.obj (.text:_Fapi_getFsmStatus)
                  0008f976    00000004     F2837xD_usDelay.obj (.text)
                  0008f97a    00000002     rts2800_fpu32.lib : pre_init.c.obj (.text)
                  0008f97c    00000001                       : startup.c.obj (.text)

.econst    0    0008f97e    0000045c     RUN ADDR = 0001797e
                  0008f97e    000001c0     F2837xD_PieVect.obj (.econst:_PieVectTableInit)
                  0008fb3e    00000100     os_core.obj (.econst:.string:_OSUnMapTbl)
                  0008fc3e    00000048     Calibrate.obj (.econst:_$P$T4$5)
                  0008fc86    0000003b     lib_mem.obj (.econst:.string)
                  0008fcc1    00000001     --HOLE-- [fill = 0]
                  0008fcc2    0000003a     os_dbg.obj (.econst)
                  0008fcfc    0000002a     PositionEstimation.obj (.econst:_KalmanFilter_Unit)
                  0008fd26    0000001e     os_core.obj (.econst:.string)
                  0008fd44    00000014     rts2800_fpu32.lib : e_asinf.c.obj (.econst)
                  0008fd58    0000000c     Calibrate.obj (.econst:_$P$T1$2)
                  0008fd64    0000000c     Calibrate.obj (.econst:_$P$T2$3)
                  0008fd70    0000000c     Calibrate.obj (.econst:_$P$T3$4)
                  0008fd7c    0000000c     rts2800_fpu32.lib : e_atan2f.c.obj (.econst)
                  0008fd88    0000000c                       : e_sqrt.c.obj (.econst)
                  0008fd94    0000000a                       : s_atanf.c.obj (.econst:_aT)
                  0008fd9e    00000008                       : s_atanf.c.obj (.econst:_atanhi)
                  0008fda6    00000008                       : s_atanf.c.obj (.econst:_atanlo)
                  0008fdae    00000006     PositionEstimation.obj (.econst:_$P$T0$13)
                  0008fdb4    00000006     Calibrate.obj (.econst:_$P$T0$1)
                  0008fdba    00000006     PositionEstimation.obj (.econst:_$P$T1$14)
                  0008fdc0    00000006     PositionEstimation.obj (.econst:_$P$T2$49)
                  0008fdc6    00000004     rts2800_fpu32.lib : s_atanf.c.obj (.econst)
                  0008fdca    00000002     os_flag.obj (.econst:.string)
                  0008fdcc    00000002     os_mbox.obj (.econst:.string)
                  0008fdce    00000002     os_mem.obj (.econst:.string)
                  0008fdd0    00000002     os_mutex.obj (.econst:.string)
                  0008fdd2    00000002     os_q.obj (.econst:.string)
                  0008fdd4    00000002     os_sem.obj (.econst:.string)
                  0008fdd6    00000002     os_task.obj (.econst:.string)
                  0008fdd8    00000002     cpu_core.obj (.econst)

.cinit     0    0008fdda    00000193     RUN ADDR = 00017dda
                  0008fdda    000000bf     PositionEstimation.obj (.cinit)
                  0008fe99    0000003f     LSM303D.obj (.cinit)
                  0008fed8    0000002d     MahonyAHRS.obj (.cinit)
                  0008ff05    00000020     ProcessPCData.obj (.cinit)
                  0008ff25    0000000e     rts2800_fpu32.lib : exit.c.obj (.cinit)
                  0008ff33    0000000d     Position_control.obj (.cinit)
                  0008ff40    0000000c     MPU6500.obj (.cinit)
                  0008ff4c    00000009     Attitude_control.obj (.cinit)
                  0008ff55    00000005     rts2800_fpu32.lib : _lock.c.obj (.cinit:__lock)
                  0008ff5a    00000005                       : _lock.c.obj (.cinit:__unlock)
                  0008ff5f    00000004     C28x_BSP.obj (.cinit)
                  0008ff63    00000004     DataToPC.obj (.cinit)
                  0008ff67    00000004     rts2800_fpu32.lib : errno.c.obj (.cinit)
                  0008ff6b    00000002     --HOLE-- [fill = 0]

.stack     1    00000400    00000400     UNINITIALIZED
                  00000400    00000400     --HOLE--

AdcaResultFile 
*          1    00000b00    00000018     UNINITIALIZED
                  00000b00    00000018     F2837xD_GlobalVariableDefs.obj (AdcaResultFile)

AdcbResultFile 
*          1    00000b20    00000018     UNINITIALIZED
                  00000b20    00000018     F2837xD_GlobalVariableDefs.obj (AdcbResultFile)

AdccResultFile 
*          1    00000b40    00000018     UNINITIALIZED
                  00000b40    00000018     F2837xD_GlobalVariableDefs.obj (AdccResultFile)

AdcdResultFile 
*          1    00000b60    00000018     UNINITIALIZED
                  00000b60    00000018     F2837xD_GlobalVariableDefs.obj (AdcdResultFile)

CpuTimer0RegsFile 
*          1    00000c00    00000008     UNINITIALIZED
                  00000c00    00000008     F2837xD_GlobalVariableDefs.obj (CpuTimer0RegsFile)

CpuTimer1RegsFile 
*          1    00000c08    00000008     UNINITIALIZED
                  00000c08    00000008     F2837xD_GlobalVariableDefs.obj (CpuTimer1RegsFile)

CpuTimer2RegsFile 
*          1    00000c10    00000008     UNINITIALIZED
                  00000c10    00000008     F2837xD_GlobalVariableDefs.obj (CpuTimer2RegsFile)

PieCtrlRegsFile 
*          1    00000ce0    0000001a     UNINITIALIZED
                  00000ce0    0000001a     F2837xD_GlobalVariableDefs.obj (PieCtrlRegsFile)

DmaRegsFile 
*          1    00001000    000000e0     UNINITIALIZED
                  00001000    000000e0     F2837xD_GlobalVariableDefs.obj (DmaRegsFile)

Cla1RegsFile 
*          1    00001400    0000003e     UNINITIALIZED
                  00001400    0000003e     F2837xD_GlobalVariableDefs.obj (Cla1RegsFile)

EPwm1RegsFile 
*          1    00004000    00000100     UNINITIALIZED
                  00004000    00000100     F2837xD_GlobalVariableDefs.obj (EPwm1RegsFile)

EPwm2RegsFile 
*          1    00004100    00000100     UNINITIALIZED
                  00004100    00000100     F2837xD_GlobalVariableDefs.obj (EPwm2RegsFile)

EPwm3RegsFile 
*          1    00004200    00000100     UNINITIALIZED
                  00004200    00000100     F2837xD_GlobalVariableDefs.obj (EPwm3RegsFile)

EPwm4RegsFile 
*          1    00004300    00000100     UNINITIALIZED
                  00004300    00000100     F2837xD_GlobalVariableDefs.obj (EPwm4RegsFile)

EPwm5RegsFile 
*          1    00004400    00000100     UNINITIALIZED
                  00004400    00000100     F2837xD_GlobalVariableDefs.obj (EPwm5RegsFile)

EPwm6RegsFile 
*          1    00004500    00000100     UNINITIALIZED
                  00004500    00000100     F2837xD_GlobalVariableDefs.obj (EPwm6RegsFile)

EPwm7RegsFile 
*          1    00004600    00000100     UNINITIALIZED
                  00004600    00000100     F2837xD_GlobalVariableDefs.obj (EPwm7RegsFile)

EPwm8RegsFile 
*          1    00004700    00000100     UNINITIALIZED
                  00004700    00000100     F2837xD_GlobalVariableDefs.obj (EPwm8RegsFile)

EPwm9RegsFile 
*          1    00004800    00000100     UNINITIALIZED
                  00004800    00000100     F2837xD_GlobalVariableDefs.obj (EPwm9RegsFile)

EPwm10RegsFile 
*          1    00004900    00000100     UNINITIALIZED
                  00004900    00000100     F2837xD_GlobalVariableDefs.obj (EPwm10RegsFile)

EPwm11RegsFile 
*          1    00004a00    00000100     UNINITIALIZED
                  00004a00    00000100     F2837xD_GlobalVariableDefs.obj (EPwm11RegsFile)

EPwm12RegsFile 
*          1    00004b00    00000100     UNINITIALIZED
                  00004b00    00000100     F2837xD_GlobalVariableDefs.obj (EPwm12RegsFile)

ECap1RegsFile 
*          1    00005000    00000020     UNINITIALIZED
                  00005000    00000020     F2837xD_GlobalVariableDefs.obj (ECap1RegsFile)

ECap2RegsFile 
*          1    00005020    00000020     UNINITIALIZED
                  00005020    00000020     F2837xD_GlobalVariableDefs.obj (ECap2RegsFile)

ECap3RegsFile 
*          1    00005040    00000020     UNINITIALIZED
                  00005040    00000020     F2837xD_GlobalVariableDefs.obj (ECap3RegsFile)

ECap4RegsFile 
*          1    00005060    00000020     UNINITIALIZED
                  00005060    00000020     F2837xD_GlobalVariableDefs.obj (ECap4RegsFile)

ECap5RegsFile 
*          1    00005080    00000020     UNINITIALIZED
                  00005080    00000020     F2837xD_GlobalVariableDefs.obj (ECap5RegsFile)

ECap6RegsFile 
*          1    000050a0    00000020     UNINITIALIZED
                  000050a0    00000020     F2837xD_GlobalVariableDefs.obj (ECap6RegsFile)

EQep1RegsFile 
*          1    00005100    00000022     UNINITIALIZED
                  00005100    00000022     F2837xD_GlobalVariableDefs.obj (EQep1RegsFile)

EQep2RegsFile 
*          1    00005140    00000022     UNINITIALIZED
                  00005140    00000022     F2837xD_GlobalVariableDefs.obj (EQep2RegsFile)

EQep3RegsFile 
*          1    00005180    00000022     UNINITIALIZED
                  00005180    00000022     F2837xD_GlobalVariableDefs.obj (EQep3RegsFile)

DacaRegsFile 
*          1    00005c00    00000008     UNINITIALIZED
                  00005c00    00000008     F2837xD_GlobalVariableDefs.obj (DacaRegsFile)

DacbRegsFile 
*          1    00005c10    00000008     UNINITIALIZED
                  00005c10    00000008     F2837xD_GlobalVariableDefs.obj (DacbRegsFile)

DaccRegsFile 
*          1    00005c20    00000008     UNINITIALIZED
                  00005c20    00000008     F2837xD_GlobalVariableDefs.obj (DaccRegsFile)

Sdfm1RegsFile 
*          1    00005e00    00000080     UNINITIALIZED
                  00005e00    00000080     F2837xD_GlobalVariableDefs.obj (Sdfm1RegsFile)

Sdfm2RegsFile 
*          1    00005e80    00000080     UNINITIALIZED
                  00005e80    00000080     F2837xD_GlobalVariableDefs.obj (Sdfm2RegsFile)

McbspaRegsFile 
*          1    00006000    00000024     UNINITIALIZED
                  00006000    00000024     F2837xD_GlobalVariableDefs.obj (McbspaRegsFile)

McbspbRegsFile 
*          1    00006040    00000024     UNINITIALIZED
                  00006040    00000024     F2837xD_GlobalVariableDefs.obj (McbspbRegsFile)

SpiaRegsFile 
*          1    00006100    00000010     UNINITIALIZED
                  00006100    00000010     F2837xD_GlobalVariableDefs.obj (SpiaRegsFile)

SpibRegsFile 
*          1    00006110    00000010     UNINITIALIZED
                  00006110    00000010     F2837xD_GlobalVariableDefs.obj (SpibRegsFile)

SpicRegsFile 
*          1    00006120    00000010     UNINITIALIZED
                  00006120    00000010     F2837xD_GlobalVariableDefs.obj (SpicRegsFile)

UppRegsFile 
*          1    00006200    00000048     UNINITIALIZED
                  00006200    00000048     F2837xD_GlobalVariableDefs.obj (UppRegsFile)

WdRegsFile 
*          1    00007000    0000002b     UNINITIALIZED
                  00007000    0000002b     F2837xD_GlobalVariableDefs.obj (WdRegsFile)

NmiIntruptRegsFile 
*          1    00007060    00000007     UNINITIALIZED
                  00007060    00000007     F2837xD_GlobalVariableDefs.obj (NmiIntruptRegsFile)

XintRegsFile 
*          1    00007070    0000000b     UNINITIALIZED
                  00007070    0000000b     F2837xD_GlobalVariableDefs.obj (XintRegsFile)

SciaRegsFile 
*          1    00007200    00000010     UNINITIALIZED
                  00007200    00000010     F2837xD_GlobalVariableDefs.obj (SciaRegsFile)

ScibRegsFile 
*          1    00007210    00000010     UNINITIALIZED
                  00007210    00000010     F2837xD_GlobalVariableDefs.obj (ScibRegsFile)

ScicRegsFile 
*          1    00007220    00000010     UNINITIALIZED
                  00007220    00000010     F2837xD_GlobalVariableDefs.obj (ScicRegsFile)

ScidRegsFile 
*          1    00007230    00000010     UNINITIALIZED
                  00007230    00000010     F2837xD_GlobalVariableDefs.obj (ScidRegsFile)

I2caRegsFile 
*          1    00007300    00000022     UNINITIALIZED
                  00007300    00000022     F2837xD_GlobalVariableDefs.obj (I2caRegsFile)

I2cbRegsFile 
*          1    00007340    00000022     UNINITIALIZED
                  00007340    00000022     F2837xD_GlobalVariableDefs.obj (I2cbRegsFile)

InputXbarRegsFile 
*          1    00007900    00000020     UNINITIALIZED
                  00007900    00000020     F2837xD_GlobalVariableDefs.obj (InputXbarRegsFile)

XbarRegsFile 
*          1    00007920    00000020     UNINITIALIZED
                  00007920    00000020     F2837xD_GlobalVariableDefs.obj (XbarRegsFile)

SyncSocRegsFile 
*          1    00007940    00000006     UNINITIALIZED
                  00007940    00000006     F2837xD_GlobalVariableDefs.obj (SyncSocRegsFile)

DmaClaSrcSelRegsFile 
*          1    00007980    0000001a     UNINITIALIZED
                  00007980    0000001a     F2837xD_GlobalVariableDefs.obj (DmaClaSrcSelRegsFile)

EPwmXbarRegsFile 
*          1    00007a00    00000040     UNINITIALIZED
                  00007a00    00000040     F2837xD_GlobalVariableDefs.obj (EPwmXbarRegsFile)

OutputXbarRegsFile 
*          1    00007a80    00000040     UNINITIALIZED
                  00007a80    00000040     F2837xD_GlobalVariableDefs.obj (OutputXbarRegsFile)

GpioCtrlRegsFile 
*          1    00007c00    00000180     UNINITIALIZED
                  00007c00    00000180     F2837xD_GlobalVariableDefs.obj (GpioCtrlRegsFile)

GpioDataRegsFile 
*          1    00007f00    00000030     UNINITIALIZED
                  00007f00    00000030     F2837xD_GlobalVariableDefs.obj (GpioDataRegsFile)

.ebss      1    0000c000    0000383e     UNINITIALIZED
                  0000c000    00001bc0     Bird_main.obj (.ebss)
                  0000dbc0    00001040     lib_mem.obj (.ebss)
                  0000ec00    00000860     os_core.obj (.ebss)
                  0000f460    00000018     F2837xD_CpuTimers.obj (.ebss)
                  0000f478    00000006     rts2800_fpu32.lib : exit.c.obj (.ebss)
                  0000f47e    00000002                       : _lock.c.obj (.ebss:__lock)
                  0000f480    0000009e     FlashAPI.obj (.ebss)
                  0000f51e    00000014     C28x_BSP.obj (.ebss)
                  0000f532    0000000c     F021_API_F2837xD_FPU32.lib : Init.obj (.ebss)
                  0000f53e    00000002     rts2800_fpu32.lib : _lock.c.obj (.ebss:__unlock)
                  0000f540    00000088     PositionEstimation.obj (.ebss)
                  0000f5c8    00000012     MahonyAHRS.obj (.ebss)
                  0000f5da    00000004     Attitude_control.obj (.ebss)
                  0000f5de    00000004     DataToPC.obj (.ebss)
                  0000f5e2    00000004     Position_control.obj (.ebss)
                  0000f5e6    00000002     lib_math.obj (.ebss)
                  0000f5e8    00000001     rts2800_fpu32.lib : errno.c.obj (.ebss)
                  0000f5e9    00000017     --HOLE--
                  0000f600    00000086     MPU6500.obj (.ebss)
                  0000f686    0000003a     --HOLE--
                  0000f6c0    0000007c     LSM303D.obj (.ebss)
                  0000f73c    00000004     --HOLE--
                  0000f740    00000064     SimpleDigitalFiltering.obj (.ebss)
                  0000f7a4    0000001c     --HOLE--
                  0000f7c0    00000040     AHRS_Hardware.obj (.ebss)
                  0000f800    0000003e     ProcessPCData.obj (.ebss)

.TI.ramfunc 
*          0    00090000    0000018b     RUN ADDR = 00017f6d
                  00090000    000000ac     FlashAPI.obj (.TI.ramfunc)
                  000900ac    000000a8     Fapi_UserDefinedFunctions.obj (.TI.ramfunc)
                  00090154    00000037     F2837xD_SysCtrl.obj (.TI.ramfunc)

PieVectTableFile 
*          1    00000d00    000001c0     UNINITIALIZED
                  00000d00    000001c0     F2837xD_GlobalVariableDefs.obj (PieVectTableFile)

EmuBModeVar 
*          1    00000d00    00000001     UNINITIALIZED
                  00000d00    00000001     F2837xD_GlobalVariableDefs.obj (EmuBModeVar)

EmuBootPinsVar 
*          1    00000d01    00000001     UNINITIALIZED
                  00000d01    00000001     F2837xD_GlobalVariableDefs.obj (EmuBootPinsVar)

AdcaRegsFile 
*          1    00007400    00000080     UNINITIALIZED
                  00007400    00000080     F2837xD_GlobalVariableDefs.obj (AdcaRegsFile)

AdcbRegsFile 
*          1    00007480    00000080     UNINITIALIZED
                  00007480    00000080     F2837xD_GlobalVariableDefs.obj (AdcbRegsFile)

AdccRegsFile 
*          1    00007500    00000080     UNINITIALIZED
                  00007500    00000080     F2837xD_GlobalVariableDefs.obj (AdccRegsFile)

AdcdRegsFile 
*          1    00007580    00000080     UNINITIALIZED
                  00007580    00000080     F2837xD_GlobalVariableDefs.obj (AdcdRegsFile)

CanaRegsFile 
*          1    00048000    00000164     UNINITIALIZED
                  00048000    00000164     F2837xD_GlobalVariableDefs.obj (CanaRegsFile)

CanbRegsFile 
*          1    0004a000    00000164     UNINITIALIZED
                  0004a000    00000164     F2837xD_GlobalVariableDefs.obj (CanbRegsFile)

AnalogSubsysRegsFile 
*          1    0005d180    00000048     UNINITIALIZED
                  0005d180    00000048     F2837xD_GlobalVariableDefs.obj (AnalogSubsysRegsFile)

Cla1SoftIntRegsFile 
*          1    00000ce0    00000004     DSECT
                  00000ce0    00000004     F2837xD_GlobalVariableDefs.obj (Cla1SoftIntRegsFile)

Cmpss1RegsFile 
*          1    00005c80    00000020     UNINITIALIZED
                  00005c80    00000020     F2837xD_GlobalVariableDefs.obj (Cmpss1RegsFile)

Cmpss2RegsFile 
*          1    00005ca0    00000020     UNINITIALIZED
                  00005ca0    00000020     F2837xD_GlobalVariableDefs.obj (Cmpss2RegsFile)

Cmpss3RegsFile 
*          1    00005cc0    00000020     UNINITIALIZED
                  00005cc0    00000020     F2837xD_GlobalVariableDefs.obj (Cmpss3RegsFile)

Cmpss4RegsFile 
*          1    00005ce0    00000020     UNINITIALIZED
                  00005ce0    00000020     F2837xD_GlobalVariableDefs.obj (Cmpss4RegsFile)

Cmpss5RegsFile 
*          1    00005d00    00000020     UNINITIALIZED
                  00005d00    00000020     F2837xD_GlobalVariableDefs.obj (Cmpss5RegsFile)

Cmpss6RegsFile 
*          1    00005d20    00000020     UNINITIALIZED
                  00005d20    00000020     F2837xD_GlobalVariableDefs.obj (Cmpss6RegsFile)

Cmpss7RegsFile 
*          1    00005d40    00000020     UNINITIALIZED
                  00005d40    00000020     F2837xD_GlobalVariableDefs.obj (Cmpss7RegsFile)

Cmpss8RegsFile 
*          1    00005d60    00000020     UNINITIALIZED
                  00005d60    00000020     F2837xD_GlobalVariableDefs.obj (Cmpss8RegsFile)

Emif1RegsFile 
*          1    00047000    00000070     UNINITIALIZED
                  00047000    00000070     F2837xD_GlobalVariableDefs.obj (Emif1RegsFile)

Emif2RegsFile 
*          1    00047800    00000070     UNINITIALIZED
                  00047800    00000070     F2837xD_GlobalVariableDefs.obj (Emif2RegsFile)

IpcRegsFile 
*          1    00050000    00000024     UNINITIALIZED
                  00050000    00000024     F2837xD_GlobalVariableDefs.obj (IpcRegsFile)

FlashPumpSemaphoreRegsFile 
*          1    00050024    00000002     UNINITIALIZED
                  00050024    00000002     F2837xD_GlobalVariableDefs.obj (FlashPumpSemaphoreRegsFile)

RomPrefetchRegsFile 
*          1    0005e608    00000002     UNINITIALIZED
                  0005e608    00000002     F2837xD_GlobalVariableDefs.obj (RomPrefetchRegsFile)

DcsmZ1RegsFile 
*          1    0005f000    00000024     UNINITIALIZED
                  0005f000    00000024     F2837xD_GlobalVariableDefs.obj (DcsmZ1RegsFile)

DcsmZ2RegsFile 
*          1    0005f040    00000024     UNINITIALIZED
                  0005f040    00000024     F2837xD_GlobalVariableDefs.obj (DcsmZ2RegsFile)

DcsmCommonRegsFile 
*          1    0005f070    00000008     UNINITIALIZED
                  0005f070    00000008     F2837xD_GlobalVariableDefs.obj (DcsmCommonRegsFile)

MemCfgRegsFile 
*          1    0005f400    00000080     UNINITIALIZED
                  0005f400    00000080     F2837xD_GlobalVariableDefs.obj (MemCfgRegsFile)

Emif1ConfigRegsFile 
*          1    0005f480    00000020     UNINITIALIZED
                  0005f480    00000020     F2837xD_GlobalVariableDefs.obj (Emif1ConfigRegsFile)

Emif2ConfigRegsFile 
*          1    0005f4a0    00000020     UNINITIALIZED
                  0005f4a0    00000020     F2837xD_GlobalVariableDefs.obj (Emif2ConfigRegsFile)

AccessProtectionRegsFile 
*          1    0005f4c0    00000040     UNINITIALIZED
                  0005f4c0    00000040     F2837xD_GlobalVariableDefs.obj (AccessProtectionRegsFile)

MemoryErrorRegsFile 
*          1    0005f500    00000040     UNINITIALIZED
                  0005f500    00000040     F2837xD_GlobalVariableDefs.obj (MemoryErrorRegsFile)

RomWaitStateRegsFile 
*          1    0005f540    00000002     UNINITIALIZED
                  0005f540    00000002     F2837xD_GlobalVariableDefs.obj (RomWaitStateRegsFile)

Flash0CtrlRegsFile 
*          1    0005f800    00000182     UNINITIALIZED
                  0005f800    00000182     F2837xD_GlobalVariableDefs.obj (Flash0CtrlRegsFile)

Flash0EccRegsFile 
*          1    0005fb00    00000028     UNINITIALIZED
                  0005fb00    00000028     F2837xD_GlobalVariableDefs.obj (Flash0EccRegsFile)

DevCfgRegsFile 
*          1    0005d000    0000012e     UNINITIALIZED
                  0005d000    0000012e     F2837xD_GlobalVariableDefs.obj (DevCfgRegsFile)

ClkCfgRegsFile 
*          1    0005d200    00000032     UNINITIALIZED
                  0005d200    00000032     F2837xD_GlobalVariableDefs.obj (ClkCfgRegsFile)

CpuSysRegsFile 
*          1    0005d300    00000082     UNINITIALIZED
                  0005d300    00000082     F2837xD_GlobalVariableDefs.obj (CpuSysRegsFile)

MODULE SUMMARY

       Module                             code    initialized data   uninitialized data
       ------                             ----    ----------------   ------------------
    .\
       Bird_main.obj                      1928    0                  7104              
    +--+----------------------------------+-------+------------------+--------------------+
       Total:                             1928    0                  7104              
                                                                                       
    .\AlgorithmLibrary\
       PositionEstimation.obj             4638    502                136               
       MahonyAHRS.obj                     2936    90                 18                
       Calibrate.obj                      1940    228                0                 
       SimpleDigitalFiltering.obj         1050    0                  100               
    +--+----------------------------------+-------+------------------+--------------------+
       Total:                             10564   820                254               
                                                                                       
    .\Control\
       Attitude_control.obj               2110    18                 4                 
       Position_control.obj               1908    26                 4                 
       PID_Control.obj                    316     0                  0                 
    +--+----------------------------------+-------+------------------+--------------------+
       Total:                             4334    44                 8                 
                                                                                       
    .\Driver\source\
       F2837xD_GlobalVariableDefs.obj     0       0                  8695              
       F2837xD_DefaultISR.obj             2806    0                  0                 
       F2837xD_SysCtrl.obj                2452    0                  0                 
       F2837xD_Gpio.obj                   1160    0                  0                 
       F2837xD_PieVect.obj                76      896                0                 
       F2837xD_EPwm.obj                   506     0                  0                 
       F2837xD_Adc.obj                    434     0                  0                 
       F2837xD_CpuTimers.obj              248     0                  24                
       F2837xD_ECap.obj                   242     0                  0                 
       F2837xD_Spi.obj                    186     0                  0                 
       F2837xD_PieCtrl.obj                80      0                  0                 
       DSP28xxx_SectionCopy_nonBIOS.obj   61      0                  0                 
       F2837xD_CodeStartBranch.obj        10      0                  0                 
       F2837xD_usDelay.obj                8       0                  0                 
    +--+----------------------------------+-------+------------------+--------------------+
       Total:                             8269    896                8719              
                                                                                       
    .\FLASH_API\
       FlashAPI.obj                       2758    0                  158               
       Fapi_UserDefinedFunctions.obj      336     0                  0                 
    +--+----------------------------------+-------+------------------+--------------------+
       Total:                             3094    0                  158               
                                                                                       
    .\HardWare\
       C28x_BSP.obj                       1922    8                  20                
       C28x_CPU.obj                       36      0                  0                 
    +--+----------------------------------+-------+------------------+--------------------+
       Total:                             1958    8                  20                
                                                                                       
    .\Parameter\
       ProcessPCData.obj                  3456    64                 62                
       DataToPC.obj                       2172    8                  4                 
       ProcessVisionData.obj              1026    0                  0                 
    +--+----------------------------------+-------+------------------+--------------------+
       Total:                             6654    72                 66                
                                                                                       
    .\Sensor\
       AHRS_Hardware.obj                  2092    0                  64                
       LSM303D.obj                        1022    126                124               
       MPU6500.obj                        540     24                 134               
       ADC_Battery.obj                    62      0                  0                 
    +--+----------------------------------+-------+------------------+--------------------+
       Total:                             3716    150                322               
                                                                                       
    .\uC-CPU\
       cpu_core.obj                       0       4                  0                 
    +--+----------------------------------+-------+------------------+--------------------+
       Total:                             0       4                  0                 
                                                                                       
    .\uC-CPU\C28x\CCS\
       cpu_a.obj                          62      0                  0                 
    +--+----------------------------------+-------+------------------+--------------------+
       Total:                             62      0                  0                 
                                                                                       
    .\uC-LIB\
       lib_mem.obj                        0       118                4160              
       lib_math.obj                       0       0                  2                 
    +--+----------------------------------+-------+------------------+--------------------+
       Total:                             0       118                4162              
                                                                                       
    .\uCOS-II\Ports\C28x\Generic\CCS\
       os_cpu_c.obj                       638     0                  0                 
       os_dbg.obj                         282     116                0                 
       os_cpu_a.obj                       328     0                  0                 
    +--+----------------------------------+-------+------------------+--------------------+
       Total:                             1248    116                0                 
                                                                                       
    .\uCOS-II\Source\
       os_core.obj                        3900    572                2144              
       os_task.obj                        2944    4                  0                 
       os_flag.obj                        2536    4                  0                 
       os_q.obj                           2036    4                  0                 
       os_sem.obj                         1088    4                  0                 
       os_mem.obj                         808     4                  0                 
       os_time.obj                        538     0                  0                 
       os_mbox.obj                        0       4                  0                 
       os_mutex.obj                       0       4                  0                 
    +--+----------------------------------+-------+------------------+--------------------+
       Total:                             13850   600                2144              
                                                                                       
    ../FLASH_API/src/F021_API_F2837xD_FPU32.lib
       FlashStateMachine.obj              1534    0                  0                 
       Program.obj                        826     0                  0                 
       Read.obj                           662     0                  0                 
       Utilities.obj                      280     0                  0                 
       BlankCheck.obj                     132     0                  0                 
       Init.obj                           104     0                  12                
       Async.obj                          64      0                  0                 
    +--+----------------------------------+-------+------------------+--------------------+
       Total:                             3602    0                  12                
                                                                                       
    E:\Software\TI\ccsv8\tools\compiler\ti-cgt-c2000_18.1.3.LTS\lib\rts2800_fpu32.lib
       e_asinf.c.obj                      482     40                 0                 
       s_atanf.c.obj                      406     60                 0                 
       e_atan2f.c.obj                     424     24                 0                 
       e_sqrt.c.obj                       292     24                 0                 
       fd_add28.asm.obj                   312     0                  0                 
       fs_div28.asm.obj                   272     0                  0                 
       fd_mpy28.asm.obj                   262     0                  0                 
       s_cosf.c.obj                       194     0                  0                 
       s_tanf.c.obj                       194     0                  0                 
       boot28.asm.obj                     172     0                  0                 
       exit.c.obj                         82      28                 6                 
       fd_cmp28.asm.obj                   84      0                  0                 
       l_div28.asm.obj                    84      0                  0                 
       e_sqrtf.c.obj                      76      0                  0                 
       cpy_tbl.c.obj                      72      0                  0                 
       fd_tofsfpu32.asm.obj               70      0                  0                 
       i_div28.asm.obj                    68      0                  0                 
       memcpy.c.obj                       58      0                  0                 
       fs_tofdfpu32.asm.obj               56      0                  0                 
       args_main.c.obj                    50      0                  0                 
       _lock.c.obj                        18      20                 4                 
       fd_sub28.asm.obj                   28      0                  0                 
       u_div28.asm.obj                    22      0                  0                 
       errno.c.obj                        0       8                  1                 
       pre_init.c.obj                     4       0                  0                 
       startup.c.obj                      2       0                  0                 
    +--+----------------------------------+-------+------------------+--------------------+
       Total:                             3784    204                11                
                                                                                       
       Stack:                             0       0                  1024              
    +--+----------------------------------+-------+------------------+--------------------+
       Grand Total:                       63063   3032               24004             


GLOBAL DATA SYMBOLS: SORTED BY DATA PAGE

address     data page           name
--------    ----------------    ----
00000400      10 (00000400)     __stack

00000b00      2c (00000b00)     _AdcaResultRegs
00000b20      2c (00000b00)     _AdcbResultRegs

00000b40      2d (00000b40)     _AdccResultRegs
00000b60      2d (00000b40)     _AdcdResultRegs

00000c00      30 (00000c00)     _CpuTimer0Regs
00000c08      30 (00000c00)     _CpuTimer1Regs
00000c10      30 (00000c00)     _CpuTimer2Regs

00000ce0      33 (00000cc0)     _Cla1SoftIntRegs
00000ce0      33 (00000cc0)     _PieCtrlRegs

00000d00      34 (00000d00)     _EmuBMode
00000d00      34 (00000d00)     _PieVectTable
00000d01      34 (00000d00)     _EmuBootPins

00001000      40 (00001000)     _DmaRegs

00001400      50 (00001400)     _Cla1Regs

00004000     100 (00004000)     _EPwm1Regs

00004100     104 (00004100)     _EPwm2Regs

00004200     108 (00004200)     _EPwm3Regs

00004300     10c (00004300)     _EPwm4Regs

00004400     110 (00004400)     _EPwm5Regs

00004500     114 (00004500)     _EPwm6Regs

00004600     118 (00004600)     _EPwm7Regs

00004700     11c (00004700)     _EPwm8Regs

00004800     120 (00004800)     _EPwm9Regs

00004900     124 (00004900)     _EPwm10Regs

00004a00     128 (00004a00)     _EPwm11Regs

00004b00     12c (00004b00)     _EPwm12Regs

00005000     140 (00005000)     _ECap1Regs
00005020     140 (00005000)     _ECap2Regs

00005040     141 (00005040)     _ECap3Regs
00005060     141 (00005040)     _ECap4Regs

00005080     142 (00005080)     _ECap5Regs
000050a0     142 (00005080)     _ECap6Regs

00005100     144 (00005100)     _EQep1Regs

00005140     145 (00005140)     _EQep2Regs

00005180     146 (00005180)     _EQep3Regs

00005c00     170 (00005c00)     _DacaRegs
00005c10     170 (00005c00)     _DacbRegs
00005c20     170 (00005c00)     _DaccRegs

00005c80     172 (00005c80)     _Cmpss1Regs
00005ca0     172 (00005c80)     _Cmpss2Regs

00005cc0     173 (00005cc0)     _Cmpss3Regs
00005ce0     173 (00005cc0)     _Cmpss4Regs

00005d00     174 (00005d00)     _Cmpss5Regs
00005d20     174 (00005d00)     _Cmpss6Regs

00005d40     175 (00005d40)     _Cmpss7Regs
00005d60     175 (00005d40)     _Cmpss8Regs

00005e00     178 (00005e00)     _Sdfm1Regs

00005e80     17a (00005e80)     _Sdfm2Regs

00006000     180 (00006000)     _McbspaRegs

00006040     181 (00006040)     _McbspbRegs

00006100     184 (00006100)     _SpiaRegs
00006110     184 (00006100)     _SpibRegs
00006120     184 (00006100)     _SpicRegs

00006200     188 (00006200)     _UppRegs

00007000     1c0 (00007000)     _WdRegs

00007060     1c1 (00007040)     _NmiIntruptRegs
00007070     1c1 (00007040)     _XintRegs

00007200     1c8 (00007200)     _SciaRegs
00007210     1c8 (00007200)     _ScibRegs
00007220     1c8 (00007200)     _ScicRegs
00007230     1c8 (00007200)     _ScidRegs

00007300     1cc (00007300)     _I2caRegs

00007340     1cd (00007340)     _I2cbRegs

00007400     1d0 (00007400)     _AdcaRegs

00007480     1d2 (00007480)     _AdcbRegs

00007500     1d4 (00007500)     _AdccRegs

00007580     1d6 (00007580)     _AdcdRegs

00007900     1e4 (00007900)     _InputXbarRegs
00007920     1e4 (00007900)     _XbarRegs

00007940     1e5 (00007940)     _SyncSocRegs

00007980     1e6 (00007980)     _DmaClaSrcSelRegs

00007a00     1e8 (00007a00)     _EPwmXbarRegs

00007a80     1ea (00007a80)     _OutputXbarRegs

00007c00     1f0 (00007c00)     _GpioCtrlRegs

00007f00     1fc (00007f00)     _GpioDataRegs

0000c000     300 (0000c000)     _Fly_Mode
0000c001     300 (0000c000)     _Throttle_Info
0000c006     300 (0000c000)     _Errangle_Info
0000c00a     300 (0000c000)     _FlightControl
0000c010     300 (0000c000)     _RockerControl
0000c018     300 (0000c000)     _UAVThrust
0000c022     300 (0000c000)     _Flight_Remote_Control
0000c02e     300 (0000c000)     _OriginalPosY

0000c040     301 (0000c040)     _OriginalPosX
0000c050     301 (0000c040)     _OriginalPitchRate
0000c060     301 (0000c040)     _OriginalPosZ
0000c070     301 (0000c040)     _OriginalPitch

0000c080     302 (0000c080)     _Sensor_Info
0000c090     302 (0000c080)     _OriginalYaw
0000c0a0     302 (0000c080)     _OriginalRoll
0000c0b0     302 (0000c080)     _OriginalRollRate

0000c0c0     303 (0000c0c0)     _OriginalVelZ
0000c0d0     303 (0000c0c0)     _OriginalFlowX
0000c0e0     303 (0000c0c0)     _ReciveVisionData
0000c0f0     303 (0000c0c0)     _ProcessVisionData_proc

0000c100     304 (0000c100)     _OriginalFlowVelY
0000c110     304 (0000c100)     _OriginalAccZ
0000c120     304 (0000c100)     _OriginalFlowY
0000c130     304 (0000c100)     _RecivePCData

0000c140     305 (0000c140)     _ProcessPCData_proc
0000c150     305 (0000c140)     _OriginalVelX
0000c160     305 (0000c140)     _OriginalVelY
0000c170     305 (0000c140)     _ProcessReserveData_proc

0000c180     306 (0000c180)     _OriginalFlowVelX
0000c190     306 (0000c180)     _ReciveReserveData
0000c1a0     306 (0000c180)     _OriginalYawRate

0000c1c0     307 (0000c1c0)     _Target_Info
0000c1d6     307 (0000c1c0)     _OffsetData

0000c200     308 (0000c200)     _Control_Info

0000c240     309 (0000c240)     _YAxis

0000c2c0     30b (0000c2c0)     _XAxis

0000c340     30d (0000c340)     _RT_Info

0000c3c0     30f (0000c3c0)     _ZAxis

0000c440     311 (0000c440)     _PID_ParaInfo

0000c5c0     317 (0000c5c0)     _App_TaskCombineStk

0000c7c0     31f (0000c7c0)     _App_TaskProcessVisionDataStk

0000c9c0     327 (0000c9c0)     _App_TaskPositionStk

0000cbc0     32f (0000cbc0)     _App_TaskIMUStk

0000cdc0     337 (0000cdc0)     _App_TaskAttitudeStk

0000cfc0     33f (0000cfc0)     _App_TaskBatteryStk

0000d1c0     347 (0000d1c0)     _App_TaskLEDStk

0000d3c0     34f (0000d3c0)     _App_TaskDataToPCStk

0000d5c0     357 (0000d5c0)     _App_TaskProcessReserveDataStk

0000d7c0     35f (0000d7c0)     _App_TaskProcessPCDataStk

0000d9c0     367 (0000d9c0)     _App_TaskStartStk

0000dbc0     36f (0000dbc0)     _Mem_SegHeadPtr
0000dbc2     36f (0000dbc0)     _Mem_SegHeap

0000dc00     370 (0000dc00)     _Mem_Heap

0000ec00     3b0 (0000ec00)     _OSTaskCtr
0000ec01     3b0 (0000ec00)     _OSTaskRegNextAvailID
0000ec02     3b0 (0000ec00)     _OSTickStepState
0000ec03     3b0 (0000ec00)     _OSRunning
0000ec04     3b0 (0000ec00)     _OSCPUUsage
0000ec05     3b0 (0000ec00)     _OSPrioCur
0000ec06     3b0 (0000ec00)     _OSLockNesting
0000ec07     3b0 (0000ec00)     _OSRdyGrp
0000ec08     3b0 (0000ec00)     _OSStatRdy
0000ec09     3b0 (0000ec00)     _OSPrioHighRdy
0000ec0a     3b0 (0000ec00)     _OSIntNesting
0000ec0c     3b0 (0000ec00)     _OSTime
0000ec0e     3b0 (0000ec00)     _OSIdleCtr
0000ec10     3b0 (0000ec00)     _OSIdleCtrRun
0000ec12     3b0 (0000ec00)     _OSTCBFreeList
0000ec14     3b0 (0000ec00)     _OSTCBCur
0000ec16     3b0 (0000ec00)     _OSEventFreeList
0000ec18     3b0 (0000ec00)     _OSCtxSwCtr
0000ec1a     3b0 (0000ec00)     _OSIdleCtrMax
0000ec1c     3b0 (0000ec00)     _OSMemFreeList
0000ec1e     3b0 (0000ec00)     _OSQFreeList
0000ec20     3b0 (0000ec00)     _OSTCBList
0000ec22     3b0 (0000ec00)     _OSFlagFreeList
0000ec24     3b0 (0000ec00)     _OSTCBHighRdy
0000ec26     3b0 (0000ec00)     _OSRdyTbl

0000ec40     3b1 (0000ec40)     _OSFlagTbl

0000ec80     3b2 (0000ec80)     _OSQTbl

0000ecc0     3b3 (0000ecc0)     _OSMemTbl

0000ed00     3b4 (0000ed00)     _OSTCBPrioTbl

0000ed80     3b6 (0000ed80)     _OSEventTbl

0000ee40     3b9 (0000ee40)     _OSTaskIdleStk

0000ef40     3bd (0000ef40)     _OSTaskStatStk

0000f040     3c1 (0000f040)     _OSTCBTbl

0000f460     3d1 (0000f440)     _CpuTimer1
0000f468     3d1 (0000f440)     _CpuTimer2
0000f470     3d1 (0000f440)     _CpuTimer0
0000f478     3d1 (0000f440)     ___TI_enable_exit_profile_output
0000f47a     3d1 (0000f440)     ___TI_cleanup_ptr
0000f47c     3d1 (0000f440)     ___TI_dtors_ptr
0000f47e     3d1 (0000f440)     __lock

0000f480     3d2 (0000f480)     _flashData

0000f520     3d4 (0000f500)     _DutyCycle
0000f532     3d4 (0000f500)     _Fapi_GlobalInit
0000f53e     3d4 (0000f500)     __unlock

0000f5c8     3d7 (0000f5c0)     _q3
0000f5ca     3d7 (0000f5c0)     _q2
0000f5cc     3d7 (0000f5c0)     _integralFBx
0000f5ce     3d7 (0000f5c0)     _integralFBz
0000f5d0     3d7 (0000f5c0)     _integralFBy
0000f5d2     3d7 (0000f5c0)     _twoKp
0000f5d4     3d7 (0000f5c0)     _twoKi
0000f5d6     3d7 (0000f5c0)     _q1
0000f5d8     3d7 (0000f5c0)     _q0
0000f5e0     3d7 (0000f5c0)     _FloatToHex
0000f5e6     3d7 (0000f5c0)     _Math_RandSeedCur
0000f5e8     3d7 (0000f5c0)     _errno

0000f640     3d9 (0000f640)     _MPU6500_FIFO

0000f6c0     3db (0000f6c0)     _Mag_maxx
0000f6c1     3db (0000f6c0)     _Mag_maxy
0000f6c2     3db (0000f6c0)     _Mag_Offset_Z
0000f6c3     3db (0000f6c0)     _Mag_maxz
0000f6c4     3db (0000f6c0)     _Mag_Offset_Y
0000f6c5     3db (0000f6c0)     _Mag_calib
0000f6c6     3db (0000f6c0)     _Mag_miny
0000f6c7     3db (0000f6c0)     _Mag_minz
0000f6c8     3db (0000f6c0)     _lastMz
0000f6c9     3db (0000f6c0)     _lastMy
0000f6ca     3db (0000f6c0)     _Wr_IndexAcc
0000f6cb     3db (0000f6c0)     _Mag_minx
0000f6cc     3db (0000f6c0)     _Mag_Offset_X
0000f6cd     3db (0000f6c0)     _lastMx
0000f6ce     3db (0000f6c0)     _Wr_IndexMag
0000f6d0     3db (0000f6c0)     _Mag_Scale_X
0000f6d2     3db (0000f6c0)     _Mag_Scale_Y
0000f6d4     3db (0000f6c0)     _Mag_Scale_Z

0000f700     3dc (0000f700)     _LSM303_FIFO

0000f740     3dd (0000f740)     _Flow_Parameter
0000f74c     3dd (0000f740)     _Accel_Parameter
0000f758     3dd (0000f740)     _accel_filter_buf

0000f780     3de (0000f780)     _flow_filter_buf

0000f7dc     3df (0000f7c0)     _RDrone_R

0000f800     3e0 (0000f800)     _HexToFloat
0000f80e     3e0 (0000f800)     _new_offset
0000f814     3e0 (0000f800)     _new_scales
0000f81a     3e0 (0000f800)     _acce_sample

0001797e     5e5 (00017940)     _PieVectTableInit

00017b3e     5ec (00017b00)     _OSUnMapTbl

00017cc2     5f3 (00017cc0)     _OSTaskStatStkSize
00017cc3     5f3 (00017cc0)     _OSTaskStatStkChkEn
00017cc4     5f3 (00017cc0)     _OSTaskNameEn
00017cc5     5f3 (00017cc0)     _OSTaskRegTblSize
00017cc6     5f3 (00017cc0)     _OSTCBPrioTblMax
00017cc7     5f3 (00017cc0)     _OSTaskStatEn
00017cc8     5f3 (00017cc0)     _OSTaskSwHookEn
00017cc9     5f3 (00017cc0)     _OSTaskCreateExtEn
00017cca     5f3 (00017cc0)     _OSTaskDelEn
00017ccb     5f3 (00017cc0)     _OSStkWidth
00017ccc     5f3 (00017cc0)     _OSTaskProfileEn
00017ccd     5f3 (00017cc0)     _OSTaskMax
00017cce     5f3 (00017cc0)     _OSTaskCreateEn
00017ccf     5f3 (00017cc0)     _OSTaskIdleStkSize
00017cd0     5f3 (00017cc0)     _OSTmrSize
00017cd1     5f3 (00017cc0)     _OSTmrTblSize
00017cd2     5f3 (00017cc0)     _OSTmrCfgWheelSize
00017cd3     5f3 (00017cc0)     _OSTmrWheelTblSize
00017cd4     5f3 (00017cc0)     _OSDataSize
00017cd5     5f3 (00017cc0)     _OSTmrCfgTicksPerSec
00017cd6     5f3 (00017cc0)     _OSTmrWheelSize
00017cd7     5f3 (00017cc0)     _OSTimeTickHookEn
00017cd8     5f3 (00017cc0)     _OSVersionNbr
00017cd9     5f3 (00017cc0)     _OSTCBSize
00017cda     5f3 (00017cc0)     _OSTmrCfgMax
00017cdb     5f3 (00017cc0)     _OSTmrCfgNameEn
00017cdc     5f3 (00017cc0)     _OSTicksPerSec
00017cdd     5f3 (00017cc0)     _OSTmrEn
00017cde     5f3 (00017cc0)     _OSFlagNodeSize
00017cdf     5f3 (00017cc0)     _OSFlagWidth
00017ce0     5f3 (00017cc0)     _OSFlagEn
00017ce1     5f3 (00017cc0)     _OSFlagNameEn
00017ce2     5f3 (00017cc0)     _OSLowestPrio
00017ce3     5f3 (00017cc0)     _OSFlagGrpSize
00017ce4     5f3 (00017cc0)     _OSFlagMax
00017ce5     5f3 (00017cc0)     _OSEventMax
00017ce6     5f3 (00017cc0)     _OSEventNameEn
00017ce7     5f3 (00017cc0)     _OSDebugEn
00017ce8     5f3 (00017cc0)     _OSEventTblSize
00017ce9     5f3 (00017cc0)     _OSEventMultiEn
00017cea     5f3 (00017cc0)     _OSEventEn
00017ceb     5f3 (00017cc0)     _OSQEn
00017cec     5f3 (00017cc0)     _OSQMax
00017ced     5f3 (00017cc0)     _OSMutexEn
00017cee     5f3 (00017cc0)     _OSRdyTblSize
00017cef     5f3 (00017cc0)     _OSSemEn
00017cf0     5f3 (00017cc0)     _OSPtrSize
00017cf1     5f3 (00017cc0)     _OSQSize
00017cf2     5f3 (00017cc0)     _OSMemEn
00017cf3     5f3 (00017cc0)     _OSMemMax
00017cf4     5f3 (00017cc0)     _OSEventSize
00017cf5     5f3 (00017cc0)     _OSMemSize
00017cf6     5f3 (00017cc0)     _OSMemTblSize
00017cf7     5f3 (00017cc0)     _OSMboxEn
00017cf8     5f3 (00017cc0)     _OSMemNameEn
00017cfa     5f3 (00017cc0)     _OSEndiannessTest
00017cfc     5f3 (00017cc0)     _KalmanFilter_Unit

00017dd8     5f7 (00017dc0)     _CPU_EndiannessTest

00047000    11c0 (00047000)     _Emif1Regs

00047800    11e0 (00047800)     _Emif2Regs

00048000    1200 (00048000)     _CanaRegs

0004a000    1280 (0004a000)     _CanbRegs

00050000    1400 (00050000)     _IpcRegs
00050024    1400 (00050000)     _FlashPumpSemaphoreRegs

0005d000    1740 (0005d000)     _DevCfgRegs

0005d180    1746 (0005d180)     _AnalogSubsysRegs

0005d200    1748 (0005d200)     _ClkCfgRegs

0005d300    174c (0005d300)     _CpuSysRegs

0005e608    1798 (0005e600)     _RomPrefetchRegs

0005f000    17c0 (0005f000)     _DcsmZ1Regs

0005f040    17c1 (0005f040)     _DcsmZ2Regs
0005f070    17c1 (0005f040)     _DcsmCommonRegs

0005f400    17d0 (0005f400)     _MemCfgRegs

0005f480    17d2 (0005f480)     _Emif1ConfigRegs
0005f4a0    17d2 (0005f480)     _Emif2ConfigRegs

0005f4c0    17d3 (0005f4c0)     _AccessProtectionRegs

0005f500    17d4 (0005f500)     _MemoryErrorRegs

0005f540    17d5 (0005f540)     _RomWaitStateRegs

0005f800    17e0 (0005f800)     _Flash0CtrlRegs

0005fb00    17ec (0005fb00)     _Flash0EccRegs


GLOBAL SYMBOLS: SORTED ALPHABETICALLY BY Name 

page  address   name                                  
----  -------   ----                                  
0     00010000  .text                                 
0     000176cb  C$$EXIT                               
0     00016fc2  FD$$ADD                               
0     00017677  FD$$CMP                               
0     0001728d  FD$$MPY                               
0     0001792c  FD$$SUB                               
0     000177b1  FD$$TOFS                              
0     00017205  FS$$DIV                               
0     000178b5  FS$$TOFD                              
0     00017818  I$$DIV                                
0     00017829  I$$MOD                                
0     000176a1  L$$DIV                                
0     000176b0  L$$MOD                                
0     00017952  U$$DIV                                
0     00017957  U$$MOD                                
0     000176be  UL$$DIV                               
0     000176c5  UL$$MOD                               
0     00015c4b  _ABS                                  
0     0001239d  _ADCA1_ISR                            
0     0001261d  _ADCA2_ISR                            
0     00012627  _ADCA3_ISR                            
0     00012631  _ADCA4_ISR                            
0     00012613  _ADCA_EVT_ISR                         
0     000123a7  _ADCB1_ISR                            
0     00012645  _ADCB2_ISR                            
0     0001264f  _ADCB3_ISR                            
0     00012659  _ADCB4_ISR                            
0     0001263b  _ADCB_EVT_ISR                         
0     000123b1  _ADCC1_ISR                            
0     000127ad  _ADCC2_ISR                            
0     000127b7  _ADCC3_ISR                            
0     000127c1  _ADCC4_ISR                            
0     000127a3  _ADCC_EVT_ISR                         
0     000123cf  _ADCD1_ISR                            
0     000127d5  _ADCD2_ISR                            
0     000127df  _ADCD3_ISR                            
0     000127e9  _ADCD4_ISR                            
0     000127cb  _ADCD_EVT_ISR                         
0     00013f39  _AHRS_HardWareinit                    
0     00012825  _AUX_PLL_SLIP_ISR                     
1     0000f74c  _Accel_Parameter                      
1     0005f4c0  _AccessProtectionRegs                 
0     00016b5b  _AdcSetMode                           
1     00007400  _AdcaRegs                             
1     00000b00  _AdcaResultRegs                       
1     00007480  _AdcbRegs                             
1     00000b20  _AdcbResultRegs                       
1     00007500  _AdccRegs                             
1     00000b40  _AdccResultRegs                       
1     00007580  _AdcdRegs                             
1     00000b60  _AdcdResultRegs                       
1     0005d180  _AnalogSubsysRegs                     
1     0000cdc0  _App_TaskAttitudeStk                  
1     0000cfc0  _App_TaskBatteryStk                   
1     0000c5c0  _App_TaskCombineStk                   
1     0000d3c0  _App_TaskDataToPCStk                  
1     0000cbc0  _App_TaskIMUStk                       
1     0000d1c0  _App_TaskLEDStk                       
1     0000c9c0  _App_TaskPositionStk                  
1     0000d7c0  _App_TaskProcessPCDataStk             
1     0000d5c0  _App_TaskProcessReserveDataStk        
1     0000c7c0  _App_TaskProcessVisionDataStk         
1     0000d9c0  _App_TaskStartStk                     
0     00013ae0  _Attitude_control                     
0     0001364e  _AuxAuxClkSel                         
0     00013638  _AuxIntOsc2Sel                        
0     00013642  _AuxXtalOscSel                        
0     00015b3b  _Average_Filter                       
0     00015911  _C28x_BSP_ADC_Init                    
0     000157bc  _C28x_BSP_Epwm_Init                   
0     00015916  _C28x_BSP_FLASH_Init                  
0     000156f4  _C28x_BSP_Init                        
0     00015727  _C28x_BSP_Led_Init                    
0     000157fa  _C28x_BSP_Scia_Init                   
0     0001582d  _C28x_BSP_Scib_Init                   
0     00015889  _C28x_BSP_Scic_Init                   
0     0001573c  _C28x_BSP_Spi_Init                    
0     00015707  _C28x_BSP_Tick_Init                   
0     000158b3  _C28x_BSP_eCAP_Init                   
0     0001791a  _C28x_CPU_Init                        
0     000125eb  _CANA0_ISR                            
0     000125f5  _CANA1_ISR                            
0     000125ff  _CANB0_ISR                            
0     00012609  _CANB1_ISR                            
0     00012663  _CLA1_1_ISR                           
0     0001266d  _CLA1_2_ISR                           
0     00012677  _CLA1_3_ISR                           
0     00012681  _CLA1_4_ISR                           
0     0001268b  _CLA1_5_ISR                           
0     00012695  _CLA1_6_ISR                           
0     0001269f  _CLA1_7_ISR                           
0     000126a9  _CLA1_8_ISR                           
0     0001282f  _CLA_OVERFLOW_ISR                     
0     00012839  _CLA_UNDERFLOW_ISR                    
0     0001788a  _CPU_CntLeadZeros                     
0     00017dd8  _CPU_EndiannessTest                   
0     00017879  _CPU_IntDis                           
0     0001787b  _CPU_IntEn                            
0     00017896  _CPU_RevBits                          
0     00017882  _CPU_SR_Restore                       
0     0001787d  _CPU_SR_Save                          
0     00016bfa  _CalAdcINL                            
0     00013d61  _Calculate_Thrust                     
0     00014737  _Calibrate_Find_Delta                 
0     0001470f  _Calibrate_Reset_Matrices             
0     00014812  _Calibrate_Update_Matrices            
0     000148c6  _Calibrate_accel                      
1     00048000  _CanaRegs                             
1     0004a000  _CanbRegs                             
1     00001400  _Cla1Regs                             
0     00000ce0  _Cla1SoftIntRegs                      
1     0005d200  _ClkCfgRegs                           
1     00005c80  _Cmpss1Regs                           
1     00005ca0  _Cmpss2Regs                           
1     00005cc0  _Cmpss3Regs                           
1     00005ce0  _Cmpss4Regs                           
1     00005d00  _Cmpss5Regs                           
1     00005d20  _Cmpss6Regs                           
1     00005d40  _Cmpss7Regs                           
1     00005d60  _Cmpss8Regs                           
0     00017351  _ConfigCpuTimer                       
0     000158ce  _ConfigureADC                         
1     0000c200  _Control_Info                         
1     0005d300  _CpuSysRegs                           
1     0000f470  _CpuTimer0                            
1     00000c00  _CpuTimer0Regs                        
1     0000f460  _CpuTimer1                            
1     00000c08  _CpuTimer1Regs                        
1     0000f468  _CpuTimer2                            
1     00000c10  _CpuTimer2Regs                        
0     000135f3  _CsmUnlock                            
0     000122fd  _DATALOG_ISR                          
0     00012537  _DMA_CH1_ISR                          
0     00012541  _DMA_CH2_ISR                          
0     0001254b  _DMA_CH3_ISR                          
0     00012555  _DMA_CH4_ISR                          
0     0001255f  _DMA_CH5_ISR                          
0     00012569  _DMA_CH6_ISR                          
1     00005c00  _DacaRegs                             
1     00005c10  _DacbRegs                             
1     00005c20  _DaccRegs                             
1     0005f070  _DcsmCommonRegs                       
1     0005f000  _DcsmZ1Regs                           
1     0005f040  _DcsmZ2Regs                           
1     0005d000  _DevCfgRegs                           
0     0001330f  _DisableDog                           
0     000132d0  _DisablePeripheralClocks              
1     00007980  _DmaClaSrcSelRegs                     
1     00001000  _DmaRegs                              
1     0000f520  _DutyCycle                            
0     0001248d  _ECAP1_ISR                            
0     00012497  _ECAP2_ISR                            
0     000124a1  _ECAP3_ISR                            
0     000124ab  _ECAP4_ISR                            
0     000124b5  _ECAP5_ISR                            
0     000124bf  _ECAP6_ISR                            
1     00005000  _ECap1Regs                            
1     00005020  _ECap2Regs                            
1     00005040  _ECap3Regs                            
1     00005060  _ECap4Regs                            
1     00005080  _ECap5Regs                            
1     000050a0  _ECap6Regs                            
0     000127f3  _EMIF_ERROR_ISR                       
0     0001284d  _EMPTY_ISR                            
0     00012307  _EMU_ISR                              
0     00012749  _EPWM10_ISR                           
0     00012721  _EPWM10_TZ_ISR                        
0     00012753  _EPWM11_ISR                           
0     0001272b  _EPWM11_TZ_ISR                        
0     0001275d  _EPWM12_ISR                           
0     00012735  _EPWM12_TZ_ISR                        
0     0001243d  _EPWM1_ISR                            
0     000123ed  _EPWM1_TZ_ISR                         
0     00012447  _EPWM2_ISR                            
0     000123f7  _EPWM2_TZ_ISR                         
0     00012451  _EPWM3_ISR                            
0     00012401  _EPWM3_TZ_ISR                         
0     0001245b  _EPWM4_ISR                            
0     0001240b  _EPWM4_TZ_ISR                         
0     00012465  _EPWM5_ISR                            
0     00012415  _EPWM5_TZ_ISR                         
0     0001246f  _EPWM6_ISR                            
0     0001241f  _EPWM6_TZ_ISR                         
0     00012479  _EPWM7_ISR                            
0     00012429  _EPWM7_TZ_ISR                         
0     00012483  _EPWM8_ISR                            
0     00012433  _EPWM8_TZ_ISR                         
0     0001273f  _EPWM9_ISR                            
0     00012717  _EPWM9_TZ_ISR                         
1     00004900  _EPwm10Regs                           
1     00004a00  _EPwm11Regs                           
1     00004b00  _EPwm12Regs                           
1     00004000  _EPwm1Regs                            
1     00004100  _EPwm2Regs                            
1     00004200  _EPwm3Regs                            
1     00004300  _EPwm4Regs                            
1     00004400  _EPwm5Regs                            
1     00004500  _EPwm6Regs                            
1     00004600  _EPwm7Regs                            
1     00004700  _EPwm8Regs                            
1     00004800  _EPwm9Regs                            
1     00007a00  _EPwmXbarRegs                         
0     000124c9  _EQEP1_ISR                            
0     000124d3  _EQEP2_ISR                            
0     000124dd  _EQEP3_ISR                            
1     00005100  _EQep1Regs                            
1     00005140  _EQep2Regs                            
1     00005180  _EQep3Regs                            
1     0005f480  _Emif1ConfigRegs                      
1     00047000  _Emif1Regs                            
1     0005f4a0  _Emif2ConfigRegs                      
1     00047800  _Emif2Regs                            
1     00000d00  _EmuBMode                             
1     00000d01  _EmuBootPins                          
0     00017713  _EnableInterrupts                     
1     0000c006  _Errangle_Info                        
0     00017f73  _Example_Done                         
0     00017f6d  _Example_Error                        
0     00017976  _F28x_usDelay                         
0     00012807  _FLASH_CORRECTABLE_ERROR_ISR          
0     00017fd6  _FLASH_Read                           
0     00017f76  _FLASH_Write                          
0     000126db  _FPU_OVERFLOW_ISR                     
0     000126e5  _FPU_UNDERFLOW_ISR                    
1     0000f532  _Fapi_GlobalInit                      
0     000175f0  _Fapi_calculateFletcherChecksum       
0     0001795d  _Fapi_checkFsmForReady                
0     0001757a  _Fapi_doBlankCheck                    
0     00016dd3  _Fapi_doMarginRead                    
0     00017904  _Fapi_flushPipeline                   
0     00017970  _Fapi_getFsmStatus                    
0     000175bc  _Fapi_initializeAPI                   
0     000177d4  _Fapi_isAddressEcc                    
0     0001783a  _Fapi_issueAsyncCommandWithAddress    
0     00016148  _Fapi_issueProgrammingCommand         
0     00018019  _Fapi_serviceWatchdogTimer            
0     00017768  _Fapi_setActiveFlashBank              
0     00018092  _Fapi_setupBankSectorEnable           
0     0001801b  _Fapi_setupEepromSectorEnable         
0     000178d1  _Fapi_waitDelay                       
1     0005f800  _Flash0CtrlRegs                       
1     0005fb00  _Flash0EccRegs                        
0     000180ea  _FlashOff                             
1     00050024  _FlashPumpSemaphoreRegs               
1     0000c00a  _FlightControl                        
1     0000c022  _Flight_Remote_Control                
1     0000f5e0  _FloatToHex                           
0     000136a2  _FloatToUnsignedchar                  
1     0000f740  _Flow_Parameter                       
1     0000c000  _Fly_Mode                             
0     000156a9  _GPIO_EnableUnbondedIOPullups         
0     00015684  _GPIO_EnableUnbondedIOPullupsFor100Pin
0     0001566b  _GPIO_EnableUnbondedIOPullupsFor176Pin
0     000156bf  _GPIO_ReadPin                         
0     00015610  _GPIO_SetupLock                       
0     000154f0  _GPIO_SetupPinMux                     
0     0001557c  _GPIO_SetupPinOptions                 
0     00015639  _GPIO_SetupXINT1Gpio                  
0     00015643  _GPIO_SetupXINT2Gpio                  
0     0001564d  _GPIO_SetupXINT3Gpio                  
0     00015657  _GPIO_SetupXINT4Gpio                  
0     00015661  _GPIO_SetupXINT5Gpio                  
0     000156d6  _GPIO_WritePin                        
0     0001785a  _Get_Battery                          
1     00007c00  _GpioCtrlRegs                         
1     00007f00  _GpioDataRegs                         
0     0001366c  _HALT                                 
0     00013685  _HIB                                  
1     0000f800  _HexToFloat                           
0     0001257d  _I2CA_FIFO_ISR                        
0     00012573  _I2CA_ISR                             
0     00012591  _I2CB_FIFO_ISR                        
0     00012587  _I2CB_ISR                             
1     00007300  _I2caRegs                             
1     00007340  _I2cbRegs                             
0     00013658  _IDLE                                 
0     0001231b  _ILLEGAL_ISR                          
0     00014025  _IMU_getInfo                          
0     00013f5c  _IMU_getValues                        
[...]
0     0001785a  _Get_Battery                          
0     00017879  _CPU_IntDis                           
0     0001787b  _CPU_IntEn                            
0     0001787d  _CPU_SR_Save                          
0     00017882  _CPU_SR_Restore                       
0     0001788a  _CPU_CntLeadZeros                     
0     00017896  _CPU_RevBits                          
0     00017898  _memcpy                               
0     000178b5  FS$$TOFD                              
0     000178d1  _Fapi_waitDelay                       
0     000178eb  __args_main                           
0     00017904  _Fapi_flushPipeline                   
0     0001791a  _C28x_CPU_Init                        
0     0001792c  FD$$SUB                               
0     0001793a  __Fapi_scaleCycleValues               
0     00017947  __Fapi_calculateOtpChecksum           
0     00017952  U$$DIV                                
0     00017957  U$$MOD                                
0     0001795d  _Fapi_checkFsmForReady                
0     00017967  __register_unlock                     
0     0001796b  __register_lock                       
0     0001796f  __nop                                 
0     00017970  _Fapi_getFsmStatus                    
0     00017976  _F28x_usDelay                         
0     0001797a  __system_pre_init                     
0     0001797c  __system_post_cinit                   
0     0001797d  ___etext__                            
0     0001797d  etext                                 
0     0001797e  _PieVectTableInit                     
0     0001797e  _econst_runstart                      
0     00017b3e  _OSUnMapTbl                           
0     00017cc2  _OSTaskStatStkSize                    
0     00017cc3  _OSTaskStatStkChkEn                   
0     00017cc4  _OSTaskNameEn                         
0     00017cc5  _OSTaskRegTblSize                     
0     00017cc6  _OSTCBPrioTblMax                      
0     00017cc7  _OSTaskStatEn                         
0     00017cc8  _OSTaskSwHookEn                       
0     00017cc9  _OSTaskCreateExtEn                    
0     00017cca  _OSTaskDelEn                          
0     00017ccb  _OSStkWidth                           
0     00017ccc  _OSTaskProfileEn                      
0     00017ccd  _OSTaskMax                            
0     00017cce  _OSTaskCreateEn                       
0     00017ccf  _OSTaskIdleStkSize                    
0     00017cd0  _OSTmrSize                            
0     00017cd1  _OSTmrTblSize                         
0     00017cd2  _OSTmrCfgWheelSize                    
0     00017cd3  _OSTmrWheelTblSize                    
0     00017cd4  _OSDataSize                           
0     00017cd5  _OSTmrCfgTicksPerSec                  
0     00017cd6  _OSTmrWheelSize                       
0     00017cd7  _OSTimeTickHookEn                     
0     00017cd8  _OSVersionNbr                         
0     00017cd9  _OSTCBSize                            
0     00017cda  _OSTmrCfgMax                          
0     00017cdb  _OSTmrCfgNameEn                       
0     00017cdc  _OSTicksPerSec                        
0     00017cdd  _OSTmrEn                              
0     00017cde  _OSFlagNodeSize                       
0     00017cdf  _OSFlagWidth                          
0     00017ce0  _OSFlagEn                             
0     00017ce1  _OSFlagNameEn                         
0     00017ce2  _OSLowestPrio                         
0     00017ce3  _OSFlagGrpSize                        
0     00017ce4  _OSFlagMax                            
0     00017ce5  _OSEventMax                           
0     00017ce6  _OSEventNameEn                        
0     00017ce7  _OSDebugEn                            
0     00017ce8  _OSEventTblSize                       
0     00017ce9  _OSEventMultiEn                       
0     00017cea  _OSEventEn                            
0     00017ceb  _OSQEn                                
0     00017cec  _OSQMax                               
0     00017ced  _OSMutexEn                            
0     00017cee  _OSRdyTblSize                         
0     00017cef  _OSSemEn                              
0     00017cf0  _OSPtrSize                            
0     00017cf1  _OSQSize                              
0     00017cf2  _OSMemEn                              
0     00017cf3  _OSMemMax                             
0     00017cf4  _OSEventSize                          
0     00017cf5  _OSMemSize                            
0     00017cf6  _OSMemTblSize                         
0     00017cf7  _OSMboxEn                             
0     00017cf8  _OSMemNameEn                          
0     00017cfa  _OSEndiannessTest                     
0     00017cfc  _KalmanFilter_Unit                    
0     00017dd8  _CPU_EndiannessTest                   
0     00017dda  ___cinit__                            
0     00017dda  _cinit_runstart                       
0     00017dda  cinit                                 
0     00017f6d  _Example_Error                        
0     00017f73  _Example_Done                         
0     00017f76  _FLASH_Write                          
0     00017fd6  _FLASH_Read                           
0     00018019  _Fapi_serviceWatchdogTimer            
0     0001801b  _Fapi_setupEepromSectorEnable         
0     00018092  _Fapi_setupBankSectorEnable           
0     000180c1  _InitFlash                            
0     000180ea  _FlashOff                             
0     00080000  code_start                            
0     00088000  _text_loadstart                       
0     0008f97e  _econst_loadstart                     
0     0008fdda  _cinit_loadstart                      
0     0008ff6d  copy_sections                         
1     00000400  __stack                               
1     00000800  __STACK_END                           
1     00000b00  _AdcaResultRegs                       
1     00000b20  _AdcbResultRegs                       
1     00000b40  _AdccResultRegs                       
1     00000b60  _AdcdResultRegs                       
1     00000c00  _CpuTimer0Regs                        
1     00000c08  _CpuTimer1Regs                        
1     00000c10  _CpuTimer2Regs                        
1     00000ce0  _PieCtrlRegs                          
1     00000d00  _EmuBMode                             
1     00000d00  _PieVectTable                         
1     00000d01  _EmuBootPins                          
1     00001000  _DmaRegs                              
1     00001400  _Cla1Regs                             
1     00004000  _EPwm1Regs                            
1     00004100  _EPwm2Regs                            
1     00004200  _EPwm3Regs                            
1     00004300  _EPwm4Regs                            
1     00004400  _EPwm5Regs                            
1     00004500  _EPwm6Regs                            
1     00004600  _EPwm7Regs                            
1     00004700  _EPwm8Regs                            
1     00004800  _EPwm9Regs                            
1     00004900  _EPwm10Regs                           
1     00004a00  _EPwm11Regs                           
1     00004b00  _EPwm12Regs                           
1     00005000  _ECap1Regs                            
1     00005020  _ECap2Regs                            
1     00005040  _ECap3Regs                            
1     00005060  _ECap4Regs                            
1     00005080  _ECap5Regs                            
1     000050a0  _ECap6Regs                            
1     00005100  _EQep1Regs                            
1     00005140  _EQep2Regs                            
1     00005180  _EQep3Regs                            
1     00005c00  _DacaRegs                             
1     00005c10  _DacbRegs                             
1     00005c20  _DaccRegs                             
1     00005c80  _Cmpss1Regs                           
1     00005ca0  _Cmpss2Regs                           
1     00005cc0  _Cmpss3Regs                           
1     00005ce0  _Cmpss4Regs                           
1     00005d00  _Cmpss5Regs                           
1     00005d20  _Cmpss6Regs                           
1     00005d40  _Cmpss7Regs                           
1     00005d60  _Cmpss8Regs                           
1     00005e00  _Sdfm1Regs                            
1     00005e80  _Sdfm2Regs                            
1     00006000  _McbspaRegs                           
1     00006040  _McbspbRegs                           
1     00006100  _SpiaRegs                             
1     00006110  _SpibRegs                             
1     00006120  _SpicRegs                             
1     00006200  _UppRegs                              
1     00007000  _WdRegs                               
1     00007060  _NmiIntruptRegs                       
1     00007070  _XintRegs                             
1     00007200  _SciaRegs                             
1     00007210  _ScibRegs                             
1     00007220  _ScicRegs                             
1     00007230  _ScidRegs                             
1     00007300  _I2caRegs                             
1     00007340  _I2cbRegs                             
1     00007400  _AdcaRegs                             
1     00007480  _AdcbRegs                             
1     00007500  _AdccRegs                             
1     00007580  _AdcdRegs                             
1     00007900  _InputXbarRegs                        
1     00007920  _XbarRegs                             
1     00007940  _SyncSocRegs                          
1     00007980  _DmaClaSrcSelRegs                     
1     00007a00  _EPwmXbarRegs                         
1     00007a80  _OutputXbarRegs                       
1     00007c00  _GpioCtrlRegs                         
1     00007f00  _GpioDataRegs                         
1     0000c000  _Fly_Mode                             
1     0000c001  _Throttle_Info                        
1     0000c006  _Errangle_Info                        
1     0000c00a  _FlightControl                        
1     0000c010  _RockerControl                        
1     0000c018  _UAVThrust                            
1     0000c022  _Flight_Remote_Control                
1     0000c02e  _OriginalPosY                         
1     0000c040  _OriginalPosX                         
1     0000c050  _OriginalPitchRate                    
1     0000c060  _OriginalPosZ                         
1     0000c070  _OriginalPitch                        
1     0000c080  _Sensor_Info                          
1     0000c090  _OriginalYaw                          
1     0000c0a0  _OriginalRoll                         
1     0000c0b0  _OriginalRollRate                     
1     0000c0c0  _OriginalVelZ                         
1     0000c0d0  _OriginalFlowX                        
1     0000c0e0  _ReciveVisionData                     
1     0000c0f0  _ProcessVisionData_proc               
1     0000c100  _OriginalFlowVelY                     
1     0000c110  _OriginalAccZ                         
1     0000c120  _OriginalFlowY                        
1     0000c130  _RecivePCData                         
1     0000c140  _ProcessPCData_proc                   
1     0000c150  _OriginalVelX                         
1     0000c160  _OriginalVelY                         
1     0000c170  _ProcessReserveData_proc              
1     0000c180  _OriginalFlowVelX                     
1     0000c190  _ReciveReserveData                    
1     0000c1a0  _OriginalYawRate                      
1     0000c1c0  _Target_Info                          
1     0000c1d6  _OffsetData                           
1     0000c200  _Control_Info                         
1     0000c240  _YAxis                                
1     0000c2c0  _XAxis                                
1     0000c340  _RT_Info                              
1     0000c3c0  _ZAxis                                
1     0000c440  _PID_ParaInfo                         
1     0000c5c0  _App_TaskCombineStk                   
1     0000c7c0  _App_TaskProcessVisionDataStk         
1     0000c9c0  _App_TaskPositionStk                  
1     0000cbc0  _App_TaskIMUStk                       
1     0000cdc0  _App_TaskAttitudeStk                  
1     0000cfc0  _App_TaskBatteryStk                   
1     0000d1c0  _App_TaskLEDStk                       
1     0000d3c0  _App_TaskDataToPCStk                  
1     0000d5c0  _App_TaskProcessReserveDataStk        
1     0000d7c0  _App_TaskProcessPCDataStk             
1     0000d9c0  _App_TaskStartStk                     
1     0000dbc0  _Mem_SegHeadPtr                       
1     0000dbc2  _Mem_SegHeap                          
1     0000dc00  _Mem_Heap                             
1     0000ec00  _OSTaskCtr                            
1     0000ec01  _OSTaskRegNextAvailID                 
1     0000ec02  _OSTickStepState                      
1     0000ec03  _OSRunning                            
1     0000ec04  _OSCPUUsage                           
1     0000ec05  _OSPrioCur                            
1     0000ec06  _OSLockNesting                        
1     0000ec07  _OSRdyGrp                             
1     0000ec08  _OSStatRdy                            
1     0000ec09  _OSPrioHighRdy                        
1     0000ec0a  _OSIntNesting                         
1     0000ec0c  _OSTime                               
1     0000ec0e  _OSIdleCtr                            
1     0000ec10  _OSIdleCtrRun                         
1     0000ec12  _OSTCBFreeList                        
1     0000ec14  _OSTCBCur                             
1     0000ec16  _OSEventFreeList                      
1     0000ec18  _OSCtxSwCtr                           
1     0000ec1a  _OSIdleCtrMax                         
1     0000ec1c  _OSMemFreeList                        
1     0000ec1e  _OSQFreeList                          
1     0000ec20  _OSTCBList                            
1     0000ec22  _OSFlagFreeList                       
1     0000ec24  _OSTCBHighRdy                         
1     0000ec26  _OSRdyTbl                             
1     0000ec40  _OSFlagTbl                            
1     0000ec80  _OSQTbl                               
1     0000ecc0  _OSMemTbl                             
1     0000ed00  _OSTCBPrioTbl                         
1     0000ed80  _OSEventTbl                           
1     0000ee40  _OSTaskIdleStk                        
1     0000ef40  _OSTaskStatStk                        
1     0000f040  _OSTCBTbl                             
1     0000f460  _CpuTimer1                            
1     0000f468  _CpuTimer2                            
1     0000f470  _CpuTimer0                            
1     0000f478  ___TI_enable_exit_profile_output      
1     0000f47a  ___TI_cleanup_ptr                     
1     0000f47c  ___TI_dtors_ptr                       
1     0000f47e  __lock                                
1     0000f480  _flashData                            
1     0000f520  _DutyCycle                            
1     0000f532  _Fapi_GlobalInit                      
1     0000f53e  __unlock                              
1     0000f5c8  _q3                                   
1     0000f5ca  _q2                                   
1     0000f5cc  _integralFBx                          
1     0000f5ce  _integralFBz                          
1     0000f5d0  _integralFBy                          
1     0000f5d2  _twoKp                                
1     0000f5d4  _twoKi                                
1     0000f5d6  _q1                                   
1     0000f5d8  _q0                                   
1     0000f5e0  _FloatToHex                           
1     0000f5e6  _Math_RandSeedCur                     
1     0000f5e8  _errno                                
1     0000f640  _MPU6500_FIFO                         
1     0000f6c0  _Mag_maxx                             
1     0000f6c1  _Mag_maxy                             
1     0000f6c2  _Mag_Offset_Z                         
1     0000f6c3  _Mag_maxz                             
1     0000f6c4  _Mag_Offset_Y                         
1     0000f6c5  _Mag_calib                            
1     0000f6c6  _Mag_miny                             
1     0000f6c7  _Mag_minz                             
1     0000f6c8  _lastMz                               
1     0000f6c9  _lastMy                               
1     0000f6ca  _Wr_IndexAcc                          
1     0000f6cb  _Mag_minx                             
1     0000f6cc  _Mag_Offset_X                         
1     0000f6cd  _lastMx                               
1     0000f6ce  _Wr_IndexMag                          
1     0000f6d0  _Mag_Scale_X                          
1     0000f6d2  _Mag_Scale_Y                          
1     0000f6d4  _Mag_Scale_Z                          
1     0000f700  _LSM303_FIFO                          
1     0000f740  _Flow_Parameter                       
1     0000f74c  _Accel_Parameter                      
1     0000f758  _accel_filter_buf                     
1     0000f780  _flow_filter_buf                      
1     0000f7dc  _RDrone_R                             
1     0000f800  _HexToFloat                           
1     0000f80e  _new_offset                           
1     0000f814  _new_scales                           
1     0000f81a  _acce_sample                          
1     00047000  _Emif1Regs                            
1     00047800  _Emif2Regs                            
1     00048000  _CanaRegs                             
1     0004a000  _CanbRegs                             
1     00050000  _IpcRegs                              
1     00050024  _FlashPumpSemaphoreRegs               
1     0005d000  _DevCfgRegs                           
1     0005d180  _AnalogSubsysRegs                     
1     0005d200  _ClkCfgRegs                           
1     0005d300  _CpuSysRegs                           
1     0005e608  _RomPrefetchRegs                      
1     0005f000  _DcsmZ1Regs                           
1     0005f040  _DcsmZ2Regs                           
1     0005f070  _DcsmCommonRegs                       
1     0005f400  _MemCfgRegs                           
1     0005f480  _Emif1ConfigRegs                      
1     0005f4a0  _Emif2ConfigRegs                      
1     0005f4c0  _AccessProtectionRegs                 
1     0005f500  _MemoryErrorRegs                      
1     0005f540  _RomWaitStateRegs                     
1     0005f800  _Flash0CtrlRegs                       
1     0005fb00  _Flash0EccRegs                        
abs   00000000  _const_size                           
abs   00000000  _pinit_size                           
abs   00000000  _switch_size                          
abs   0000018b  _RamfuncsLoadSize                     
abs   0000018b  _RamfuncsRunSize                      
abs   00000193  _cinit_size                           
abs   00000400  __STACK_SIZE                          
abs   0000045c  _econst_size                          
abs   0000797d  _text_size                            
abs   00017f6d  _RamfuncsRunStart                     
abs   000180f8  _RamfuncsRunEnd                       
abs   00090000  _RamfuncsLoadStart                    
abs   0009018b  _RamfuncsLoadEnd                      
abs   ffffffff  ___TI_pprof_out_hndl                  
abs   ffffffff  ___TI_prof_data_size                  
abs   ffffffff  ___TI_prof_data_start                 
abs   ffffffff  ___binit__                            
abs   ffffffff  ___c_args__                           
abs   ffffffff  ___pinit__                            
abs   ffffffff  binit                                 
abs   ffffffff  pinit                                 

[816 symbols]
