******************************************************************************
             TMS320C2000 Linker PC v18.1.4                     
******************************************************************************
>> Linked Thu Jul  4 09:42:54 2019

OUTPUT FILE NAME:   <BirdFlight_V3.0.5.out>
ENTRY POINT SYMBOL: "_c_int00"  address: 0008a983


MEMORY CONFIGURATION

         name            origin    length      used     unused   attr    fill
----------------------  --------  ---------  --------  --------  ----  --------
PAGE 0:
  RAMM0                 00000122   000002de  00000000  000002de  RWIX
  RAMLS0                00008000   00000800  0000018b  00000675  RWIX
  RAMLS1                00008800   00000800  00000000  00000800  RWIX
  RAMLS2                00009000   00000800  00000000  00000800  RWIX
  RAMLS3                00009800   00000800  00000000  00000800  RWIX
  RAMLS4                0000a000   00000800  00000000  00000800  RWIX
  RAMD0                 0000b000   00000800  00000000  00000800  RWIX
  RAMGS14               0001a000   00001000  00000000  00001000  RWIX
  RAMGS15               0001b000   00001000  00000000  00001000  RWIX
  BEGIN                 00080000   00000002  00000002  00000000  RWIX
  FLASHA                00080002   00001ffe  00000000  00001ffe  RWIX
  FLASHB                00082000   00002000  00001ffe  00000002  RWIX
  FLASHC                00084000   00002000  00002000  00000000  RWIX
  FLASHD                00086000   00002000  00001ffe  00000002  RWIX
  FLASHE                00088000   00008000  00002e40  000051c0  RWIX
  FLASHF                00090000   00008000  00000000  00008000  RWIX
  FLASHG                00098000   00008000  00000000  00008000  RWIX
  FLASHH                000a0000   00008000  00000000  00008000  RWIX
  FLASHI                000a8000   00008000  000004ae  00007b52  RWIX
  FLASHJ                000b0000   00008000  00000000  00008000  RWIX
  FLASHK                000b8000   00002000  00000000  00002000  RWIX
  FLASHL                000ba000   00002000  00000000  00002000  RWIX
  FLASHM                000bc000   00002000  00000000  00002000  RWIX
  FLASHN                000be000   00002000  00000000  00002000  RWIX
  RESET                 003fffc0   00000002  00000000  00000002  RWIX

PAGE 1:
  BOOT_RSVD             00000002   00000120  00000000  00000120  RWIX
  RAMM1                 00000400   00000400  00000400  00000000  RWIX
  ADCA_RESULT           00000b00   00000020  00000018  00000008  RWIX
  ADCB_RESULT           00000b20   00000020  00000018  00000008  RWIX
  ADCC_RESULT           00000b40   00000020  00000018  00000008  RWIX
  ADCD_RESULT           00000b60   00000020  00000018  00000008  RWIX
  CPU_TIMER0            00000c00   00000008  00000008  00000000  RWIX
  CPU_TIMER1            00000c08   00000008  00000008  00000000  RWIX
  CPU_TIMER2            00000c10   00000008  00000008  00000000  RWIX
  PIE_CTRL              00000ce0   00000020  0000001a  00000006  RWIX
  PIE_VECT              00000d00   00000200  000001c0  00000040  RWIX
  DMA                   00001000   00000200  000000e0  00000120  RWIX
  CLA1                  00001400   00000040  0000003e  00000002  RWIX
  EPWM1                 00004000   00000100  00000100  00000000  RWIX
  EPWM2                 00004100   00000100  00000100  00000000  RWIX
  EPWM3                 00004200   00000100  00000100  00000000  RWIX
  EPWM4                 00004300   00000100  00000100  00000000  RWIX
  EPWM5                 00004400   00000100  00000100  00000000  RWIX
  EPWM6                 00004500   00000100  00000100  00000000  RWIX
  EPWM7                 00004600   00000100  00000100  00000000  RWIX
  EPWM8                 00004700   00000100  00000100  00000000  RWIX
  EPWM9                 00004800   00000100  00000100  00000000  RWIX
  EPWM10                00004900   00000100  00000100  00000000  RWIX
  EPWM11                00004a00   00000100  00000100  00000000  RWIX
  EPWM12                00004b00   00000100  00000100  00000000  RWIX
  ECAP1                 00005000   00000020  00000020  00000000  RWIX
  ECAP2                 00005020   00000020  00000020  00000000  RWIX
  ECAP3                 00005040   00000020  00000020  00000000  RWIX
  ECAP4                 00005060   00000020  00000020  00000000  RWIX
  ECAP5                 00005080   00000020  00000020  00000000  RWIX
  ECAP6                 000050a0   00000020  00000020  00000000  RWIX
  EQEP1                 00005100   00000040  00000022  0000001e  RWIX
  EQEP2                 00005140   00000040  00000022  0000001e  RWIX
  EQEP3                 00005180   00000040  00000022  0000001e  RWIX
  DACA                  00005c00   00000010  00000008  00000008  RWIX
  DACB                  00005c10   00000010  00000008  00000008  RWIX
  DACC                  00005c20   00000010  00000008  00000008  RWIX
  CMPSS1                00005c80   00000020  00000020  00000000  RWIX
  CMPSS2                00005ca0   00000020  00000020  00000000  RWIX
  CMPSS3                00005cc0   00000020  00000020  00000000  RWIX
  CMPSS4                00005ce0   00000020  00000020  00000000  RWIX
  CMPSS5                00005d00   00000020  00000020  00000000  RWIX
  CMPSS6                00005d20   00000020  00000020  00000000  RWIX
  CMPSS7                00005d40   00000020  00000020  00000000  RWIX
  CMPSS8                00005d60   00000020  00000020  00000000  RWIX
  SDFM1                 00005e00   00000080  00000080  00000000  RWIX
  SDFM2                 00005e80   00000080  00000080  00000000  RWIX
  MCBSPA                00006000   00000040  00000024  0000001c  RWIX
  MCBSPB                00006040   00000040  00000024  0000001c  RWIX
  SPIA                  00006100   00000010  00000010  00000000  RWIX
  SPIB                  00006110   00000010  00000010  00000000  RWIX
  SPIC                  00006120   00000010  00000010  00000000  RWIX
  SPID                  00006130   00000010  00000000  00000010  RWIX
  UPP                   00006200   00000100  00000048  000000b8  RWIX
  WD                    00007000   00000040  0000002b  00000015  RWIX
  NMIINTRUPT            00007060   00000010  00000007  00000009  RWIX
  XINT                  00007070   00000010  0000000b  00000005  RWIX
  SCIA                  00007200   00000010  00000010  00000000  RWIX
  SCIB                  00007210   00000010  00000010  00000000  RWIX
  SCIC                  00007220   00000010  00000010  00000000  RWIX
  SCID                  00007230   00000010  00000010  00000000  RWIX
  I2CA                  00007300   00000040  00000022  0000001e  RWIX
  I2CB                  00007340   00000040  00000022  0000001e  RWIX
  ADCA                  00007400   00000080  00000080  00000000  RWIX
  ADCB                  00007480   00000080  00000080  00000000  RWIX
  ADCC                  00007500   00000080  00000080  00000000  RWIX
  ADCD                  00007580   00000080  00000080  00000000  RWIX
  INPUT_XBAR            00007900   00000020  00000020  00000000  RWIX
  XBAR                  00007920   00000020  00000020  00000000  RWIX
  SYNC_SOC              00007940   00000010  00000006  0000000a  RWIX
  DMACLASRCSEL          00007980   00000040  0000001a  00000026  RWIX
  EPWM_XBAR             00007a00   00000040  00000040  00000000  RWIX
  CLB_XBAR              00007a40   00000040  00000000  00000040  RWIX
  OUTPUT_XBAR           00007a80   00000040  00000040  00000000  RWIX
  GPIOCTRL              00007c00   00000180  00000180  00000000  RWIX
  GPIODAT               00007f00   00000030  00000030  00000000  RWIX
  RAMLS5                0000a800   00000800  00000000  00000800  RWIX
  RAMD1                 0000b800   00000800  00000000  00000800  RWIX
  RAMGS0                0000c000   00004000  00003bfe  00000402  RWIX
  RAMGS4                00010000   00001000  00000000  00001000  RWIX
  RAMGS5                00011000   00001000  00000000  00001000  RWIX
  RAMGS6                00012000   00005000  00000000  00005000  RWIX
  RAMGS11               00017000   00001000  00000000  00001000  RWIX
  RAMGS12               00018000   00001000  00000000  00001000  RWIX
  RAMGS13               00019000   00001000  00000000  00001000  RWIX
  CPU2TOCPU1RAM         0003f800   00000400  00000000  00000400  RWIX
  CPU1TOCPU2RAM         0003fc00   00000400  00000000  00000400  RWIX
  EMIF1                 00047000   00000800  00000070  00000790  RWIX
  EMIF2                 00047800   00000800  00000070  00000790  RWIX
  CANA                  00048000   00000800  00000164  0000069c  RWIX
  CANB                  0004a000   00000800  00000164  0000069c  RWIX
  IPC                   00050000   00000024  00000024  00000000  RWIX
  FLASHPUMPSEMAPHORE    00050024   00000002  00000002  00000000  RWIX
  DEV_CFG               0005d000   00000180  0000012e  00000052  RWIX
  ANALOG_SUBSYS         0005d180   00000080  00000048  00000038  RWIX
  CLK_CFG               0005d200   00000100  00000032  000000ce  RWIX
  CPU_SYS               0005d300   00000100  00000082  0000007e  RWIX
  ROMPREFETCH           0005e608   00000002  00000002  00000000  RWIX
  DCSM_Z1               0005f000   00000030  00000024  0000000c  RWIX
  DCSM_Z2               0005f040   00000030  00000024  0000000c  RWIX
  DCSM_COMMON           0005f070   00000010  00000008  00000008  RWIX
  MEMCFG                0005f400   00000080  00000080  00000000  RWIX
  EMIF1CONFIG           0005f480   00000020  00000020  00000000  RWIX
  EMIF2CONFIG           0005f4a0   00000020  00000020  00000000  RWIX
  ACCESSPROTECTION      0005f4c0   00000040  00000040  00000000  RWIX
  MEMORYERROR           0005f500   00000040  00000040  00000000  RWIX
  ROMWAITSTATE          0005f540   00000002  00000002  00000000  RWIX
  FLASH0_CTRL           0005f800   00000300  00000182  0000017e  RWIX
  FLASH0_ECC            0005fb00   00000040  00000028  00000018  RWIX


SECTION ALLOCATION MAP

 output                                  attributes/
section   page    origin      length       input sections
--------  ----  ----------  ----------   ----------------
.cinit     0    00082000    000001c6     
                  00082000    000000bf     PositionEstimation.obj (.cinit)
                  000820bf    0000003f     LSM303D.obj (.cinit)
                  000820fe    00000033     MS5611.obj (.cinit)
                  00082131    0000002d     MahonyAHRS.obj (.cinit)
                  0008215e    00000020     ProcessPCData.obj (.cinit)
                  0008217e    0000000e     rts2800_fpu32.lib : exit.c.obj (.cinit)
                  0008218c    0000000d     Position_control.obj (.cinit)
                  00082199    0000000c     MPU6500.obj (.cinit)
                  000821a5    00000009     Attitude_control.obj (.cinit)
                  000821ae    00000005     rts2800_fpu32.lib : _lock.c.obj (.cinit:__lock)
                  000821b3    00000005                       : _lock.c.obj (.cinit:__unlock)
                  000821b8    00000004     C28x_BSP.obj (.cinit)
                  000821bc    00000004     DataToPC.obj (.cinit)
                  000821c0    00000004     rts2800_fpu32.lib : errno.c.obj (.cinit)
                  000821c4    00000002     --HOLE-- [fill = 0]

.pinit     0    00082000    00000000     UNINITIALIZED

codestart 
*          0    00080000    00000002     
                  00080000    00000002     F2837xD_CodeStartBranch.obj (codestart)

.stack     1    00000400    00000400     UNINITIALIZED
                  00000400    00000400     --HOLE--

.ebss      1    0000c000    00003bfe     UNINITIALIZED
                  0000c000    00001e40     Bird_main.obj (.ebss)
                  0000de40    00001040     lib_mem.obj (.ebss)
                  0000ee80    00000860     os_core.obj (.ebss)
                  0000f6e0    00000018     F2837xD_CpuTimers.obj (.ebss)
                  0000f6f8    00000006     rts2800_fpu32.lib : exit.c.obj (.ebss)
                  0000f6fe    00000002                       : _lock.c.obj (.ebss:__lock)
                  0000f700    000000e4     SimpleDigitalFiltering.obj (.ebss)
                  0000f7e4    00000014     C28x_BSP.obj (.ebss)
                  0000f7f8    00000004     Attitude_control.obj (.ebss)
                  0000f7fc    00000004     DataToPC.obj (.ebss)
                  0000f800    000000a8     MS5611.obj (.ebss)
                  0000f8a8    00000012     MahonyAHRS.obj (.ebss)
                  0000f8ba    00000004     Position_control.obj (.ebss)
                  0000f8be    00000002     rts2800_fpu32.lib : _lock.c.obj (.ebss:__unlock)
                  0000f8c0    0000009e     FlashAPI.obj (.ebss)
                  0000f95e    0000000c     F021_API_F2837xD_FPU32.lib : Init.obj (.ebss)
                  0000f96a    00000002     lib_math.obj (.ebss)
                  0000f96c    00000001     rts2800_fpu32.lib : errno.c.obj (.ebss)
                  0000f96d    00000013     --HOLE--
                  0000f980    00000088     PositionEstimation.obj (.ebss)
                  0000fa08    00000038     --HOLE--
                  0000fa40    00000086     MPU6500.obj (.ebss)
                  0000fac6    0000003a     --HOLE--
                  0000fb00    0000007c     LSM303D.obj (.ebss)
                  0000fb7c    00000004     --HOLE--
                  0000fb80    00000040     AHRS_Hardware.obj (.ebss)
                  0000fbc0    0000003e     ProcessPCData.obj (.ebss)

.reset     0    003fffc0    00000002     DSECT
                  003fffc0    00000002     rts2800_fpu32.lib : boot28.asm.obj (.reset)

.TI.ramfunc 
*          0    00086000    0000018b     RUN ADDR = 00008000
                  00086000    000000ac     FlashAPI.obj (.TI.ramfunc)
                  000860ac    000000a8     Fapi_UserDefinedFunctions.obj (.TI.ramfunc)
                  00086154    00000037     F2837xD_SysCtrl.obj (.TI.ramfunc)

GETBUFFER 
*          0    0003f800    00000000     DSECT

GETWRITEIDX 
*          0    0003f800    00000000     DSECT

PUTREADIDX 
*          0    0003f800    00000000     DSECT

AdcaResultFile 
*          1    00000b00    00000018     UNINITIALIZED
                  00000b00    00000018     F2837xD_GlobalVariableDefs.obj (AdcaResultFile)

AdcbResultFile 
*          1    00000b20    00000018     UNINITIALIZED
                  00000b20    00000018     F2837xD_GlobalVariableDefs.obj (AdcbResultFile)

AdccResultFile 
*          1    00000b40    00000018     UNINITIALIZED
                  00000b40    00000018     F2837xD_GlobalVariableDefs.obj (AdccResultFile)

AdcdResultFile 
*          1    00000b60    00000018     UNINITIALIZED
                  00000b60    00000018     F2837xD_GlobalVariableDefs.obj (AdcdResultFile)

CpuTimer0RegsFile 
*          1    00000c00    00000008     UNINITIALIZED
                  00000c00    00000008     F2837xD_GlobalVariableDefs.obj (CpuTimer0RegsFile)

CpuTimer1RegsFile 
*          1    00000c08    00000008     UNINITIALIZED
                  00000c08    00000008     F2837xD_GlobalVariableDefs.obj (CpuTimer1RegsFile)

CpuTimer2RegsFile 
*          1    00000c10    00000008     UNINITIALIZED
                  00000c10    00000008     F2837xD_GlobalVariableDefs.obj (CpuTimer2RegsFile)

PieCtrlRegsFile 
*          1    00000ce0    0000001a     UNINITIALIZED
                  00000ce0    0000001a     F2837xD_GlobalVariableDefs.obj (PieCtrlRegsFile)

PieVectTableFile 
*          1    00000d00    000001c0     UNINITIALIZED
                  00000d00    000001c0     F2837xD_GlobalVariableDefs.obj (PieVectTableFile)

EmuBModeVar 
*          1    00000d00    00000001     UNINITIALIZED
                  00000d00    00000001     F2837xD_GlobalVariableDefs.obj (EmuBModeVar)

EmuBootPinsVar 
*          1    00000d01    00000001     UNINITIALIZED
                  00000d01    00000001     F2837xD_GlobalVariableDefs.obj (EmuBootPinsVar)

DmaRegsFile 
*          1    00001000    000000e0     UNINITIALIZED
                  00001000    000000e0     F2837xD_GlobalVariableDefs.obj (DmaRegsFile)

Cla1RegsFile 
*          1    00001400    0000003e     UNINITIALIZED
                  00001400    0000003e     F2837xD_GlobalVariableDefs.obj (Cla1RegsFile)

EPwm1RegsFile 
*          1    00004000    00000100     UNINITIALIZED
                  00004000    00000100     F2837xD_GlobalVariableDefs.obj (EPwm1RegsFile)

EPwm2RegsFile 
*          1    00004100    00000100     UNINITIALIZED
                  00004100    00000100     F2837xD_GlobalVariableDefs.obj (EPwm2RegsFile)

EPwm3RegsFile 
*          1    00004200    00000100     UNINITIALIZED
                  00004200    00000100     F2837xD_GlobalVariableDefs.obj (EPwm3RegsFile)

EPwm4RegsFile 
*          1    00004300    00000100     UNINITIALIZED
                  00004300    00000100     F2837xD_GlobalVariableDefs.obj (EPwm4RegsFile)

EPwm5RegsFile 
*          1    00004400    00000100     UNINITIALIZED
                  00004400    00000100     F2837xD_GlobalVariableDefs.obj (EPwm5RegsFile)

EPwm6RegsFile 
*          1    00004500    00000100     UNINITIALIZED
                  00004500    00000100     F2837xD_GlobalVariableDefs.obj (EPwm6RegsFile)

EPwm7RegsFile 
*          1    00004600    00000100     UNINITIALIZED
                  00004600    00000100     F2837xD_GlobalVariableDefs.obj (EPwm7RegsFile)

EPwm8RegsFile 
*          1    00004700    00000100     UNINITIALIZED
                  00004700    00000100     F2837xD_GlobalVariableDefs.obj (EPwm8RegsFile)

EPwm9RegsFile 
*          1    00004800    00000100     UNINITIALIZED
                  00004800    00000100     F2837xD_GlobalVariableDefs.obj (EPwm9RegsFile)

EPwm10RegsFile 
*          1    00004900    00000100     UNINITIALIZED
                  00004900    00000100     F2837xD_GlobalVariableDefs.obj (EPwm10RegsFile)

EPwm11RegsFile 
*          1    00004a00    00000100     UNINITIALIZED
                  00004a00    00000100     F2837xD_GlobalVariableDefs.obj (EPwm11RegsFile)

EPwm12RegsFile 
*          1    00004b00    00000100     UNINITIALIZED
                  00004b00    00000100     F2837xD_GlobalVariableDefs.obj (EPwm12RegsFile)

ECap1RegsFile 
*          1    00005000    00000020     UNINITIALIZED
                  00005000    00000020     F2837xD_GlobalVariableDefs.obj (ECap1RegsFile)

ECap2RegsFile 
*          1    00005020    00000020     UNINITIALIZED
                  00005020    00000020     F2837xD_GlobalVariableDefs.obj (ECap2RegsFile)

ECap3RegsFile 
*          1    00005040    00000020     UNINITIALIZED
                  00005040    00000020     F2837xD_GlobalVariableDefs.obj (ECap3RegsFile)

ECap4RegsFile 
*          1    00005060    00000020     UNINITIALIZED
                  00005060    00000020     F2837xD_GlobalVariableDefs.obj (ECap4RegsFile)

ECap5RegsFile 
*          1    00005080    00000020     UNINITIALIZED
                  00005080    00000020     F2837xD_GlobalVariableDefs.obj (ECap5RegsFile)

ECap6RegsFile 
*          1    000050a0    00000020     UNINITIALIZED
                  000050a0    00000020     F2837xD_GlobalVariableDefs.obj (ECap6RegsFile)

EQep1RegsFile 
*          1    00005100    00000022     UNINITIALIZED
                  00005100    00000022     F2837xD_GlobalVariableDefs.obj (EQep1RegsFile)

EQep2RegsFile 
*          1    00005140    00000022     UNINITIALIZED
                  00005140    00000022     F2837xD_GlobalVariableDefs.obj (EQep2RegsFile)

EQep3RegsFile 
*          1    00005180    00000022     UNINITIALIZED
                  00005180    00000022     F2837xD_GlobalVariableDefs.obj (EQep3RegsFile)

DacaRegsFile 
*          1    00005c00    00000008     UNINITIALIZED
                  00005c00    00000008     F2837xD_GlobalVariableDefs.obj (DacaRegsFile)

DacbRegsFile 
*          1    00005c10    00000008     UNINITIALIZED
                  00005c10    00000008     F2837xD_GlobalVariableDefs.obj (DacbRegsFile)

DaccRegsFile 
*          1    00005c20    00000008     UNINITIALIZED
                  00005c20    00000008     F2837xD_GlobalVariableDefs.obj (DaccRegsFile)

Sdfm1RegsFile 
*          1    00005e00    00000080     UNINITIALIZED
                  00005e00    00000080     F2837xD_GlobalVariableDefs.obj (Sdfm1RegsFile)

Sdfm2RegsFile 
*          1    00005e80    00000080     UNINITIALIZED
                  00005e80    00000080     F2837xD_GlobalVariableDefs.obj (Sdfm2RegsFile)

McbspaRegsFile 
*          1    00006000    00000024     UNINITIALIZED
                  00006000    00000024     F2837xD_GlobalVariableDefs.obj (McbspaRegsFile)

McbspbRegsFile 
*          1    00006040    00000024     UNINITIALIZED
                  00006040    00000024     F2837xD_GlobalVariableDefs.obj (McbspbRegsFile)

SpiaRegsFile 
*          1    00006100    00000010     UNINITIALIZED
                  00006100    00000010     F2837xD_GlobalVariableDefs.obj (SpiaRegsFile)

SpibRegsFile 
*          1    00006110    00000010     UNINITIALIZED
                  00006110    00000010     F2837xD_GlobalVariableDefs.obj (SpibRegsFile)

SpicRegsFile 
*          1    00006120    00000010     UNINITIALIZED
                  00006120    00000010     F2837xD_GlobalVariableDefs.obj (SpicRegsFile)

UppRegsFile 
*          1    00006200    00000048     UNINITIALIZED
                  00006200    00000048     F2837xD_GlobalVariableDefs.obj (UppRegsFile)

WdRegsFile 
*          1    00007000    0000002b     UNINITIALIZED
                  00007000    0000002b     F2837xD_GlobalVariableDefs.obj (WdRegsFile)

NmiIntruptRegsFile 
*          1    00007060    00000007     UNINITIALIZED
                  00007060    00000007     F2837xD_GlobalVariableDefs.obj (NmiIntruptRegsFile)

XintRegsFile 
*          1    00007070    0000000b     UNINITIALIZED
                  00007070    0000000b     F2837xD_GlobalVariableDefs.obj (XintRegsFile)

SciaRegsFile 
*          1    00007200    00000010     UNINITIALIZED
                  00007200    00000010     F2837xD_GlobalVariableDefs.obj (SciaRegsFile)

ScibRegsFile 
*          1    00007210    00000010     UNINITIALIZED
                  00007210    00000010     F2837xD_GlobalVariableDefs.obj (ScibRegsFile)

ScicRegsFile 
*          1    00007220    00000010     UNINITIALIZED
                  00007220    00000010     F2837xD_GlobalVariableDefs.obj (ScicRegsFile)

ScidRegsFile 
*          1    00007230    00000010     UNINITIALIZED
                  00007230    00000010     F2837xD_GlobalVariableDefs.obj (ScidRegsFile)

I2caRegsFile 
*          1    00007300    00000022     UNINITIALIZED
                  00007300    00000022     F2837xD_GlobalVariableDefs.obj (I2caRegsFile)

I2cbRegsFile 
*          1    00007340    00000022     UNINITIALIZED
                  00007340    00000022     F2837xD_GlobalVariableDefs.obj (I2cbRegsFile)

AdcaRegsFile 
*          1    00007400    00000080     UNINITIALIZED
                  00007400    00000080     F2837xD_GlobalVariableDefs.obj (AdcaRegsFile)

AdcbRegsFile 
*          1    00007480    00000080     UNINITIALIZED
                  00007480    00000080     F2837xD_GlobalVariableDefs.obj (AdcbRegsFile)

AdccRegsFile 
*          1    00007500    00000080     UNINITIALIZED
                  00007500    00000080     F2837xD_GlobalVariableDefs.obj (AdccRegsFile)

AdcdRegsFile 
*          1    00007580    00000080     UNINITIALIZED
                  00007580    00000080     F2837xD_GlobalVariableDefs.obj (AdcdRegsFile)

InputXbarRegsFile 
*          1    00007900    00000020     UNINITIALIZED
                  00007900    00000020     F2837xD_GlobalVariableDefs.obj (InputXbarRegsFile)

XbarRegsFile 
*          1    00007920    00000020     UNINITIALIZED
                  00007920    00000020     F2837xD_GlobalVariableDefs.obj (XbarRegsFile)

SyncSocRegsFile 
*          1    00007940    00000006     UNINITIALIZED
                  00007940    00000006     F2837xD_GlobalVariableDefs.obj (SyncSocRegsFile)

DmaClaSrcSelRegsFile 
*          1    00007980    0000001a     UNINITIALIZED
                  00007980    0000001a     F2837xD_GlobalVariableDefs.obj (DmaClaSrcSelRegsFile)

EPwmXbarRegsFile 
*          1    00007a00    00000040     UNINITIALIZED
                  00007a00    00000040     F2837xD_GlobalVariableDefs.obj (EPwmXbarRegsFile)

OutputXbarRegsFile 
*          1    00007a80    00000040     UNINITIALIZED
                  00007a80    00000040     F2837xD_GlobalVariableDefs.obj (OutputXbarRegsFile)

GpioCtrlRegsFile 
*          1    00007c00    00000180     UNINITIALIZED
                  00007c00    00000180     F2837xD_GlobalVariableDefs.obj (GpioCtrlRegsFile)

GpioDataRegsFile 
*          1    00007f00    00000030     UNINITIALIZED
                  00007f00    00000030     F2837xD_GlobalVariableDefs.obj (GpioDataRegsFile)

Emif1RegsFile 
*          1    00047000    00000070     UNINITIALIZED
                  00047000    00000070     F2837xD_GlobalVariableDefs.obj (Emif1RegsFile)

Emif2RegsFile 
*          1    00047800    00000070     UNINITIALIZED
                  00047800    00000070     F2837xD_GlobalVariableDefs.obj (Emif2RegsFile)

CanaRegsFile 
*          1    00048000    00000164     UNINITIALIZED
                  00048000    00000164     F2837xD_GlobalVariableDefs.obj (CanaRegsFile)

CanbRegsFile 
*          1    0004a000    00000164     UNINITIALIZED
                  0004a000    00000164     F2837xD_GlobalVariableDefs.obj (CanbRegsFile)

AnalogSubsysRegsFile 
*          1    0005d180    00000048     UNINITIALIZED
                  0005d180    00000048     F2837xD_GlobalVariableDefs.obj (AnalogSubsysRegsFile)

Cla1SoftIntRegsFile 
*          1    00000ce0    00000004     DSECT
                  00000ce0    00000004     F2837xD_GlobalVariableDefs.obj (Cla1SoftIntRegsFile)

Cmpss1RegsFile 
*          1    00005c80    00000020     UNINITIALIZED
                  00005c80    00000020     F2837xD_GlobalVariableDefs.obj (Cmpss1RegsFile)

Cmpss2RegsFile 
*          1    00005ca0    00000020     UNINITIALIZED
                  00005ca0    00000020     F2837xD_GlobalVariableDefs.obj (Cmpss2RegsFile)

Cmpss3RegsFile 
*          1    00005cc0    00000020     UNINITIALIZED
                  00005cc0    00000020     F2837xD_GlobalVariableDefs.obj (Cmpss3RegsFile)

Cmpss4RegsFile 
*          1    00005ce0    00000020     UNINITIALIZED
                  00005ce0    00000020     F2837xD_GlobalVariableDefs.obj (Cmpss4RegsFile)

Cmpss5RegsFile 
*          1    00005d00    00000020     UNINITIALIZED
                  00005d00    00000020     F2837xD_GlobalVariableDefs.obj (Cmpss5RegsFile)

Cmpss6RegsFile 
*          1    00005d20    00000020     UNINITIALIZED
                  00005d20    00000020     F2837xD_GlobalVariableDefs.obj (Cmpss6RegsFile)

Cmpss7RegsFile 
*          1    00005d40    00000020     UNINITIALIZED
                  00005d40    00000020     F2837xD_GlobalVariableDefs.obj (Cmpss7RegsFile)

Cmpss8RegsFile 
*          1    00005d60    00000020     UNINITIALIZED
                  00005d60    00000020     F2837xD_GlobalVariableDefs.obj (Cmpss8RegsFile)

IpcRegsFile 
*          1    00050000    00000024     UNINITIALIZED
                  00050000    00000024     F2837xD_GlobalVariableDefs.obj (IpcRegsFile)

FlashPumpSemaphoreRegsFile 
*          1    00050024    00000002     UNINITIALIZED
                  00050024    00000002     F2837xD_GlobalVariableDefs.obj (FlashPumpSemaphoreRegsFile)

RomPrefetchRegsFile 
*          1    0005e608    00000002     UNINITIALIZED
                  0005e608    00000002     F2837xD_GlobalVariableDefs.obj (RomPrefetchRegsFile)

DcsmZ1RegsFile 
*          1    0005f000    00000024     UNINITIALIZED
                  0005f000    00000024     F2837xD_GlobalVariableDefs.obj (DcsmZ1RegsFile)

DcsmZ2RegsFile 
*          1    0005f040    00000024     UNINITIALIZED
                  0005f040    00000024     F2837xD_GlobalVariableDefs.obj (DcsmZ2RegsFile)

DcsmCommonRegsFile 
*          1    0005f070    00000008     UNINITIALIZED
                  0005f070    00000008     F2837xD_GlobalVariableDefs.obj (DcsmCommonRegsFile)

MemCfgRegsFile 
*          1    0005f400    00000080     UNINITIALIZED
                  0005f400    00000080     F2837xD_GlobalVariableDefs.obj (MemCfgRegsFile)

Emif1ConfigRegsFile 
*          1    0005f480    00000020     UNINITIALIZED
                  0005f480    00000020     F2837xD_GlobalVariableDefs.obj (Emif1ConfigRegsFile)

Emif2ConfigRegsFile 
*          1    0005f4a0    00000020     UNINITIALIZED
                  0005f4a0    00000020     F2837xD_GlobalVariableDefs.obj (Emif2ConfigRegsFile)

AccessProtectionRegsFile 
*          1    0005f4c0    00000040     UNINITIALIZED
                  0005f4c0    00000040     F2837xD_GlobalVariableDefs.obj (AccessProtectionRegsFile)

MemoryErrorRegsFile 
*          1    0005f500    00000040     UNINITIALIZED
                  0005f500    00000040     F2837xD_GlobalVariableDefs.obj (MemoryErrorRegsFile)

RomWaitStateRegsFile 
*          1    0005f540    00000002     UNINITIALIZED
                  0005f540    00000002     F2837xD_GlobalVariableDefs.obj (RomWaitStateRegsFile)

Flash0CtrlRegsFile 
*          1    0005f800    00000182     UNINITIALIZED
                  0005f800    00000182     F2837xD_GlobalVariableDefs.obj (Flash0CtrlRegsFile)

Flash0EccRegsFile 
*          1    0005fb00    00000028     UNINITIALIZED
                  0005fb00    00000028     F2837xD_GlobalVariableDefs.obj (Flash0EccRegsFile)

DevCfgRegsFile 
*          1    0005d000    0000012e     UNINITIALIZED
                  0005d000    0000012e     F2837xD_GlobalVariableDefs.obj (DevCfgRegsFile)

ClkCfgRegsFile 
*          1    0005d200    00000032     UNINITIALIZED
                  0005d200    00000032     F2837xD_GlobalVariableDefs.obj (ClkCfgRegsFile)

CpuSysRegsFile 
*          1    0005d300    00000082     UNINITIALIZED
                  0005d300    00000082     F2837xD_GlobalVariableDefs.obj (CpuSysRegsFile)

.text.1    0    000821c8    00001e38     
                  000821c8    00000944     PositionEstimation.obj (.text)
                  00082b0c    000007a2     os_core.obj (.text)
                  000832ae    000006e4     ProcessPCData.obj (.text)
                  00083992    000005f2     Attitude_control.obj (.text)
                  00083f84    0000007c     F2837xD_CpuTimers.obj (.text)

.text.2    0    00084000    00002000     
                  00084000    000005d0     Position_control.obj (.text)
                  000845d0    000005c2     os_task.obj (.text)
                  00084b92    000005bc     MahonyAHRS.obj (.text)
                  0008514e    0000057b     F2837xD_DefaultISR.obj (.text:retain)
                  000856c9    000004f4     os_flag.obj (.text)
                  00085bbd    0000043e     DataToPC.obj (.text)
                  00085ffb    00000004     F2837xD_usDelay.obj (.text)
                  00085fff    00000001     rts2800_fpu32.lib : startup.c.obj (.text)

.text.3    0    0008618c    00001e73     
                  0008618c    000004ef     Bird_main.obj (.text)
                  0008667b    000004bf     FlashAPI.obj (.text)
                  00086b3a    00000493     F2837xD_SysCtrl.obj (.text)
                  00086fcd    0000044a     ProcessVisionData.obj (.text)
                  00087417    0000041e     AHRS_Hardware.obj (.text)
                  00087835    000003fa     os_q.obj (.text)
                  00087c2f    000003ca     Calibrate.obj (.text)
                  00087ff9    00000006     F021_API_F2837xD_FPU32.lib : FlashStateMachine.obj (.text:_Fapi_getFsmStatus)

.text.4    0    00088000    00002e40     
                  00088000    00000381     rts2800_fpu32.lib : e_powf.c.obj (.text)
                  00088381    000002a0     MS5611.obj (.text)
                  00088621    0000028d     C28x_BSP.obj (.text)
                  000888ae    00000259     F021_API_F2837xD_FPU32.lib : FlashStateMachine.obj (.text:__Fapi_setupFlashStateMachine)
                  00088b07    00000244     F2837xD_Gpio.obj (.text)
                  00088d4b    00000220     os_sem.obj (.text)
                  00088f6b    00000210     SimpleDigitalFiltering.obj (.text)
                  0008917b    00000201     LSM303D.obj (.text)
                  0008937c    000001f1     PID_Control.obj (.text)
                  0008956d    0000019d     F021_API_F2837xD_FPU32.lib : Program.obj (.text:_Fapi_issueProgrammingCommand)
                  0008970a    00000194     os_mem.obj (.text)
                  0008989e    0000015b     I2C.obj (.text)
                  000899f9    00000142     C28x_BSP.obj (.text:retain)
                  00089b3b    0000013f     os_cpu_c.obj (.text)
                  00089c7a    0000010e     MPU6500.obj (.text)
                  00089d88    0000010d     os_time.obj (.text)
                  00089e95    000000fd     F2837xD_EPwm.obj (.text)
                  00089f92    000000f1     rts2800_fpu32.lib : e_asinf.c.obj (.text)
                  0008a083    000000d9     F2837xD_Adc.obj (.text)
                  0008a15c    000000d4     rts2800_fpu32.lib : e_atan2f.c.obj (.text)
                  0008a230    000000ca                       : s_atanf.c.obj (.text)
                  0008a2fa    000000ad     F021_API_F2837xD_FPU32.lib : Read.obj (.text:_Fapi_doMarginRead)
                  0008a3a7    000000a4     os_cpu_a.obj (.text)
                  0008a44b    0000009c     rts2800_fpu32.lib : fd_add28.asm.obj (.text)
                  0008a4e7    00000001     --HOLE-- [fill = 0]
                  0008a4e8    00000092                       : e_sqrt.c.obj (.text)
                  0008a57a    0000008d     os_dbg.obj (.text)
                  0008a607    00000088     F021_API_F2837xD_FPU32.lib : Read.obj (.text:__Fapi_loopRegionForValue)
                  0008a68f    00000088     rts2800_fpu32.lib : fs_div28.asm.obj (.text)
                  0008a717    00000083                       : fd_mpy28.asm.obj (.text)
                  0008a79a    00000072     F2837xD_ECap.obj (.text)
                  0008a80c    00000061     rts2800_fpu32.lib : s_cosf.c.obj (.text)
                  0008a86d    0000005f                       : s_tanf.c.obj (.text)
                  0008a8cc    0000005d     F2837xD_Spi.obj (.text)
                  0008a929    0000005a     rts2800_fpu32.lib : s_scalbnf.c.obj (.text)
                  0008a983    00000056                       : boot28.asm.obj (.text)
                  0008a9d9    00000042     F021_API_F2837xD_FPU32.lib : BlankCheck.obj (.text:_Fapi_doBlankCheck)
                  0008aa1b    00000034                                : Init.obj (.text:_Fapi_initializeAPI)
                  0008aa4f    0000002e                                : Utilities.obj (.text:_Fapi_calculateFletcherChecksum)
                  0008aa7d    0000002d                                : FlashStateMachine.obj (.text:__Fapi_issueFsmCommand)
                  0008aaaa    0000002c                                : Utilities.obj (.text:__Fapi_divideUnsignedLong)
                  0008aad6    0000002a     rts2800_fpu32.lib : fd_cmp28.asm.obj (.text)
                  0008ab00    0000002a                       : l_div28.asm.obj (.text)
                  0008ab2a    00000029                       : exit.c.obj (.text)
                  0008ab53    00000028     F2837xD_PieCtrl.obj (.text)
                  0008ab7b    00000026     F2837xD_PieVect.obj (.text)
                  0008aba1    00000001     --HOLE-- [fill = 0]
                  0008aba2    00000026     rts2800_fpu32.lib : e_sqrtf.c.obj (.text)
                  0008abc8    00000025     F021_API_F2837xD_FPU32.lib : FlashStateMachine.obj (.text:_Fapi_setActiveFlashBank)
                  0008abed    00000024     rts2800_fpu32.lib : cpy_tbl.c.obj (.text)
                  0008ac11    00000023                       : fd_tofsfpu32.asm.obj (.text)
                  0008ac34    00000022     F021_API_F2837xD_FPU32.lib : FlashStateMachine.obj (.text:_Fapi_isAddressEcc)
                  0008ac56    00000022                                : FlashStateMachine.obj (.text:__Fapi_setupSectorsForWrite)
                  0008ac78    00000022     rts2800_fpu32.lib : i_div28.asm.obj (.text)
                  0008ac9a    00000020     F021_API_F2837xD_FPU32.lib : Async.obj (.text:_Fapi_issueAsyncCommandWithAddress)
                  0008acba    00000020     rts2800_fpu32.lib : ll_tofsfpu32.asm.obj (.text)
                  0008acda    0000001f     ADC_Battery.obj (.text)
                  0008acf9    0000001f     cpu_a.obj (.text)
                  0008ad18    0000001e     rts2800_fpu32.lib : ll_cmp28.asm.obj (.text)
                  0008ad36    0000001d                       : memcpy.c.obj (.text)
                  0008ad53    0000001c                       : fs_tofdfpu32.asm.obj (.text)
                  0008ad6f    0000001a     F021_API_F2837xD_FPU32.lib : Utilities.obj (.text:_Fapi_waitDelay)
                  0008ad89    00000019     rts2800_fpu32.lib : args_main.c.obj (.text)
                  0008ada2    00000016     F021_API_F2837xD_FPU32.lib : Read.obj (.text:_Fapi_flushPipeline)
                  0008adb8    00000014     rts2800_fpu32.lib : ll_mpy28.asm.obj (.text)
                  0008adcc    00000012     C28x_CPU.obj (.text)
                  0008adde    00000012     rts2800_fpu32.lib : s_copysignf.c.obj (.text)
                  0008adf0    0000000e                       : fd_sub28.asm.obj (.text)
                  0008adfe    0000000d     F021_API_F2837xD_FPU32.lib : Utilities.obj (.text:__Fapi_scaleCycleValues)
                  0008ae0b    0000000b                                : Utilities.obj (.text:__Fapi_calculateOtpChecksum)
                  0008ae16    0000000b     rts2800_fpu32.lib : u_div28.asm.obj (.text)
                  0008ae21    0000000a     US100.obj (.text)
                  0008ae2b    0000000a     F021_API_F2837xD_FPU32.lib : FlashStateMachine.obj (.text:_Fapi_checkFsmForReady)
                  0008ae35    00000009     rts2800_fpu32.lib : _lock.c.obj (.text)
                  0008ae3e    00000002                       : pre_init.c.obj (.text)

.econst    0    000a8000    000004ae     
                  000a8000    000001c0     F2837xD_PieVect.obj (.econst:_PieVectTableInit)
                  000a81c0    00000100     os_core.obj (.econst:.string:_OSUnMapTbl)
                  000a82c0    00000048     Calibrate.obj (.econst:_$P$T4$5)
                  000a8308    0000003b     lib_mem.obj (.econst:.string)
                  000a8343    00000001     --HOLE-- [fill = 0]
                  000a8344    0000003a     os_dbg.obj (.econst)
                  000a837e    00000038     PositionEstimation.obj (.econst:_KalmanFilter_Unit)
                  000a83b6    00000032     rts2800_fpu32.lib : e_powf.c.obj (.econst)
                  000a83e8    0000001e     os_core.obj (.econst:.string)
                  000a8406    00000014     rts2800_fpu32.lib : e_asinf.c.obj (.econst)
                  000a841a    0000000c     Calibrate.obj (.econst:_$P$T1$2)
                  000a8426    0000000c     Calibrate.obj (.econst:_$P$T2$3)
                  000a8432    0000000c     Calibrate.obj (.econst:_$P$T3$4)
                  000a843e    0000000c     rts2800_fpu32.lib : e_atan2f.c.obj (.econst)
                  000a844a    0000000c                       : e_sqrt.c.obj (.econst)
                  000a8456    0000000a                       : s_atanf.c.obj (.econst:_aT)
                  000a8460    00000008                       : s_atanf.c.obj (.econst:_atanhi)
                  000a8468    00000008                       : s_atanf.c.obj (.econst:_atanlo)
                  000a8470    00000006     PositionEstimation.obj (.econst:_$P$T0$13)
                  000a8476    00000006     Calibrate.obj (.econst:_$P$T0$1)
                  000a847c    00000006     PositionEstimation.obj (.econst:_$P$T1$14)
                  000a8482    00000006     PositionEstimation.obj (.econst:_$P$T2$49)
                  000a8488    00000006     rts2800_fpu32.lib : s_scalbnf.c.obj (.econst)
                  000a848e    00000004                       : e_powf.c.obj (.econst:_bp)
                  000a8492    00000004                       : e_powf.c.obj (.econst:_dp_h)
                  000a8496    00000004                       : e_powf.c.obj (.econst:_dp_l)
                  000a849a    00000004                       : s_atanf.c.obj (.econst)
                  000a849e    00000002     os_flag.obj (.econst:.string)
                  000a84a0    00000002     os_mbox.obj (.econst:.string)
                  000a84a2    00000002     os_mem.obj (.econst:.string)
                  000a84a4    00000002     os_mutex.obj (.econst:.string)
                  000a84a6    00000002     os_q.obj (.econst:.string)
                  000a84a8    00000002     os_sem.obj (.econst:.string)
                  000a84aa    00000002     os_task.obj (.econst:.string)
                  000a84ac    00000002     cpu_core.obj (.econst)

MODULE SUMMARY

       Module                           code    initialized data   uninitialized data
       ------                           ----    ----------------   ------------------
    .\
       Bird_main.obj                    1263    0                  7744              
    +--+--------------------------------+-------+------------------+--------------------+
       Total:                           1263    0                  7744              
                                                                                     
    .\AlgorithmLibrary\
       PositionEstimation.obj           2372    265                136               
       MahonyAHRS.obj                   1468    45                 18                
       Calibrate.obj                    970     114                0                 
       SimpleDigitalFiltering.obj       528     0                  228               
    +--+--------------------------------+-------+------------------+--------------------+
       Total:                           5338    424                382               
                                                                                     
    .\Control\
       Attitude_control.obj             1522    9                  4                 
       Position_control.obj             1488    13                 4                 
       PID_Control.obj                  497     0                  0                 
    +--+--------------------------------+-------+------------------+--------------------+
       Total:                           3507    22                 8                 
                                                                                     
    .\Driver\source\
       F2837xD_GlobalVariableDefs.obj   0       0                  8695              
       F2837xD_DefaultISR.obj           1403    0                  0                 
       F2837xD_SysCtrl.obj              1281    0                  0                 
       F2837xD_Gpio.obj                 580     0                  0                 
       F2837xD_PieVect.obj              38      448                0                 
       F2837xD_EPwm.obj                 253     0                  0                 
       F2837xD_Adc.obj                  217     0                  0                 
       F2837xD_CpuTimers.obj            124     0                  24                
       F2837xD_ECap.obj                 114     0                  0                 
       F2837xD_Spi.obj                  93      0                  0                 
       F2837xD_PieCtrl.obj              40      0                  0                 
       F2837xD_usDelay.obj              4       0                  0                 
       F2837xD_CodeStartBranch.obj      2       0                  0                 
    +--+--------------------------------+-------+------------------+--------------------+
       Total:                           4149    448                8719              
                                                                                     
    .\FLASH_API\
       FlashAPI.obj                     1559    0                  158               
       Fapi_UserDefinedFunctions.obj    336     0                  0                 
    +--+--------------------------------+-------+------------------+--------------------+
       Total:                           1895    0                  158               
                                                                                     
    .\HardWare\
       C28x_BSP.obj                     975     4                  20                
       C28x_CPU.obj                     18      0                  0                 
    +--+--------------------------------+-------+------------------+--------------------+
       Total:                           993     4                  20                
                                                                                     
    .\Parameter\
       ProcessPCData.obj                1764    32                 62                
       ProcessVisionData.obj            1098    0                  0                 
       DataToPC.obj                     1086    4                  4                 
    +--+--------------------------------+-------+------------------+--------------------+
       Total:                           3948    36                 66                
                                                                                     
    .\Sensor\
       AHRS_Hardware.obj                1054    0                  64                
       MS5611.obj                       672     51                 168               
       LSM303D.obj                      513     63                 124               
       MPU6500.obj                      270     12                 134               
       I2C.obj                          347     0                  0                 
       ADC_Battery.obj                  31      0                  0                 
       US100.obj                        10      0                  0                 
    +--+--------------------------------+-------+------------------+--------------------+
       Total:                           2897    126                490               
                                                                                     
    .\uC-CPU\
       cpu_core.obj                     0       2                  0                 
    +--+--------------------------------+-------+------------------+--------------------+
       Total:                           0       2                  0                 
                                                                                     
    .\uC-CPU\C28x\CCS\
       cpu_a.obj                        31      0                  0                 
    +--+--------------------------------+-------+------------------+--------------------+
       Total:                           31      0                  0                 
                                                                                     
    .\uC-LIB\
       lib_mem.obj                      0       59                 4160              
       lib_math.obj                     0       0                  2                 
    +--+--------------------------------+-------+------------------+--------------------+
       Total:                           0       59                 4162              
                                                                                     
    .\uCOS-II\Ports\C28x\Generic\CCS\
       os_cpu_c.obj                     319     0                  0                 
       os_dbg.obj                       141     58                 0                 
       os_cpu_a.obj                     164     0                  0                 
    +--+--------------------------------+-------+------------------+--------------------+
       Total:                           624     58                 0                 
                                                                                     
    .\uCOS-II\Source\
       os_core.obj                      1954    286                2144              
       os_task.obj                      1474    2                  0                 
       os_flag.obj                      1268    2                  0                 
       os_q.obj                         1018    2                  0                 
       os_sem.obj                       544     2                  0                 
       os_mem.obj                       404     2                  0                 
       os_time.obj                      269     0                  0                 
       os_mbox.obj                      0       2                  0                 
       os_mutex.obj                     0       2                  0                 
    +--+--------------------------------+-------+------------------+--------------------+
       Total:                           6931    300                2144              
                                                                                     
    ../FLASH_API/src/F021_API_F2837xD_FPU32.lib
       FlashStateMachine.obj            767     0                  0                 
       Program.obj                      413     0                  0                 
       Read.obj                         331     0                  0                 
       Utilities.obj                    140     0                  0                 
       BlankCheck.obj                   66      0                  0                 
       Init.obj                         52      0                  12                
       Async.obj                        32      0                  0                 
    +--+--------------------------------+-------+------------------+--------------------+
       Total:                           1801    0                  12                
                                                                                     
    F:\ti\ccsv8\tools\compiler\ti-cgt-c2000_18.1.4.LTS\lib\rts2800_fpu32.lib
       e_powf.c.obj                     897     62                 0                 
       e_asinf.c.obj                    241     20                 0                 
       s_atanf.c.obj                    202     30                 0                 
       e_atan2f.c.obj                   212     12                 0                 
       e_sqrt.c.obj                     146     12                 0                 
       fd_add28.asm.obj                 156     0                  0                 
       fs_div28.asm.obj                 136     0                  0                 
       fd_mpy28.asm.obj                 131     0                  0                 
       s_cosf.c.obj                     97      0                  0                 
       s_scalbnf.c.obj                  90      6                  0                 
       s_tanf.c.obj                     95      0                  0                 
       boot28.asm.obj                   86      0                  0                 
       exit.c.obj                       41      14                 6                 
       fd_cmp28.asm.obj                 42      0                  0                 
       l_div28.asm.obj                  42      0                  0                 
       e_sqrtf.c.obj                    38      0                  0                 
       cpy_tbl.c.obj                    36      0                  0                 
       fd_tofsfpu32.asm.obj             35      0                  0                 
       i_div28.asm.obj                  34      0                  0                 
       ll_tofsfpu32.asm.obj             32      0                  0                 
       ll_cmp28.asm.obj                 30      0                  0                 
       memcpy.c.obj                     29      0                  0                 
       fs_tofdfpu32.asm.obj             28      0                  0                 
       args_main.c.obj                  25      0                  0                 
       _lock.c.obj                      9       10                 4                 
       ll_mpy28.asm.obj                 20      0                  0                 
       s_copysignf.c.obj                18      0                  0                 
       fd_sub28.asm.obj                 14      0                  0                 
       u_div28.asm.obj                  11      0                  0                 
       errno.c.obj                      0       4                  1                 
       pre_init.c.obj                   2       0                  0                 
       startup.c.obj                    1       0                  0                 
    +--+--------------------------------+-------+------------------+--------------------+
       Total:                           2976    170                11                
                                                                                     
       Stack:                           0       0                  1024              
    +--+--------------------------------+-------+------------------+--------------------+
       Grand Total:                     36353   1649               24940             


GLOBAL DATA SYMBOLS: SORTED BY DATA PAGE

address     data page           name
--------    ----------------    ----
00000400      10 (00000400)     __stack

00000b00      2c (00000b00)     _AdcaResultRegs
00000b20      2c (00000b00)     _AdcbResultRegs

00000b40      2d (00000b40)     _AdccResultRegs
00000b60      2d (00000b40)     _AdcdResultRegs

00000c00      30 (00000c00)     _CpuTimer0Regs
00000c08      30 (00000c00)     _CpuTimer1Regs
00000c10      30 (00000c00)     _CpuTimer2Regs

00000ce0      33 (00000cc0)     _Cla1SoftIntRegs
00000ce0      33 (00000cc0)     _PieCtrlRegs

00000d00      34 (00000d00)     _EmuBMode
00000d00      34 (00000d00)     _PieVectTable
00000d01      34 (00000d00)     _EmuBootPins

00001000      40 (00001000)     _DmaRegs

00001400      50 (00001400)     _Cla1Regs

00004000     100 (00004000)     _EPwm1Regs

00004100     104 (00004100)     _EPwm2Regs

00004200     108 (00004200)     _EPwm3Regs

00004300     10c (00004300)     _EPwm4Regs

00004400     110 (00004400)     _EPwm5Regs

00004500     114 (00004500)     _EPwm6Regs

00004600     118 (00004600)     _EPwm7Regs

00004700     11c (00004700)     _EPwm8Regs

00004800     120 (00004800)     _EPwm9Regs

00004900     124 (00004900)     _EPwm10Regs

00004a00     128 (00004a00)     _EPwm11Regs

00004b00     12c (00004b00)     _EPwm12Regs

00005000     140 (00005000)     _ECap1Regs
00005020     140 (00005000)     _ECap2Regs

00005040     141 (00005040)     _ECap3Regs
00005060     141 (00005040)     _ECap4Regs

00005080     142 (00005080)     _ECap5Regs
000050a0     142 (00005080)     _ECap6Regs

00005100     144 (00005100)     _EQep1Regs

00005140     145 (00005140)     _EQep2Regs

00005180     146 (00005180)     _EQep3Regs

00005c00     170 (00005c00)     _DacaRegs
00005c10     170 (00005c00)     _DacbRegs
00005c20     170 (00005c00)     _DaccRegs

00005c80     172 (00005c80)     _Cmpss1Regs
00005ca0     172 (00005c80)     _Cmpss2Regs

00005cc0     173 (00005cc0)     _Cmpss3Regs
00005ce0     173 (00005cc0)     _Cmpss4Regs

00005d00     174 (00005d00)     _Cmpss5Regs
00005d20     174 (00005d00)     _Cmpss6Regs

00005d40     175 (00005d40)     _Cmpss7Regs
00005d60     175 (00005d40)     _Cmpss8Regs

00005e00     178 (00005e00)     _Sdfm1Regs

00005e80     17a (00005e80)     _Sdfm2Regs

00006000     180 (00006000)     _McbspaRegs

00006040     181 (00006040)     _McbspbRegs

00006100     184 (00006100)     _SpiaRegs
00006110     184 (00006100)     _SpibRegs
00006120     184 (00006100)     _SpicRegs

00006200     188 (00006200)     _UppRegs

00007000     1c0 (00007000)     _WdRegs

00007060     1c1 (00007040)     _NmiIntruptRegs
00007070     1c1 (00007040)     _XintRegs

00007200     1c8 (00007200)     _SciaRegs
00007210     1c8 (00007200)     _ScibRegs
00007220     1c8 (00007200)     _ScicRegs
00007230     1c8 (00007200)     _ScidRegs

00007300     1cc (00007300)     _I2caRegs

00007340     1cd (00007340)     _I2cbRegs

00007400     1d0 (00007400)     _AdcaRegs

00007480     1d2 (00007480)     _AdcbRegs

00007500     1d4 (00007500)     _AdccRegs

00007580     1d6 (00007580)     _AdcdRegs

00007900     1e4 (00007900)     _InputXbarRegs
00007920     1e4 (00007900)     _XbarRegs

00007940     1e5 (00007940)     _SyncSocRegs

00007980     1e6 (00007980)     _DmaClaSrcSelRegs

00007a00     1e8 (00007a00)     _EPwmXbarRegs

00007a80     1ea (00007a80)     _OutputXbarRegs

00007c00     1f0 (00007c00)     _GpioCtrlRegs

00007f00     1fc (00007f00)     _GpioDataRegs

0000c000     300 (0000c000)     _Fly_Mode
0000c001     300 (0000c000)     _ReciveUltrasonic
0000c004     300 (0000c000)     _Errangle_Info
0000c008     300 (0000c000)     _Throttle_Info
0000c00c     300 (0000c000)     _FlightControl
0000c012     300 (0000c000)     _RockerControl
0000c01a     300 (0000c000)     _UAVThrust
0000c024     300 (0000c000)     _Flight_Remote_Control
0000c02f     300 (0000c000)     _RecivePCData

0000c040     301 (0000c040)     _ProcessPCData_proc
0000c050     301 (0000c040)     _ReciveReserveData
0000c060     301 (0000c040)     _ReciveVisionData
0000c070     301 (0000c040)     _ProcessUltrasonic_proc

0000c080     302 (0000c080)     _ProcessVisionData_proc
0000c090     302 (0000c080)     _OriginalPosZ
0000c0a0     302 (0000c080)     _OriginalPosY
0000c0b0     302 (0000c080)     _OriginalRollRate

0000c0c0     303 (0000c0c0)     _OriginalPitchRate
0000c0d0     303 (0000c0c0)     _OriginalRoll
0000c0e0     303 (0000c0c0)     _OriginalPitch
0000c0f0     303 (0000c0c0)     _OriginalPosX

0000c100     304 (0000c100)     _OriginalYaw
0000c110     304 (0000c100)     _OriginalFlowY
0000c120     304 (0000c100)     _OriginalFlowX
0000c130     304 (0000c100)     _OriginalFlowVelY

0000c140     305 (0000c140)     _OriginalFlowVelX
0000c150     305 (0000c140)     _OriginalVelX
0000c160     305 (0000c140)     _OriginalYawRate
0000c170     305 (0000c140)     _OriginalVelZ

0000c180     306 (0000c180)     _OriginalVelY
0000c190     306 (0000c180)     _OriginalAccZ
0000c1a0     306 (0000c180)     _OffsetData

0000c1c0     307 (0000c1c0)     _Sensor_Info
0000c1d8     307 (0000c1c0)     _Target_Info

0000c200     308 (0000c200)     _Control_Info

0000c240     309 (0000c240)     _YAxis

0000c2c0     30b (0000c2c0)     _XAxis

0000c340     30d (0000c340)     _Barometer

0000c3c0     30f (0000c3c0)     _ZAxis

0000c440     311 (0000c440)     _RT_Info

0000c4c0     313 (0000c4c0)     _PID_ParaInfo

0000c640     319 (0000c640)     _App_TaskCombineStk

0000c840     321 (0000c840)     _App_TaskProcessVisionDataStk

0000ca40     329 (0000ca40)     _App_TaskPositionStk

0000cc40     331 (0000cc40)     _App_TaskIMUStk

0000ce40     339 (0000ce40)     _App_TaskAttitudeStk

0000d040     341 (0000d040)     _App_TaskStartStk

0000d240     349 (0000d240)     _App_TaskLEDStk

0000d440     351 (0000d440)     _App_TaskUltraStk

0000d640     359 (0000d640)     _App_TaskBatteryStk

0000d840     361 (0000d840)     _App_TaskProcessPCDataStk

0000da40     369 (0000da40)     _App_TaskDataToPCStk

0000dc40     371 (0000dc40)     _App_TaskMS5611Stk

0000de40     379 (0000de40)     _Mem_SegHeadPtr
0000de42     379 (0000de40)     _Mem_SegHeap

0000de80     37a (0000de80)     _Mem_Heap

0000ee80     3ba (0000ee80)     _OSTaskCtr
0000ee81     3ba (0000ee80)     _OSTaskRegNextAvailID
0000ee82     3ba (0000ee80)     _OSTickStepState
0000ee83     3ba (0000ee80)     _OSRunning
0000ee84     3ba (0000ee80)     _OSCPUUsage
0000ee85     3ba (0000ee80)     _OSPrioCur
0000ee86     3ba (0000ee80)     _OSLockNesting
0000ee87     3ba (0000ee80)     _OSRdyGrp
0000ee88     3ba (0000ee80)     _OSStatRdy
0000ee89     3ba (0000ee80)     _OSPrioHighRdy
0000ee8a     3ba (0000ee80)     _OSIntNesting
0000ee8c     3ba (0000ee80)     _OSTime
0000ee8e     3ba (0000ee80)     _OSIdleCtr
0000ee90     3ba (0000ee80)     _OSIdleCtrRun
0000ee92     3ba (0000ee80)     _OSTCBFreeList
0000ee94     3ba (0000ee80)     _OSTCBCur
0000ee96     3ba (0000ee80)     _OSEventFreeList
0000ee98     3ba (0000ee80)     _OSCtxSwCtr
0000ee9a     3ba (0000ee80)     _OSIdleCtrMax
0000ee9c     3ba (0000ee80)     _OSMemFreeList
0000ee9e     3ba (0000ee80)     _OSQFreeList
0000eea0     3ba (0000ee80)     _OSTCBList
0000eea2     3ba (0000ee80)     _OSFlagFreeList
0000eea4     3ba (0000ee80)     _OSTCBHighRdy
0000eea6     3ba (0000ee80)     _OSRdyTbl

0000eec0     3bb (0000eec0)     _OSFlagTbl

0000ef00     3bc (0000ef00)     _OSQTbl

0000ef40     3bd (0000ef40)     _OSMemTbl

0000ef80     3be (0000ef80)     _OSTCBPrioTbl

0000f000     3c0 (0000f000)     _OSEventTbl

0000f0c0     3c3 (0000f0c0)     _OSTaskIdleStk

0000f1c0     3c7 (0000f1c0)     _OSTaskStatStk

0000f2c0     3cb (0000f2c0)     _OSTCBTbl

0000f6e0     3db (0000f6c0)     _CpuTimer1
0000f6e8     3db (0000f6c0)     _CpuTimer2
0000f6f0     3db (0000f6c0)     _CpuTimer0
0000f6f8     3db (0000f6c0)     ___TI_enable_exit_profile_output
0000f6fa     3db (0000f6c0)     ___TI_cleanup_ptr
0000f6fc     3db (0000f6c0)     ___TI_dtors_ptr
0000f6fe     3db (0000f6c0)     __lock

0000f700     3dc (0000f700)     _Flow_Parameter
0000f70c     3dc (0000f700)     _Gyro_Parameter
0000f718     3dc (0000f700)     _Accel_Parameter

0000f740     3dd (0000f740)     _gyro_filter_buf

0000f780     3de (0000f780)     _flow_filter_buf

0000f7c0     3df (0000f7c0)     _accel_filter_buf
0000f7e4     3df (0000f7c0)     _CH_State
0000f7e6     3df (0000f7c0)     _Receive_PPM_In
0000f7fe     3df (0000f7c0)     _FloatToHex

0000f800     3e0 (0000f800)     _Baro_ALT_Updated
0000f801     3e0 (0000f800)     _paOffsetInited
0000f803     3e0 (0000f800)     _paInitCnt
0000f806     3e0 (0000f800)     _MS5611_Altitude
0000f80a     3e0 (0000f800)     _MS5611_Pressure
0000f810     3e0 (0000f800)     _MS5611_Temperature
0000f812     3e0 (0000f800)     _MS5611_VerticalSpeed
0000f814     3e0 (0000f800)     _paOffsetNum
0000f81c     3e0 (0000f800)     _MS5611_DELAY_US

0000f8a8     3e2 (0000f880)     _q3
0000f8aa     3e2 (0000f880)     _q2
0000f8ac     3e2 (0000f880)     _integralFBx
0000f8ae     3e2 (0000f880)     _integralFBz
0000f8b0     3e2 (0000f880)     _integralFBy
0000f8b2     3e2 (0000f880)     _twoKp
0000f8b4     3e2 (0000f880)     _twoKi
0000f8b6     3e2 (0000f880)     _q1
0000f8b8     3e2 (0000f880)     _q0
0000f8be     3e2 (0000f880)     __unlock

0000f8c0     3e3 (0000f8c0)     _flashData

0000f95e     3e5 (0000f940)     _Fapi_GlobalInit
0000f96a     3e5 (0000f940)     _Math_RandSeedCur
0000f96c     3e5 (0000f940)     _errno

0000fa80     3ea (0000fa80)     _MPU6500_FIFO

0000fb00     3ec (0000fb00)     _Mag_maxx
0000fb01     3ec (0000fb00)     _Mag_maxy
0000fb02     3ec (0000fb00)     _Mag_Offset_Z
0000fb03     3ec (0000fb00)     _Mag_maxz
0000fb04     3ec (0000fb00)     _Mag_Offset_Y
0000fb05     3ec (0000fb00)     _Mag_calib
0000fb06     3ec (0000fb00)     _Mag_miny
0000fb07     3ec (0000fb00)     _Mag_minz
0000fb08     3ec (0000fb00)     _lastMz
0000fb09     3ec (0000fb00)     _lastMy
0000fb0a     3ec (0000fb00)     _Wr_IndexAcc
0000fb0b     3ec (0000fb00)     _Mag_minx
0000fb0c     3ec (0000fb00)     _Mag_Offset_X
0000fb0d     3ec (0000fb00)     _lastMx
0000fb0e     3ec (0000fb00)     _Wr_IndexMag
0000fb10     3ec (0000fb00)     _Mag_Scale_X
0000fb12     3ec (0000fb00)     _Mag_Scale_Y
0000fb14     3ec (0000fb00)     _Mag_Scale_Z

0000fb40     3ed (0000fb40)     _LSM303_FIFO

0000fb9c     3ee (0000fb80)     _RDrone_R

0000fbc0     3ef (0000fbc0)     _HexToFloat
0000fbce     3ef (0000fbc0)     _new_offset
0000fbd4     3ef (0000fbc0)     _new_scales
0000fbda     3ef (0000fbc0)     _acce_sample

00047000    11c0 (00047000)     _Emif1Regs

00047800    11e0 (00047800)     _Emif2Regs

00048000    1200 (00048000)     _CanaRegs

0004a000    1280 (0004a000)     _CanbRegs

00050000    1400 (00050000)     _IpcRegs
00050024    1400 (00050000)     _FlashPumpSemaphoreRegs

0005d000    1740 (0005d000)     _DevCfgRegs

0005d180    1746 (0005d180)     _AnalogSubsysRegs

0005d200    1748 (0005d200)     _ClkCfgRegs

0005d300    174c (0005d300)     _CpuSysRegs

0005e608    1798 (0005e600)     _RomPrefetchRegs

0005f000    17c0 (0005f000)     _DcsmZ1Regs

0005f040    17c1 (0005f040)     _DcsmZ2Regs
0005f070    17c1 (0005f040)     _DcsmCommonRegs

0005f400    17d0 (0005f400)     _MemCfgRegs

0005f480    17d2 (0005f480)     _Emif1ConfigRegs
0005f4a0    17d2 (0005f480)     _Emif2ConfigRegs

0005f4c0    17d3 (0005f4c0)     _AccessProtectionRegs

0005f500    17d4 (0005f500)     _MemoryErrorRegs

0005f540    17d5 (0005f540)     _RomWaitStateRegs

0005f800    17e0 (0005f800)     _Flash0CtrlRegs

0005fb00    17ec (0005fb00)     _Flash0EccRegs

000a8000    2a00 (000a8000)     _PieVectTableInit

000a81c0    2a07 (000a81c0)     _OSUnMapTbl

000a8344    2a0d (000a8340)     _OSTaskStatStkSize
000a8345    2a0d (000a8340)     _OSTaskStatStkChkEn
000a8346    2a0d (000a8340)     _OSTaskNameEn
000a8347    2a0d (000a8340)     _OSTaskRegTblSize
000a8348    2a0d (000a8340)     _OSTCBPrioTblMax
000a8349    2a0d (000a8340)     _OSTaskStatEn
000a834a    2a0d (000a8340)     _OSTaskSwHookEn
000a834b    2a0d (000a8340)     _OSTaskCreateExtEn
000a834c    2a0d (000a8340)     _OSTaskDelEn
000a834d    2a0d (000a8340)     _OSStkWidth
000a834e    2a0d (000a8340)     _OSTaskProfileEn
000a834f    2a0d (000a8340)     _OSTaskMax
000a8350    2a0d (000a8340)     _OSTaskCreateEn
000a8351    2a0d (000a8340)     _OSTaskIdleStkSize
000a8352    2a0d (000a8340)     _OSTmrSize
000a8353    2a0d (000a8340)     _OSTmrTblSize
000a8354    2a0d (000a8340)     _OSTmrCfgWheelSize
000a8355    2a0d (000a8340)     _OSTmrWheelTblSize
000a8356    2a0d (000a8340)     _OSDataSize
000a8357    2a0d (000a8340)     _OSTmrCfgTicksPerSec
000a8358    2a0d (000a8340)     _OSTmrWheelSize
000a8359    2a0d (000a8340)     _OSTimeTickHookEn
000a835a    2a0d (000a8340)     _OSVersionNbr
000a835b    2a0d (000a8340)     _OSTCBSize
000a835c    2a0d (000a8340)     _OSTmrCfgMax
000a835d    2a0d (000a8340)     _OSTmrCfgNameEn
000a835e    2a0d (000a8340)     _OSTicksPerSec
000a835f    2a0d (000a8340)     _OSTmrEn
000a8360    2a0d (000a8340)     _OSFlagNodeSize
000a8361    2a0d (000a8340)     _OSFlagWidth
000a8362    2a0d (000a8340)     _OSFlagEn
000a8363    2a0d (000a8340)     _OSFlagNameEn
000a8364    2a0d (000a8340)     _OSLowestPrio
000a8365    2a0d (000a8340)     _OSFlagGrpSize
000a8366    2a0d (000a8340)     _OSFlagMax
000a8367    2a0d (000a8340)     _OSEventMax
000a8368    2a0d (000a8340)     _OSEventNameEn
000a8369    2a0d (000a8340)     _OSDebugEn
000a836a    2a0d (000a8340)     _OSEventTblSize
000a836b    2a0d (000a8340)     _OSEventMultiEn
000a836c    2a0d (000a8340)     _OSEventEn
000a836d    2a0d (000a8340)     _OSQEn
000a836e    2a0d (000a8340)     _OSQMax
000a836f    2a0d (000a8340)     _OSMutexEn
000a8370    2a0d (000a8340)     _OSRdyTblSize
000a8371    2a0d (000a8340)     _OSSemEn
000a8372    2a0d (000a8340)     _OSPtrSize
000a8373    2a0d (000a8340)     _OSQSize
000a8374    2a0d (000a8340)     _OSMemEn
000a8375    2a0d (000a8340)     _OSMemMax
000a8376    2a0d (000a8340)     _OSEventSize
000a8377    2a0d (000a8340)     _OSMemSize
000a8378    2a0d (000a8340)     _OSMemTblSize
000a8379    2a0d (000a8340)     _OSMboxEn
000a837a    2a0d (000a8340)     _OSMemNameEn
000a837c    2a0d (000a8340)     _OSEndiannessTest
000a837e    2a0d (000a8340)     _KalmanFilter_Unit

000a84ac    2a12 (000a8480)     _CPU_EndiannessTest


GLOBAL SYMBOLS: SORTED ALPHABETICALLY BY Name 

page  address   name                                  
----  -------   ----                                  
abs   ffffffff  .text                                 
0     0008ab2a  C$$EXIT                               
0     0008a44b  FD$$ADD                               
0     0008aad6  FD$$CMP                               
0     0008a717  FD$$MPY                               
0     0008adf0  FD$$SUB                               
0     0008ac11  FD$$TOFS                              
0     0008a68f  FS$$DIV                               
0     0008ad53  FS$$TOFD                              
0     0008ac78  I$$DIV                                
0     0008ac89  I$$MOD                                
0     0008ab00  L$$DIV                                
0     0008ab0f  L$$MOD                                
0     0008ad18  LL$$CMP                               
0     0008adb8  LL$$MPY                               
0     0008acba  LL$$TOFS                              
0     0008ae16  U$$DIV                                
0     0008ae1b  U$$MOD                                
0     0008ab1d  UL$$DIV                               
0     0008ab24  UL$$MOD                               
0     0008ad2a  ULL$$CMP                              
0     0008907e  _ABS                                  
0     00085202  _ADCA1_ISR                            
0     00085482  _ADCA2_ISR                            
0     0008548c  _ADCA3_ISR                            
0     00085496  _ADCA4_ISR                            
0     00085478  _ADCA_EVT_ISR                         
0     0008520c  _ADCB1_ISR                            
0     000854aa  _ADCB2_ISR                            
0     000854b4  _ADCB3_ISR                            
0     000854be  _ADCB4_ISR                            
0     000854a0  _ADCB_EVT_ISR                         
0     00085216  _ADCC1_ISR                            
0     00085612  _ADCC2_ISR                            
0     0008561c  _ADCC3_ISR                            
0     00085626  _ADCC4_ISR                            
0     00085608  _ADCC_EVT_ISR                         
0     00085234  _ADCD1_ISR                            
0     0008563a  _ADCD2_ISR                            
0     00085644  _ADCD3_ISR                            
0     0008564e  _ADCD4_ISR                            
0     00085630  _ADCD_EVT_ISR                         
0     00087451  _AHRS_HardWareinit                    
0     0008568a  _AUX_PLL_SLIP_ISR                     
1     0000f718  _Accel_Parameter                      
1     0005f4c0  _AccessProtectionRegs                 
0     0008a083  _AdcSetMode                           
1     00007400  _AdcaRegs                             
1     00000b00  _AdcaResultRegs                       
1     00007480  _AdcbRegs                             
1     00000b20  _AdcbResultRegs                       
1     00007500  _AdccRegs                             
1     00000b40  _AdccResultRegs                       
1     00007580  _AdcdRegs                             
1     00000b60  _AdcdResultRegs                       
1     0005d180  _AnalogSubsysRegs                     
1     0000ce40  _App_TaskAttitudeStk                  
1     0000d640  _App_TaskBatteryStk                   
1     0000c640  _App_TaskCombineStk                   
1     0000da40  _App_TaskDataToPCStk                  
1     0000cc40  _App_TaskIMUStk                       
1     0000d240  _App_TaskLEDStk                       
1     0000dc40  _App_TaskMS5611Stk                    
1     0000ca40  _App_TaskPositionStk                  
1     0000d840  _App_TaskProcessPCDataStk             
1     0000c840  _App_TaskProcessVisionDataStk         
1     0000d040  _App_TaskStartStk                     
1     0000d440  _App_TaskUltraStk                     
0     00083992  _Attitude_control                     
0     00086f79  _AuxAuxClkSel                         
0     00086f63  _AuxIntOsc2Sel                        
0     00086f6d  _AuxXtalOscSel                        
0     00088f6b  _Average_Filter                       
1     0000f800  _Baro_ALT_Updated                     
1     0000c340  _Barometer                            
0     000888a4  _C28x_BSP_ADC_Init                    
0     000886e7  _C28x_BSP_Epwm_Init                   
0     000888a9  _C28x_BSP_FLASH_Init                  
0     00088621  _C28x_BSP_Init                        
0     00088652  _C28x_BSP_Led_Init                    
0     00088725  _C28x_BSP_Scia_Init                   
0     00088758  _C28x_BSP_Scib_Init                   
0     000887c0  _C28x_BSP_Scic_Init                   
0     0008881c  _C28x_BSP_Scid_Init                   
0     00088667  _C28x_BSP_Spi_Init                    
0     00088636  _C28x_BSP_Tick_Init                   
0     00088846  _C28x_BSP_eCAP_Init                   
0     0008adcc  _C28x_CPU_Init                        
0     00085450  _CANA0_ISR                            
0     0008545a  _CANA1_ISR                            
0     00085464  _CANB0_ISR                            
0     0008546e  _CANB1_ISR                            
1     0000f7e4  _CH_State                             
0     000854c8  _CLA1_1_ISR                           
0     000854d2  _CLA1_2_ISR                           
0     000854dc  _CLA1_3_ISR                           
0     000854e6  _CLA1_4_ISR                           
0     000854f0  _CLA1_5_ISR                           
0     000854fa  _CLA1_6_ISR                           
0     00085504  _CLA1_7_ISR                           
0     0008550e  _CLA1_8_ISR                           
0     00085694  _CLA_OVERFLOW_ISR                     
0     0008569e  _CLA_UNDERFLOW_ISR                    
0     0008ad0a  _CPU_CntLeadZeros                     
0     000a84ac  _CPU_EndiannessTest                   
0     0008acf9  _CPU_IntDis                           
0     0008acfb  _CPU_IntEn                            
0     0008ad16  _CPU_RevBits                          
0     0008ad02  _CPU_SR_Restore                       
0     0008acfd  _CPU_SR_Save                          
0     0008a122  _CalAdcINL                            
0     00083c99  _Calculate_Thrust                     
0     00087c57  _Calibrate_Find_Delta                 
0     00087c2f  _Calibrate_Reset_Matrices             
0     00087d32  _Calibrate_Update_Matrices            
0     00087de6  _Calibrate_accel                      
1     00048000  _CanaRegs                             
1     0004a000  _CanbRegs                             
1     00001400  _Cla1Regs                             
0     00000ce0  _Cla1SoftIntRegs                      
1     0005d200  _ClkCfgRegs                           
1     00005c80  _Cmpss1Regs                           
1     00005ca0  _Cmpss2Regs                           
1     00005cc0  _Cmpss3Regs                           
1     00005ce0  _Cmpss4Regs                           
1     00005d00  _Cmpss5Regs                           
1     00005d20  _Cmpss6Regs                           
1     00005d40  _Cmpss7Regs                           
1     00005d60  _Cmpss8Regs                           
0     00083fc5  _ConfigCpuTimer                       
0     00088861  _ConfigureADC                         
1     0000c200  _Control_Info                         
1     0005d300  _CpuSysRegs                           
1     0000f6f0  _CpuTimer0                            
1     00000c00  _CpuTimer0Regs                        
1     0000f6e0  _CpuTimer1                            
1     00000c08  _CpuTimer1Regs                        
1     0000f6e8  _CpuTimer2                            
1     00000c10  _CpuTimer2Regs                        
0     00086f1e  _CsmUnlock                            
0     00085162  _DATALOG_ISR                          
0     0008539c  _DMA_CH1_ISR                          
0     000853a6  _DMA_CH2_ISR                          
0     000853b0  _DMA_CH3_ISR                          
0     000853ba  _DMA_CH4_ISR                          
0     000853c4  _DMA_CH5_ISR                          
0     000853ce  _DMA_CH6_ISR                          
1     00005c00  _DacaRegs                             
1     00005c10  _DacbRegs                             
1     00005c20  _DaccRegs                             
1     0005f070  _DcsmCommonRegs                       
1     0005f000  _DcsmZ1Regs                           
1     0005f040  _DcsmZ2Regs                           
1     0005d000  _DevCfgRegs                           
0     000894cb  _DipSeparation_PID_Control            
0     00086c3a  _DisableDog                           
0     00086bfb  _DisablePeripheralClocks              
1     00007980  _DmaClaSrcSelRegs                     
1     00001000  _DmaRegs                              
0     000852f2  _ECAP1_ISR                            
0     000852fc  _ECAP2_ISR                            
0     00085306  _ECAP3_ISR                            
0     00085310  _ECAP4_ISR                            
0     0008531a  _ECAP5_ISR                            
0     00085324  _ECAP6_ISR                            
1     00005000  _ECap1Regs                            
1     00005020  _ECap2Regs                            
1     00005040  _ECap3Regs                            
1     00005060  _ECap4Regs                            
1     00005080  _ECap5Regs                            
1     000050a0  _ECap6Regs                            
0     00085658  _EMIF_ERROR_ISR                       
0     000856b2  _EMPTY_ISR                            
0     0008516c  _EMU_ISR                              
0     000855ae  _EPWM10_ISR                           
0     00085586  _EPWM10_TZ_ISR                        
0     000855b8  _EPWM11_ISR                           
0     00085590  _EPWM11_TZ_ISR                        
0     000855c2  _EPWM12_ISR                           
0     0008559a  _EPWM12_TZ_ISR                        
0     000852a2  _EPWM1_ISR                            
0     00085252  _EPWM1_TZ_ISR                         
0     000852ac  _EPWM2_ISR                            
0     0008525c  _EPWM2_TZ_ISR                         
0     000852b6  _EPWM3_ISR                            
0     00085266  _EPWM3_TZ_ISR                         
0     000852c0  _EPWM4_ISR                            
0     00085270  _EPWM4_TZ_ISR                         
0     000852ca  _EPWM5_ISR                            
0     0008527a  _EPWM5_TZ_ISR                         
0     000852d4  _EPWM6_ISR                            
0     00085284  _EPWM6_TZ_ISR                         
0     000852de  _EPWM7_ISR                            
0     0008528e  _EPWM7_TZ_ISR                         
0     000852e8  _EPWM8_ISR                            
0     00085298  _EPWM8_TZ_ISR                         
0     000855a4  _EPWM9_ISR                            
0     0008557c  _EPWM9_TZ_ISR                         
1     00004900  _EPwm10Regs                           
1     00004a00  _EPwm11Regs                           
1     00004b00  _EPwm12Regs                           
1     00004000  _EPwm1Regs                            
1     00004100  _EPwm2Regs                            
1     00004200  _EPwm3Regs                            
1     00004300  _EPwm4Regs                            
1     00004400  _EPwm5Regs                            
1     00004500  _EPwm6Regs                            
1     00004600  _EPwm7Regs                            
1     00004700  _EPwm8Regs                            
1     00004800  _EPwm9Regs                            
1     00007a00  _EPwmXbarRegs                         
0     0008532e  _EQEP1_ISR                            
0     00085338  _EQEP2_ISR                            
0     00085342  _EQEP3_ISR                            
1     00005100  _EQep1Regs                            
1     00005140  _EQep2Regs                            
1     00005180  _EQep3Regs                            
[...]
0     0008abed  _copy_in                              
0     0008ac11  FD$$TOFS                              
0     0008ac34  _Fapi_isAddressEcc                    
0     0008ac56  __Fapi_setupSectorsForWrite           
0     0008ac78  I$$DIV                                
0     0008ac89  I$$MOD                                
0     0008ac9a  _Fapi_issueAsyncCommandWithAddress    
0     0008acba  LL$$TOFS                              
0     0008acda  _Get_Battery                          
0     0008acf9  _CPU_IntDis                           
0     0008acfb  _CPU_IntEn                            
0     0008acfd  _CPU_SR_Save                          
0     0008ad02  _CPU_SR_Restore                       
0     0008ad0a  _CPU_CntLeadZeros                     
0     0008ad16  _CPU_RevBits                          
0     0008ad18  LL$$CMP                               
0     0008ad2a  ULL$$CMP                              
0     0008ad36  _memcpy                               
0     0008ad53  FS$$TOFD                              
0     0008ad6f  _Fapi_waitDelay                       
0     0008ad89  __args_main                           
0     0008ada2  _Fapi_flushPipeline                   
0     0008adb8  LL$$MPY                               
0     0008adcc  _C28x_CPU_Init                        
0     0008adde  _copysign                             
0     0008adde  _copysignf                            
0     0008adf0  FD$$SUB                               
0     0008adfe  __Fapi_scaleCycleValues               
0     0008ae0b  __Fapi_calculateOtpChecksum           
0     0008ae16  U$$DIV                                
0     0008ae1b  U$$MOD                                
0     0008ae21  _RequireUS100data                     
0     0008ae2b  _Fapi_checkFsmForReady                
0     0008ae35  __register_unlock                     
0     0008ae39  __register_lock                       
0     0008ae3d  __nop                                 
0     0008ae3e  __system_pre_init                     
0     000a8000  _PieVectTableInit                     
0     000a81c0  _OSUnMapTbl                           
0     000a8344  _OSTaskStatStkSize                    
0     000a8345  _OSTaskStatStkChkEn                   
0     000a8346  _OSTaskNameEn                         
0     000a8347  _OSTaskRegTblSize                     
0     000a8348  _OSTCBPrioTblMax                      
0     000a8349  _OSTaskStatEn                         
0     000a834a  _OSTaskSwHookEn                       
0     000a834b  _OSTaskCreateExtEn                    
0     000a834c  _OSTaskDelEn                          
0     000a834d  _OSStkWidth                           
0     000a834e  _OSTaskProfileEn                      
0     000a834f  _OSTaskMax                            
0     000a8350  _OSTaskCreateEn                       
0     000a8351  _OSTaskIdleStkSize                    
0     000a8352  _OSTmrSize                            
0     000a8353  _OSTmrTblSize                         
0     000a8354  _OSTmrCfgWheelSize                    
0     000a8355  _OSTmrWheelTblSize                    
0     000a8356  _OSDataSize                           
0     000a8357  _OSTmrCfgTicksPerSec                  
0     000a8358  _OSTmrWheelSize                       
0     000a8359  _OSTimeTickHookEn                     
0     000a835a  _OSVersionNbr                         
0     000a835b  _OSTCBSize                            
0     000a835c  _OSTmrCfgMax                          
0     000a835d  _OSTmrCfgNameEn                       
0     000a835e  _OSTicksPerSec                        
0     000a835f  _OSTmrEn                              
0     000a8360  _OSFlagNodeSize                       
0     000a8361  _OSFlagWidth                          
0     000a8362  _OSFlagEn                             
0     000a8363  _OSFlagNameEn                         
0     000a8364  _OSLowestPrio                         
0     000a8365  _OSFlagGrpSize                        
0     000a8366  _OSFlagMax                            
0     000a8367  _OSEventMax                           
0     000a8368  _OSEventNameEn                        
0     000a8369  _OSDebugEn                            
0     000a836a  _OSEventTblSize                       
0     000a836b  _OSEventMultiEn                       
0     000a836c  _OSEventEn                            
0     000a836d  _OSQEn                                
0     000a836e  _OSQMax                               
0     000a836f  _OSMutexEn                            
0     000a8370  _OSRdyTblSize                         
0     000a8371  _OSSemEn                              
0     000a8372  _OSPtrSize                            
0     000a8373  _OSQSize                              
0     000a8374  _OSMemEn                              
0     000a8375  _OSMemMax                             
0     000a8376  _OSEventSize                          
0     000a8377  _OSMemSize                            
0     000a8378  _OSMemTblSize                         
0     000a8379  _OSMboxEn                             
0     000a837a  _OSMemNameEn                          
0     000a837c  _OSEndiannessTest                     
0     000a837e  _KalmanFilter_Unit                    
0     000a84ac  _CPU_EndiannessTest                   
1     00000400  __stack                               
1     00000800  __STACK_END                           
1     00000b00  _AdcaResultRegs                       
1     00000b20  _AdcbResultRegs                       
1     00000b40  _AdccResultRegs                       
1     00000b60  _AdcdResultRegs                       
1     00000c00  _CpuTimer0Regs                        
1     00000c08  _CpuTimer1Regs                        
1     00000c10  _CpuTimer2Regs                        
1     00000ce0  _PieCtrlRegs                          
1     00000d00  _EmuBMode                             
1     00000d00  _PieVectTable                         
1     00000d01  _EmuBootPins                          
1     00001000  _DmaRegs                              
1     00001400  _Cla1Regs                             
1     00004000  _EPwm1Regs                            
1     00004100  _EPwm2Regs                            
1     00004200  _EPwm3Regs                            
1     00004300  _EPwm4Regs                            
1     00004400  _EPwm5Regs                            
1     00004500  _EPwm6Regs                            
1     00004600  _EPwm7Regs                            
1     00004700  _EPwm8Regs                            
1     00004800  _EPwm9Regs                            
1     00004900  _EPwm10Regs                           
1     00004a00  _EPwm11Regs                           
1     00004b00  _EPwm12Regs                           
1     00005000  _ECap1Regs                            
1     00005020  _ECap2Regs                            
1     00005040  _ECap3Regs                            
1     00005060  _ECap4Regs                            
1     00005080  _ECap5Regs                            
1     000050a0  _ECap6Regs                            
1     00005100  _EQep1Regs                            
1     00005140  _EQep2Regs                            
1     00005180  _EQep3Regs                            
1     00005c00  _DacaRegs                             
1     00005c10  _DacbRegs                             
1     00005c20  _DaccRegs                             
1     00005c80  _Cmpss1Regs                           
1     00005ca0  _Cmpss2Regs                           
1     00005cc0  _Cmpss3Regs                           
1     00005ce0  _Cmpss4Regs                           
1     00005d00  _Cmpss5Regs                           
1     00005d20  _Cmpss6Regs                           
1     00005d40  _Cmpss7Regs                           
1     00005d60  _Cmpss8Regs                           
1     00005e00  _Sdfm1Regs                            
1     00005e80  _Sdfm2Regs                            
1     00006000  _McbspaRegs                           
1     00006040  _McbspbRegs                           
1     00006100  _SpiaRegs                             
1     00006110  _SpibRegs                             
1     00006120  _SpicRegs                             
1     00006200  _UppRegs                              
1     00007000  _WdRegs                               
1     00007060  _NmiIntruptRegs                       
1     00007070  _XintRegs                             
1     00007200  _SciaRegs                             
1     00007210  _ScibRegs                             
1     00007220  _ScicRegs                             
1     00007230  _ScidRegs                             
1     00007300  _I2caRegs                             
1     00007340  _I2cbRegs                             
1     00007400  _AdcaRegs                             
1     00007480  _AdcbRegs                             
1     00007500  _AdccRegs                             
1     00007580  _AdcdRegs                             
1     00007900  _InputXbarRegs                        
1     00007920  _XbarRegs                             
1     00007940  _SyncSocRegs                          
1     00007980  _DmaClaSrcSelRegs                     
1     00007a00  _EPwmXbarRegs                         
1     00007a80  _OutputXbarRegs                       
1     00007c00  _GpioCtrlRegs                         
1     00007f00  _GpioDataRegs                         
1     0000c000  _Fly_Mode                             
1     0000c001  _ReciveUltrasonic                     
1     0000c004  _Errangle_Info                        
1     0000c008  _Throttle_Info                        
1     0000c00c  _FlightControl                        
1     0000c012  _RockerControl                        
1     0000c01a  _UAVThrust                            
1     0000c024  _Flight_Remote_Control                
1     0000c02f  _RecivePCData                         
1     0000c040  _ProcessPCData_proc                   
1     0000c050  _ReciveReserveData                    
1     0000c060  _ReciveVisionData                     
1     0000c070  _ProcessUltrasonic_proc               
1     0000c080  _ProcessVisionData_proc               
1     0000c090  _OriginalPosZ                         
1     0000c0a0  _OriginalPosY                         
1     0000c0b0  _OriginalRollRate                     
1     0000c0c0  _OriginalPitchRate                    
1     0000c0d0  _OriginalRoll                         
1     0000c0e0  _OriginalPitch                        
1     0000c0f0  _OriginalPosX                         
1     0000c100  _OriginalYaw                          
1     0000c110  _OriginalFlowY                        
1     0000c120  _OriginalFlowX                        
1     0000c130  _OriginalFlowVelY                     
1     0000c140  _OriginalFlowVelX                     
1     0000c150  _OriginalVelX                         
1     0000c160  _OriginalYawRate                      
1     0000c170  _OriginalVelZ                         
1     0000c180  _OriginalVelY                         
1     0000c190  _OriginalAccZ                         
1     0000c1a0  _OffsetData                           
1     0000c1c0  _Sensor_Info                          
1     0000c1d8  _Target_Info                          
1     0000c200  _Control_Info                         
1     0000c240  _YAxis                                
1     0000c2c0  _XAxis                                
1     0000c340  _Barometer                            
1     0000c3c0  _ZAxis                                
1     0000c440  _RT_Info                              
1     0000c4c0  _PID_ParaInfo                         
1     0000c640  _App_TaskCombineStk                   
1     0000c840  _App_TaskProcessVisionDataStk         
1     0000ca40  _App_TaskPositionStk                  
1     0000cc40  _App_TaskIMUStk                       
1     0000ce40  _App_TaskAttitudeStk                  
1     0000d040  _App_TaskStartStk                     
1     0000d240  _App_TaskLEDStk                       
1     0000d440  _App_TaskUltraStk                     
1     0000d640  _App_TaskBatteryStk                   
1     0000d840  _App_TaskProcessPCDataStk             
1     0000da40  _App_TaskDataToPCStk                  
1     0000dc40  _App_TaskMS5611Stk                    
1     0000de40  _Mem_SegHeadPtr                       
1     0000de42  _Mem_SegHeap                          
1     0000de80  _Mem_Heap                             
1     0000ee80  _OSTaskCtr                            
1     0000ee81  _OSTaskRegNextAvailID                 
1     0000ee82  _OSTickStepState                      
1     0000ee83  _OSRunning                            
1     0000ee84  _OSCPUUsage                           
1     0000ee85  _OSPrioCur                            
1     0000ee86  _OSLockNesting                        
1     0000ee87  _OSRdyGrp                             
1     0000ee88  _OSStatRdy                            
1     0000ee89  _OSPrioHighRdy                        
1     0000ee8a  _OSIntNesting                         
1     0000ee8c  _OSTime                               
1     0000ee8e  _OSIdleCtr                            
1     0000ee90  _OSIdleCtrRun                         
1     0000ee92  _OSTCBFreeList                        
1     0000ee94  _OSTCBCur                             
1     0000ee96  _OSEventFreeList                      
1     0000ee98  _OSCtxSwCtr                           
1     0000ee9a  _OSIdleCtrMax                         
1     0000ee9c  _OSMemFreeList                        
1     0000ee9e  _OSQFreeList                          
1     0000eea0  _OSTCBList                            
1     0000eea2  _OSFlagFreeList                       
1     0000eea4  _OSTCBHighRdy                         
1     0000eea6  _OSRdyTbl                             
1     0000eec0  _OSFlagTbl                            
1     0000ef00  _OSQTbl                               
1     0000ef40  _OSMemTbl                             
1     0000ef80  _OSTCBPrioTbl                         
1     0000f000  _OSEventTbl                           
1     0000f0c0  _OSTaskIdleStk                        
1     0000f1c0  _OSTaskStatStk                        
1     0000f2c0  _OSTCBTbl                             
1     0000f6e0  _CpuTimer1                            
1     0000f6e8  _CpuTimer2                            
1     0000f6f0  _CpuTimer0                            
1     0000f6f8  ___TI_enable_exit_profile_output      
1     0000f6fa  ___TI_cleanup_ptr                     
1     0000f6fc  ___TI_dtors_ptr                       
1     0000f6fe  __lock                                
1     0000f700  _Flow_Parameter                       
1     0000f70c  _Gyro_Parameter                       
1     0000f718  _Accel_Parameter                      
1     0000f740  _gyro_filter_buf                      
1     0000f780  _flow_filter_buf                      
1     0000f7c0  _accel_filter_buf                     
1     0000f7e4  _CH_State                             
1     0000f7e6  _Receive_PPM_In                       
1     0000f7fe  _FloatToHex                           
1     0000f800  _Baro_ALT_Updated                     
1     0000f801  _paOffsetInited                       
1     0000f803  _paInitCnt                            
1     0000f806  _MS5611_Altitude                      
1     0000f80a  _MS5611_Pressure                      
1     0000f810  _MS5611_Temperature                   
1     0000f812  _MS5611_VerticalSpeed                 
1     0000f814  _paOffsetNum                          
1     0000f81c  _MS5611_DELAY_US                      
1     0000f8a8  _q3                                   
1     0000f8aa  _q2                                   
1     0000f8ac  _integralFBx                          
1     0000f8ae  _integralFBz                          
1     0000f8b0  _integralFBy                          
1     0000f8b2  _twoKp                                
1     0000f8b4  _twoKi                                
1     0000f8b6  _q1                                   
1     0000f8b8  _q0                                   
1     0000f8be  __unlock                              
1     0000f8c0  _flashData                            
1     0000f95e  _Fapi_GlobalInit                      
1     0000f96a  _Math_RandSeedCur                     
1     0000f96c  _errno                                
1     0000fa80  _MPU6500_FIFO                         
1     0000fb00  _Mag_maxx                             
1     0000fb01  _Mag_maxy                             
1     0000fb02  _Mag_Offset_Z                         
1     0000fb03  _Mag_maxz                             
1     0000fb04  _Mag_Offset_Y                         
1     0000fb05  _Mag_calib                            
1     0000fb06  _Mag_miny                             
1     0000fb07  _Mag_minz                             
1     0000fb08  _lastMz                               
1     0000fb09  _lastMy                               
1     0000fb0a  _Wr_IndexAcc                          
1     0000fb0b  _Mag_minx                             
1     0000fb0c  _Mag_Offset_X                         
1     0000fb0d  _lastMx                               
1     0000fb0e  _Wr_IndexMag                          
1     0000fb10  _Mag_Scale_X                          
1     0000fb12  _Mag_Scale_Y                          
1     0000fb14  _Mag_Scale_Z                          
1     0000fb40  _LSM303_FIFO                          
1     0000fb9c  _RDrone_R                             
1     0000fbc0  _HexToFloat                           
1     0000fbce  _new_offset                           
1     0000fbd4  _new_scales                           
1     0000fbda  _acce_sample                          
1     00047000  _Emif1Regs                            
1     00047800  _Emif2Regs                            
1     00048000  _CanaRegs                             
1     0004a000  _CanbRegs                             
1     00050000  _IpcRegs                              
1     00050024  _FlashPumpSemaphoreRegs               
1     0005d000  _DevCfgRegs                           
1     0005d180  _AnalogSubsysRegs                     
1     0005d200  _ClkCfgRegs                           
1     0005d300  _CpuSysRegs                           
1     0005e608  _RomPrefetchRegs                      
1     0005f000  _DcsmZ1Regs                           
1     0005f040  _DcsmZ2Regs                           
1     0005f070  _DcsmCommonRegs                       
1     0005f400  _MemCfgRegs                           
1     0005f480  _Emif1ConfigRegs                      
1     0005f4a0  _Emif2ConfigRegs                      
1     0005f4c0  _AccessProtectionRegs                 
1     0005f500  _MemoryErrorRegs                      
1     0005f540  _RomWaitStateRegs                     
1     0005f800  _Flash0CtrlRegs                       
1     0005fb00  _Flash0EccRegs                        
abs   0000018b  _RamfuncsLoadSize                     
abs   0000018b  _RamfuncsRunSize                      
abs   00000400  __STACK_SIZE                          
abs   ffffffff  .text                                 
abs   ffffffff  ___TI_pprof_out_hndl                  
abs   ffffffff  ___TI_prof_data_size                  
abs   ffffffff  ___TI_prof_data_start                 
abs   ffffffff  ___binit__                            
abs   ffffffff  ___c_args__                           
abs   ffffffff  ___etext__                            
abs   ffffffff  ___pinit__                            
abs   ffffffff  ___text__                             
abs   ffffffff  binit                                 
abs   ffffffff  etext                                 
abs   ffffffff  pinit                                 

[854 symbols]
